Component: ARM Compiler 5.05 update 1 (build 106) Tool: armlink [4d0efa]

==============================================================================

Section Cross References

    main.o(i.main) refers to bsp_led.o(i.BSP_LED_Init) for BSP_LED_Init
    main.o(i.main) refers to bsp_timer4.o(i.BSP_Timer4_Init) for BSP_Timer4_Init
    main.o(i.main) refers to bsp_usart.o(i.BSP_USART1_Init) for BSP_USART1_Init
    main.o(i.main) refers to ahrs_mpu6050.o(i.AHRS_MPU6050_Init) for AHRS_MPU6050_Init
    main.o(i.main) refers to ahrs_hmc5883l.o(i.AHRS_HMC5883L_Init) for AHRS_HMC5883L_Init
    main.o(i.main) refers to ahrs_imu.o(i.AHRS_IMU_Init) for AHRS_IMU_Init
    main.o(i.main) refers to ahrs_mpu6050.o(i.AHRS_MPU6050_GetFilterData) for AHRS_MPU6050_GetFilterData
    main.o(i.main) refers to ahrs_hmc5883l.o(i.AHRS_HMC5883L_GetFilterData) for AHRS_HMC5883L_GetFilterData
    main.o(i.main) refers to ahrs_imu.o(i.AHRS_IMU_Get_Angle) for AHRS_IMU_Get_Angle
    main.o(i.main) refers to bsp_usart.o(i.DMA_Update_UploadData) for DMA_Update_UploadData
    main.o(i.main) refers to frleqf.o(x$fpl$frleqf) for __aeabi_cfrcmple
    main.o(i.main) refers to bsp_led.o(i.BSP_LED1_ON) for BSP_LED1_ON
    main.o(i.main) refers to bsp_led.o(i.BSP_LED1_OFF) for BSP_LED1_OFF
    main.o(i.main) refers to bsp_led.o(i.BSP_LED2_ON) for BSP_LED2_ON
    main.o(i.main) refers to bsp_led.o(i.BSP_LED2_OFF) for BSP_LED2_OFF
    main.o(i.main) refers to bsp_led.o(i.BSP_LED3_ON) for BSP_LED3_ON
    main.o(i.main) refers to bsp_led.o(i.BSP_LED3_OFF) for BSP_LED3_OFF
    main.o(i.main) refers to ahrs_imu.o(.data) for AHRS_IMU_Roll
    main.o(i.main) refers to main.o(.data) for countpertime
    irq.o(i.SysTick_Handler) refers to os_core.o(i.OSIntEnter) for OSIntEnter
    irq.o(i.SysTick_Handler) refers to os_time.o(i.OSTimeTick) for OSTimeTick
    irq.o(i.SysTick_Handler) refers to os_core.o(i.OSIntExit) for OSIntExit
    irq.o(i.TIM3_IRQHandler) refers to stm32f10x_tim.o(i.TIM_GetITStatus) for TIM_GetITStatus
    irq.o(i.TIM3_IRQHandler) refers to fflt_clz.o(x$fpl$ffltu) for __aeabi_ui2f
    irq.o(i.TIM3_IRQHandler) refers to feqf.o(x$fpl$feqf) for __aeabi_cfcmpeq
    irq.o(i.TIM3_IRQHandler) refers to stm32f10x_tim.o(i.TIM_ClearITPendingBit) for TIM_ClearITPendingBit
    irq.o(i.TIM3_IRQHandler) refers to main.o(.data) for countpertime
    irq.o(i.TIM3_IRQHandler) refers to ahrs_imu.o(.data) for sampleFreq
    irq.o(i.USART1_IRQHandler) refers to stm32f10x_usart.o(i.USART_GetITStatus) for USART_GetITStatus
    irq.o(i.USART1_IRQHandler) refers to stm32f10x_usart.o(i.USART_ReceiveData) for USART_ReceiveData
    irq.o(i.USART1_IRQHandler) refers to bsp_usart.o(i.cal_CRC) for cal_CRC
    irq.o(i.USART1_IRQHandler) refers to stm32f10x_usart.o(i.USART_ClearITPendingBit) for USART_ClearITPendingBit
    irq.o(i.USART1_IRQHandler) refers to irq.o(.data) for head1
    irq.o(i.USART1_IRQHandler) refers to ahrs_imu.o(.data) for IMU_Mode
    irq.o(i.USART1_IRQHandler) refers to ahrs_hmc5883l.o(.data) for AHRS_HMC5883L_MAG_Calibrate
    app.o(i.Task_Start) refers to os_task.o(i.OSTaskCreate) for OSTaskCreate
    app.o(i.Task_Start) refers to os_task.o(i.OSTaskDel) for OSTaskDel
    app.o(i.Task_Start) refers to app.o(.bss) for LED1_Stk
    app.o(i.Task_Start) refers to app_led.o(i.Task_LED1) for Task_LED1
    app.o(i.Task_Start) refers to app_led.o(i.Task_LED2) for Task_LED2
    app.o(i.Task_Start) refers to app_led.o(i.Task_LED3) for Task_LED3
    app.o(i.Task_Start) refers to app_ahrs.o(i.Task_AHRS) for Task_AHRS
    app.o(i.Task_Start) refers to main.o(.bss) for StartUp_TCB
    app_led.o(i.Task_LED1) refers to bsp_led.o(i.BSP_LED1_Toggle) for BSP_LED1_Toggle
    app_led.o(i.Task_LED1) refers to os_time.o(i.OSTimeDlyHMSM) for OSTimeDlyHMSM
    app_led.o(i.Task_LED2) refers to bsp_led.o(i.BSP_LED2_Toggle) for BSP_LED2_Toggle
    app_led.o(i.Task_LED2) refers to os_time.o(i.OSTimeDlyHMSM) for OSTimeDlyHMSM
    app_led.o(i.Task_LED3) refers to bsp_led.o(i.BSP_LED3_Toggle) for BSP_LED3_Toggle
    app_led.o(i.Task_LED3) refers to os_time.o(i.OSTimeDlyHMSM) for OSTimeDlyHMSM
    app_ahrs.o(i.Task_AHRS) refers to bsp_timer4.o(i.BSP_Timer4_Init) for BSP_Timer4_Init
    app_ahrs.o(i.Task_AHRS) refers to bsp_usart.o(i.BSP_USART1_Init) for BSP_USART1_Init
    app_ahrs.o(i.Task_AHRS) refers to ahrs_mpu6050.o(i.AHRS_MPU6050_Init) for AHRS_MPU6050_Init
    app_ahrs.o(i.Task_AHRS) refers to ahrs_hmc5883l.o(i.AHRS_HMC5883L_Init) for AHRS_HMC5883L_Init
    app_ahrs.o(i.Task_AHRS) refers to ahrs_imu.o(i.AHRS_IMU_Init) for AHRS_IMU_Init
    app_ahrs.o(i.Task_AHRS) refers to ahrs_mpu6050.o(i.AHRS_MPU6050_GetFilterData) for AHRS_MPU6050_GetFilterData
    app_ahrs.o(i.Task_AHRS) refers to ahrs_hmc5883l.o(i.AHRS_HMC5883L_GetFilterData) for AHRS_HMC5883L_GetFilterData
    app_ahrs.o(i.Task_AHRS) refers to ahrs_imu.o(i.AHRS_IMU_Get_Angle) for AHRS_IMU_Get_Angle
[...]
    i.USART_GetITStatus                      0x08005054   Section        0  stm32f10x_usart.o(i.USART_GetITStatus)
    i.USART_ITConfig                         0x080050a8   Section        0  stm32f10x_usart.o(i.USART_ITConfig)
    i.USART_Init                             0x080050f4   Section        0  stm32f10x_usart.o(i.USART_Init)
    i.USART_ReceiveData                      0x080051cc   Section        0  stm32f10x_usart.o(i.USART_ReceiveData)
    i.__ARM_fpclassify                       0x080051d6   Section        0  fpclassify.o(i.__ARM_fpclassify)
    i.__kernel_poly                          0x080051fe   Section        0  poly.o(i.__kernel_poly)
    i.__mathlib_dbl_infnan                   0x080052a8   Section        0  dunder.o(i.__mathlib_dbl_infnan)
    i.__mathlib_dbl_infnan2                  0x080052ae   Section        0  dunder.o(i.__mathlib_dbl_infnan2)
    i.__mathlib_dbl_invalid                  0x080052b2   Section        0  dunder.o(i.__mathlib_dbl_invalid)
    i.__mathlib_dbl_underflow                0x080052c0   Section        0  dunder.o(i.__mathlib_dbl_underflow)
    i.asin                                   0x080052d0   Section        0  asin.o(i.asin)
    i.atan                                   0x08005540   Section        0  atan.o(i.atan)
    i.atan2                                  0x08005760   Section        0  atan2.o(i.atan2)
    i.cal_CRC                                0x080058e0   Section        0  bsp_usart.o(i.cal_CRC)
    i.i2c_delayus                            0x0800595c   Section        0  bsp_i2c1_soft.o(i.i2c_delayus)
    i.invSqrt                                0x08005974   Section        0  ahrs_imu.o(i.invSqrt)
    i.main                                   0x080059c0   Section        0  main.o(i.main)
    i.micros                                 0x08005a48   Section        0  bsp_timer4.o(i.micros)
    i.sqrt                                   0x08005a60   Section        0  sqrt.o(i.sqrt)
    x$fpl$d2f                                0x08005aac   Section       98  d2f.o(x$fpl$d2f)
    x$fpl$dadd                               0x08005b10   Section      336  daddsub_clz.o(x$fpl$dadd)
    _dadd1                                   0x08005b21   Thumb Code     0  daddsub_clz.o(x$fpl$dadd)
    x$fpl$dcheck1                            0x08005c60   Section       16  dcheck1.o(x$fpl$dcheck1)
    x$fpl$ddiv                               0x08005c70   Section      688  ddiv.o(x$fpl$ddiv)
    ddiv_entry                               0x08005c77   Thumb Code     0  ddiv.o(x$fpl$ddiv)
    x$fpl$dmul                               0x08005f20   Section      340  dmul.o(x$fpl$dmul)
    x$fpl$dnaninf                            0x08006074   Section      156  dnaninf.o(x$fpl$dnaninf)
    x$fpl$dretinf                            0x08006110   Section       12  dretinf.o(x$fpl$dretinf)
    x$fpl$drsb                               0x0800611c   Section       22  daddsub_clz.o(x$fpl$drsb)
    x$fpl$dsqrt                              0x08006134   Section      460  dsqrt_noumaal.o(x$fpl$dsqrt)
    x$fpl$dsub                               0x08006300   Section      468  daddsub_clz.o(x$fpl$dsub)
    _dsub1                                   0x08006311   Thumb Code     0  daddsub_clz.o(x$fpl$dsub)
    x$fpl$f2d                                0x080064d4   Section       86  f2d.o(x$fpl$f2d)
    x$fpl$fadd                               0x0800652c   Section      196  faddsub_clz.o(x$fpl$fadd)
    _fadd1                                   0x0800653b   Thumb Code     0  faddsub_clz.o(x$fpl$fadd)
    x$fpl$fcmpinf                            0x080065f0   Section       24  fcmpi.o(x$fpl$fcmpinf)
    x$fpl$fdiv                               0x08006608   Section      388  fdiv.o(x$fpl$fdiv)
    _fdiv1                                   0x08006609   Thumb Code     0  fdiv.o(x$fpl$fdiv)
    x$fpl$feqf                               0x0800678c   Section      104  feqf.o(x$fpl$feqf)
    x$fpl$ffixu                              0x080067f4   Section       62  ffixu.o(x$fpl$ffixu)
    x$fpl$fflt                               0x08006834   Section       48  fflt_clz.o(x$fpl$fflt)
    x$fpl$ffltu                              0x08006864   Section       38  fflt_clz.o(x$fpl$ffltu)
    x$fpl$fleqf                              0x0800688c   Section      104  fleqf.o(x$fpl$fleqf)
    x$fpl$fmul                               0x080068f4   Section      258  fmul.o(x$fpl$fmul)
    x$fpl$fnaninf                            0x080069f6   Section      140  fnaninf.o(x$fpl$fnaninf)
    x$fpl$fretinf                            0x08006a82   Section       10  fretinf.o(x$fpl$fretinf)
    x$fpl$frleqf                             0x08006a8c   Section       98  frleqf.o(x$fpl$frleqf)
    x$fpl$frsb                               0x08006aee   Section       20  faddsub_clz.o(x$fpl$frsb)
    x$fpl$fsub                               0x08006b04   Section      234  faddsub_clz.o(x$fpl$fsub)
    _fsub1                                   0x08006b13   Thumb Code     0  faddsub_clz.o(x$fpl$fsub)
    x$fpl$retnan                             0x08006bee   Section      100  retnan.o(x$fpl$retnan)
    x$fpl$scalbn                             0x08006c52   Section       92  scalbn.o(x$fpl$scalbn)
    x$fpl$trapveneer                         0x08006cae   Section       48  trapv.o(x$fpl$trapveneer)
    x$fpl$usenofp                            0x08006cde   Section        0  usenofp.o(x$fpl$usenofp)
    .constdata                               0x08006ce0   Section       12  ahrs_mpu6050.o(.constdata)
    .constdata                               0x08006cec   Section        6  ahrs_hmc5883l.o(.constdata)
    .constdata                               0x08006cf4   Section      164  os_cfg_app.o(.constdata)
    .constdata                               0x08006d98   Section       80  asin.o(.constdata)
    pS                                       0x08006d98   Data          48  asin.o(.constdata)
    qS                                       0x08006dc8   Data          32  asin.o(.constdata)
    .constdata                               0x08006de8   Section      152  atan.o(.constdata)
    atanhi                                   0x08006de8   Data          32  atan.o(.constdata)
    atanlo                                   0x08006e08   Data          32  atan.o(.constdata)
    aTodd                                    0x08006e28   Data          40  atan.o(.constdata)
    aTeven                                   0x08006e50   Data          48  atan.o(.constdata)
    .constdata                               0x08006e80   Section        8  qnan.o(.constdata)
    .data                                    0x20000000   Section       40  main.o(.data)
    .data                                    0x20000028   Section       10  irq.o(.data)
    head1                                    0x2000002f   Data           1  irq.o(.data)
    head2                                    0x20000030   Data           1  irq.o(.data)
    func                                     0x20000031   Data           1  irq.o(.data)
    .data                                    0x20000034   Section       36  bsp_usart.o(.data)
    .data                                    0x20000058   Section       22  bsp_flash.o(.data)
    .data                                    0x2000006e   Section       35  ahrs_mpu6050.o(.data)
    .data                                    0x20000094   Section       59  ahrs_hmc5883l.o(.data)
    .data                                    0x200000d0   Section      132  ahrs_imu.o(.data)
    .data                                    0x20000154   Section        4  os_cpu_c.o(.data)
    .data                                    0x20000158   Section      108  os_var.o(.data)
    .data                                    0x200001c4   Section        4  os_prio.o(.data)
    .data                                    0x200001c8   Section       20  stm32f10x_rcc.o(.data)
    APBAHBPrescTable                         0x200001c8   Data          16  stm32f10x_rcc.o(.data)
    ADCPrescTable                            0x200001d8   Data           4  stm32f10x_rcc.o(.data)
    .bss                                     0x200001dc   Section      152  bsp_usart.o(.bss)
    .bss                                     0x20000274   Section      140  ahrs_mpu6050.o(.bss)
    .bss                                     0x20000300   Section       60  ahrs_hmc5883l.o(.bss)
    .bss                                     0x2000033c   Section       16  ahrs_imu.o(.bss)
    .bss                                     0x2000034c   Section      576  os_var.o(.bss)
    .bss                                     0x2000058c   Section     2984  os_cfg_app.o(.bss)
    .bss                                     0x20001134   Section       96  libspace.o(.bss)
    HEAP                                     0x20001198   Section      512  startup_stm32f10x_md.o(HEAP)
    Heap_Mem                                 0x20001198   Data         512  startup_stm32f10x_md.o(HEAP)
    STACK                                    0x20001398   Section     1024  startup_stm32f10x_md.o(STACK)
    Stack_Mem                                0x20001398   Data        1024  startup_stm32f10x_md.o(STACK)
    __initial_sp                             0x20001798   Data           0  startup_stm32f10x_md.o(STACK)

    Global Symbols

    Symbol Name                              Value     Ov Type        Size  Object(Section)

    BuildAttributes$$THM_ISAv4$P$D$K$B$S$PE$A:L22UL41UL21$X:L11$S22US41US21$IEEE1$IW$USESV6$~STKCKD$USESV7$~SHL$OTIME$ROPI$IEEEX$EBA8$UX$STANDARDLIB$REQ8$PRES8$EABIv2 0x00000000   Number         0  anon$$obj.o ABSOLUTE
    __ARM_use_no_argv                        0x00000000   Number         0  main.o ABSOLUTE
    __ARM_exceptions_init                     - Undefined Weak Reference
    __alloca_initialize                       - Undefined Weak Reference
    __arm_preinit_                            - Undefined Weak Reference
    __cpp_initialize__aeabi_                  - Undefined Weak Reference
    __cxa_finalize                            - Undefined Weak Reference
    __rt_locale                               - Undefined Weak Reference
    __sigvec_lookup                           - Undefined Weak Reference
    _atexit_init                              - Undefined Weak Reference
    _call_atexit_fns                          - Undefined Weak Reference
    _clock_init                               - Undefined Weak Reference
    _fp_trap_init                             - Undefined Weak Reference
    _fp_trap_shutdown                         - Undefined Weak Reference
    _get_lc_collate                           - Undefined Weak Reference
    _get_lc_ctype                             - Undefined Weak Reference
    _get_lc_monetary                          - Undefined Weak Reference
    _get_lc_numeric                           - Undefined Weak Reference
    _get_lc_time                              - Undefined Weak Reference
    _getenv_init                              - Undefined Weak Reference
    _handle_redirection                       - Undefined Weak Reference
    _init_alloc                               - Undefined Weak Reference
    _init_user_alloc                          - Undefined Weak Reference
    _initio                                   - Undefined Weak Reference
    _rand_init                                - Undefined Weak Reference
    _signal_finish                            - Undefined Weak Reference
    _signal_init                              - Undefined Weak Reference
    _terminate_alloc                          - Undefined Weak Reference
    _terminate_user_alloc                     - Undefined Weak Reference
    _terminateio                              - Undefined Weak Reference
    __Vectors_Size                           0x000000ec   Number         0  startup_stm32f10x_md.o ABSOLUTE
    __Vectors                                0x08000000   Data           4  startup_stm32f10x_md.o(RESET)
    __Vectors_End                            0x080000ec   Data           0  startup_stm32f10x_md.o(RESET)
    __main                                   0x080000ed   Thumb Code     8  __main.o(!!!main)
    __scatterload                            0x080000f5   Thumb Code     0  __scatter.o(!!!scatter)
    __scatterload_rt2                        0x080000f5   Thumb Code    44  __scatter.o(!!!scatter)
    __scatterload_rt2_thumb_only             0x080000f5   Thumb Code     0  __scatter.o(!!!scatter)
    __scatterload_null                       0x08000103   Thumb Code     0  __scatter.o(!!!scatter)
    __decompress                             0x08000129   Thumb Code    90  __dczerorl2.o(!!dczerorl2)
    __decompress1                            0x08000129   Thumb Code     0  __dczerorl2.o(!!dczerorl2)
    __scatterload_zeroinit                   0x08000185   Thumb Code    28  __scatter_zi.o(!!handler_zi)
    __rt_lib_init                            0x080001a1   Thumb Code     0  libinit.o(.ARM.Collect$$libinit$$00000000)
    __rt_lib_init_alloca_1                   0x080001a3   Thumb Code     0  libinit2.o(.ARM.Collect$$libinit$$0000002E)
    __rt_lib_init_argv_1                     0x080001a3   Thumb Code     0  libinit2.o(.ARM.Collect$$libinit$$0000002C)
    __rt_lib_init_atexit_1                   0x080001a3   Thumb Code     0  libinit2.o(.ARM.Collect$$libinit$$0000001B)
    __rt_lib_init_clock_1                    0x080001a3   Thumb Code     0  libinit2.o(.ARM.Collect$$libinit$$00000021)
    __rt_lib_init_cpp_1                      0x080001a3   Thumb Code     0  libinit2.o(.ARM.Collect$$libinit$$00000032)
    __rt_lib_init_exceptions_1               0x080001a3   Thumb Code     0  libinit2.o(.ARM.Collect$$libinit$$00000030)
    __rt_lib_init_fp_1                       0x080001a3   Thumb Code     0  libinit2.o(.ARM.Collect$$libinit$$00000002)
    __rt_lib_init_fp_trap_1                  0x080001a3   Thumb Code     0  libinit2.o(.ARM.Collect$$libinit$$0000001F)
    __rt_lib_init_getenv_1                   0x080001a3   Thumb Code     0  libinit2.o(.ARM.Collect$$libinit$$00000023)
    __rt_lib_init_heap_1                     0x080001a3   Thumb Code     0  libinit2.o(.ARM.Collect$$libinit$$0000000A)
    __rt_lib_init_lc_collate_1               0x080001a3   Thumb Code     0  libinit2.o(.ARM.Collect$$libinit$$00000011)
    __rt_lib_init_lc_ctype_1                 0x080001a3   Thumb Code     0  libinit2.o(.ARM.Collect$$libinit$$00000013)
    __rt_lib_init_lc_monetary_1              0x080001a3   Thumb Code     0  libinit2.o(.ARM.Collect$$libinit$$00000015)
    __rt_lib_init_lc_numeric_1               0x080001a3   Thumb Code     0  libinit2.o(.ARM.Collect$$libinit$$00000017)
    __rt_lib_init_lc_time_1                  0x080001a3   Thumb Code     0  libinit2.o(.ARM.Collect$$libinit$$00000019)
    __rt_lib_init_preinit_1                  0x080001a3   Thumb Code     0  libinit2.o(.ARM.Collect$$libinit$$00000004)
    __rt_lib_init_rand_1                     0x080001a3   Thumb Code     0  libinit2.o(.ARM.Collect$$libinit$$0000000E)
    __rt_lib_init_return                     0x080001a3   Thumb Code     0  libinit2.o(.ARM.Collect$$libinit$$00000033)
    __rt_lib_init_signal_1                   0x080001a3   Thumb Code     0  libinit2.o(.ARM.Collect$$libinit$$0000001D)
    __rt_lib_init_stdio_1                    0x080001a3   Thumb Code     0  libinit2.o(.ARM.Collect$$libinit$$00000025)
    __rt_lib_init_user_alloc_1               0x080001a3   Thumb Code     0  libinit2.o(.ARM.Collect$$libinit$$0000000C)
    __rt_lib_shutdown                        0x080001a5   Thumb Code     0  libshutdown.o(.ARM.Collect$$libshutdown$$00000000)
    __rt_lib_shutdown_fp_trap_1              0x080001a7   Thumb Code     0  libshutdown2.o(.ARM.Collect$$libshutdown$$00000006)
    __rt_lib_shutdown_heap_1                 0x080001a7   Thumb Code     0  libshutdown2.o(.ARM.Collect$$libshutdown$$0000000E)
    __rt_lib_shutdown_return                 0x080001a7   Thumb Code     0  libshutdown2.o(.ARM.Collect$$libshutdown$$0000000F)
    __rt_lib_shutdown_signal_1               0x080001a7   Thumb Code     0  libshutdown2.o(.ARM.Collect$$libshutdown$$00000009)
    __rt_lib_shutdown_stdio_1                0x080001a7   Thumb Code     0  libshutdown2.o(.ARM.Collect$$libshutdown$$00000003)
    __rt_lib_shutdown_user_alloc_1           0x080001a7   Thumb Code     0  libshutdown2.o(.ARM.Collect$$libshutdown$$0000000B)
    __rt_entry                               0x080001a9   Thumb Code     0  __rtentry.o(.ARM.Collect$$rtentry$$00000000)
    __rt_entry_presh_1                       0x080001a9   Thumb Code     0  __rtentry2.o(.ARM.Collect$$rtentry$$00000002)
    __rt_entry_sh                            0x080001a9   Thumb Code     0  __rtentry4.o(.ARM.Collect$$rtentry$$00000004)
    __rt_entry_li                            0x080001af   Thumb Code     0  __rtentry2.o(.ARM.Collect$$rtentry$$0000000A)
    __rt_entry_postsh_1                      0x080001af   Thumb Code     0  __rtentry2.o(.ARM.Collect$$rtentry$$00000009)
    __rt_entry_main                          0x080001b3   Thumb Code     0  __rtentry2.o(.ARM.Collect$$rtentry$$0000000D)
    __rt_entry_postli_1                      0x080001b3   Thumb Code     0  __rtentry2.o(.ARM.Collect$$rtentry$$0000000C)
    __rt_exit                                0x080001bb   Thumb Code     0  rtexit.o(.ARM.Collect$$rtexit$$00000000)
    __rt_exit_ls                             0x080001bd   Thumb Code     0  rtexit2.o(.ARM.Collect$$rtexit$$00000003)
    __rt_exit_prels_1                        0x080001bd   Thumb Code     0  rtexit2.o(.ARM.Collect$$rtexit$$00000002)
    __rt_exit_exit                           0x080001c1   Thumb Code     0  rtexit2.o(.ARM.Collect$$rtexit$$00000004)
    OSStartHighRdy                           0x080001c9   Thumb Code     0  os_cpu_a.o(.text)
    PendSV_Handler                           0x080001eb   Thumb Code     0  os_cpu_a.o(.text)
    CPU_IntDis                               0x0800024d   Thumb Code     0  cpu_a.o(.text)
    CPU_IntEn                                0x08000251   Thumb Code     0  cpu_a.o(.text)
    CPU_SR_Save                              0x08000255   Thumb Code     0  cpu_a.o(.text)
    CPU_SR_Restore                           0x0800025d   Thumb Code     0  cpu_a.o(.text)
    CPU_CntLeadZeros                         0x08000263   Thumb Code     0  cpu_a.o(.text)
    CPU_RevBits                              0x08000269   Thumb Code     0  cpu_a.o(.text)
    CPU_WaitForInt                           0x0800026f   Thumb Code     0  cpu_a.o(.text)
    CPU_WaitForExcept                        0x08000273   Thumb Code     0  cpu_a.o(.text)
    Reset_Handler                            0x08000279   Thumb Code     8  startup_stm32f10x_md.o(.text)
    NMI_Handler                              0x08000281   Thumb Code     2  startup_stm32f10x_md.o(.text)
    HardFault_Handler                        0x08000283   Thumb Code     2  startup_stm32f10x_md.o(.text)
    MemManage_Handler                        0x08000285   Thumb Code     2  startup_stm32f10x_md.o(.text)
    BusFault_Handler                         0x08000287   Thumb Code     2  startup_stm32f10x_md.o(.text)
    UsageFault_Handler                       0x08000289   Thumb Code     2  startup_stm32f10x_md.o(.text)
    SVC_Handler                              0x0800028b   Thumb Code     2  startup_stm32f10x_md.o(.text)
    DebugMon_Handler                         0x0800028d   Thumb Code     2  startup_stm32f10x_md.o(.text)
    ADC1_2_IRQHandler                        0x08000293   Thumb Code     0  startup_stm32f10x_md.o(.text)
    CAN1_RX1_IRQHandler                      0x08000293   Thumb Code     0  startup_stm32f10x_md.o(.text)
    CAN1_SCE_IRQHandler                      0x08000293   Thumb Code     0  startup_stm32f10x_md.o(.text)
    DMA1_Channel1_IRQHandler                 0x08000293   Thumb Code     0  startup_stm32f10x_md.o(.text)
    DMA1_Channel2_IRQHandler                 0x08000293   Thumb Code     0  startup_stm32f10x_md.o(.text)
    DMA1_Channel3_IRQHandler                 0x08000293   Thumb Code     0  startup_stm32f10x_md.o(.text)
    DMA1_Channel4_IRQHandler                 0x08000293   Thumb Code     0  startup_stm32f10x_md.o(.text)
    DMA1_Channel5_IRQHandler                 0x08000293   Thumb Code     0  startup_stm32f10x_md.o(.text)
    DMA1_Channel6_IRQHandler                 0x08000293   Thumb Code     0  startup_stm32f10x_md.o(.text)
    DMA1_Channel7_IRQHandler                 0x08000293   Thumb Code     0  startup_stm32f10x_md.o(.text)
    EXTI0_IRQHandler                         0x08000293   Thumb Code     0  startup_stm32f10x_md.o(.text)
    EXTI15_10_IRQHandler                     0x08000293   Thumb Code     0  startup_stm32f10x_md.o(.text)
    EXTI1_IRQHandler                         0x08000293   Thumb Code     0  startup_stm32f10x_md.o(.text)
    EXTI2_IRQHandler                         0x08000293   Thumb Code     0  startup_stm32f10x_md.o(.text)
    EXTI3_IRQHandler                         0x08000293   Thumb Code     0  startup_stm32f10x_md.o(.text)
    EXTI4_IRQHandler                         0x08000293   Thumb Code     0  startup_stm32f10x_md.o(.text)
    EXTI9_5_IRQHandler                       0x08000293   Thumb Code     0  startup_stm32f10x_md.o(.text)
    FLASH_IRQHandler                         0x08000293   Thumb Code     0  startup_stm32f10x_md.o(.text)
    I2C1_ER_IRQHandler                       0x08000293   Thumb Code     0  startup_stm32f10x_md.o(.text)
    I2C1_EV_IRQHandler                       0x08000293   Thumb Code     0  startup_stm32f10x_md.o(.text)
    I2C2_ER_IRQHandler                       0x08000293   Thumb Code     0  startup_stm32f10x_md.o(.text)
    I2C2_EV_IRQHandler                       0x08000293   Thumb Code     0  startup_stm32f10x_md.o(.text)
    PVD_IRQHandler                           0x08000293   Thumb Code     0  startup_stm32f10x_md.o(.text)
    RCC_IRQHandler                           0x08000293   Thumb Code     0  startup_stm32f10x_md.o(.text)
    RTCAlarm_IRQHandler                      0x08000293   Thumb Code     0  startup_stm32f10x_md.o(.text)
    RTC_IRQHandler                           0x08000293   Thumb Code     0  startup_stm32f10x_md.o(.text)
    SPI1_IRQHandler                          0x08000293   Thumb Code     0  startup_stm32f10x_md.o(.text)
    SPI2_IRQHandler                          0x08000293   Thumb Code     0  startup_stm32f10x_md.o(.text)
    TAMPER_IRQHandler                        0x08000293   Thumb Code     0  startup_stm32f10x_md.o(.text)
    TIM1_BRK_IRQHandler                      0x08000293   Thumb Code     0  startup_stm32f10x_md.o(.text)
    TIM1_CC_IRQHandler                       0x08000293   Thumb Code     0  startup_stm32f10x_md.o(.text)
    TIM1_TRG_COM_IRQHandler                  0x08000293   Thumb Code     0  startup_stm32f10x_md.o(.text)
    TIM1_UP_IRQHandler                       0x08000293   Thumb Code     0  startup_stm32f10x_md.o(.text)
    TIM2_IRQHandler                          0x08000293   Thumb Code     0  startup_stm32f10x_md.o(.text)
    TIM4_IRQHandler                          0x08000293   Thumb Code     0  startup_stm32f10x_md.o(.text)
    USART2_IRQHandler                        0x08000293   Thumb Code     0  startup_stm32f10x_md.o(.text)
    USART3_IRQHandler                        0x08000293   Thumb Code     0  startup_stm32f10x_md.o(.text)
    USBWakeUp_IRQHandler                     0x08000293   Thumb Code     0  startup_stm32f10x_md.o(.text)
    USB_HP_CAN1_TX_IRQHandler                0x08000293   Thumb Code     0  startup_stm32f10x_md.o(.text)
    USB_LP_CAN1_RX0_IRQHandler               0x08000293   Thumb Code     0  startup_stm32f10x_md.o(.text)
    WWDG_IRQHandler                          0x08000293   Thumb Code     0  startup_stm32f10x_md.o(.text)
    __user_initial_stackheap                 0x08000295   Thumb Code     0  startup_stm32f10x_md.o(.text)
    __aeabi_memcpy4                          0x080002b9   Thumb Code     0  rt_memcpy_w.o(.text)
    __aeabi_memcpy8                          0x080002b9   Thumb Code     0  rt_memcpy_w.o(.text)
    __rt_memcpy_w                            0x080002b9   Thumb Code   100  rt_memcpy_w.o(.text)
    _memcpy_lastbytes_aligned                0x08000301   Thumb Code     0  rt_memcpy_w.o(.text)
    __aeabi_memclr4                          0x0800031d   Thumb Code     0  rt_memclr_w.o(.text)
    __aeabi_memclr8                          0x0800031d   Thumb Code     0  rt_memclr_w.o(.text)
    __rt_memclr_w                            0x0800031d   Thumb Code    78  rt_memclr_w.o(.text)
    _memset_w                                0x08000321   Thumb Code     0  rt_memclr_w.o(.text)
    __use_two_region_memory                  0x0800036b   Thumb Code     2  heapauxi.o(.text)
    __rt_heap_escrow$2region                 0x0800036d   Thumb Code     2  heapauxi.o(.text)
    __rt_heap_expand$2region                 0x0800036f   Thumb Code     2  heapauxi.o(.text)
    __read_errno                             0x08000371   Thumb Code    10  _rserrno.o(.text)
    __set_errno                              0x0800037b   Thumb Code    12  _rserrno.o(.text)
    __aeabi_errno_addr                       0x08000389   Thumb Code     8  rt_errno_addr_intlibspace.o(.text)
    __errno$intlibspace                      0x08000389   Thumb Code     0  rt_errno_addr_intlibspace.o(.text)
    __rt_errno_addr$intlibspace              0x08000389   Thumb Code     0  rt_errno_addr_intlibspace.o(.text)
    __user_libspace                          0x08000391   Thumb Code     8  libspace.o(.text)
    __user_perproc_libspace                  0x08000391   Thumb Code     0  libspace.o(.text)
    __user_perthread_libspace                0x08000391   Thumb Code     0  libspace.o(.text)
    __user_setup_stackheap                   0x08000399   Thumb Code    74  sys_stackheap_outer.o(.text)
    exit                                     0x080003e3   Thumb Code    12  exit.o(.text)
    _sys_exit                                0x080003f1   Thumb Code     8  sys_exit.o(.text)
    __I$use$semihosting                      0x080003fd   Thumb Code     0  use_no_semi.o(.text)
    __use_no_semihosting_swi                 0x080003fd   Thumb Code     2  use_no_semi.o(.text)
    __semihosting_library_function           0x080003ff   Thumb Code     0  indicate_semi.o(.text)
    AHRS_HMC5883L_Calibrate_Read             0x08000401   Thumb Code    48  ahrs_hmc5883l.o(i.AHRS_HMC5883L_Calibrate_Read)
    AHRS_HMC5883L_Calibrate_Saving           0x08000441   Thumb Code   128  ahrs_hmc5883l.o(i.AHRS_HMC5883L_Calibrate_Saving)
    AHRS_HMC5883L_GetFilterData              0x080004e9   Thumb Code   540  ahrs_hmc5883l.o(i.AHRS_HMC5883L_GetFilterData)
    AHRS_HMC5883L_Init                       0x08000771   Thumb Code   142  ahrs_hmc5883l.o(i.AHRS_HMC5883L_Init)
    AHRS_HMC5883L_ReadData                   0x0800080d   Thumb Code    74  ahrs_hmc5883l.o(i.AHRS_HMC5883L_ReadData)
    AHRS_IMU_GetSensor                       0x08000865   Thumb Code   136  ahrs_imu.o(i.AHRS_IMU_GetSensor)
    AHRS_IMU_Get_Angle                       0x08000939   Thumb Code   506  ahrs_imu.o(i.AHRS_IMU_Get_Angle)
    AHRS_IMU_Init                            0x08000b4d   Thumb Code    58  ahrs_imu.o(i.AHRS_IMU_Init)
    AHRS_IMU_Update                          0x08000bad   Thumb Code    44  ahrs_imu.o(i.AHRS_IMU_Update)
    AHRS_MPU6050_GetFilterData               0x08000bdd   Thumb Code   570  ahrs_mpu6050.o(i.AHRS_MPU6050_GetFilterData)
    AHRS_MPU6050_Init                        0x08000e7d   Thumb Code   130  ahrs_mpu6050.o(i.AHRS_MPU6050_Init)
    AHRS_MPU6050_ReadData                    0x08000f0d   Thumb Code   150  ahrs_mpu6050.o(i.AHRS_MPU6050_ReadData)
    BSP_FLASH_Read                           0x08000fc1   Thumb Code    28  bsp_flash.o(i.BSP_FLASH_Read)
    BSP_FLASH_Write                          0x08000fe1   Thumb Code   242  bsp_flash.o(i.BSP_FLASH_Write)
    BSP_LED1_OFF                             0x080010f1   Thumb Code    14  bsp_led.o(i.BSP_LED1_OFF)
    BSP_LED1_ON                              0x08001105   Thumb Code    14  bsp_led.o(i.BSP_LED1_ON)
    BSP_LED2_OFF                             0x08001119   Thumb Code    14  bsp_led.o(i.BSP_LED2_OFF)
    BSP_LED2_ON                              0x0800112d   Thumb Code    14  bsp_led.o(i.BSP_LED2_ON)
    BSP_LED3_OFF                             0x08001141   Thumb Code    14  bsp_led.o(i.BSP_LED3_OFF)
    BSP_LED3_ON                              0x08001155   Thumb Code    14  bsp_led.o(i.BSP_LED3_ON)
    BSP_LED_Init                             0x08001169   Thumb Code    70  bsp_led.o(i.BSP_LED_Init)
    BSP_Timer4_Init                          0x080011b5   Thumb Code   278  bsp_timer4.o(i.BSP_Timer4_Init)
    BSP_USART1_Init                          0x080012d9   Thumb Code   228  bsp_usart.o(i.BSP_USART1_Init)
    DMA_Cmd                                  0x080013d1   Thumb Code    24  stm32f10x_dma.o(i.DMA_Cmd)
    DMA_Init                                 0x080013e9   Thumb Code    60  stm32f10x_dma.o(i.DMA_Init)
    DMA_Update_UploadData                    0x08001425   Thumb Code   300  bsp_usart.o(i.DMA_Update_UploadData)
    FLASH_ClearFlag                          0x08001591   Thumb Code     6  stm32f10x_flash.o(i.FLASH_ClearFlag)
    FLASH_ErasePage                          0x0800159d   Thumb Code    72  stm32f10x_flash.o(i.FLASH_ErasePage)
    FLASH_GetBank1Status                     0x080015e9   Thumb Code    48  stm32f10x_flash.o(i.FLASH_GetBank1Status)
    FLASH_LockBank1                          0x0800161d   Thumb Code    14  stm32f10x_flash.o(i.FLASH_LockBank1)
    FLASH_ProgramWord                        0x08001631   Thumb Code   102  stm32f10x_flash.o(i.FLASH_ProgramWord)
    FLASH_UnlockBank1                        0x0800169d   Thumb Code    12  stm32f10x_flash.o(i.FLASH_UnlockBank1)
    FLASH_WaitForLastOperation               0x080016b5   Thumb Code    38  stm32f10x_flash.o(i.FLASH_WaitForLastOperation)
    GPIO_Init                                0x080016db   Thumb Code   278  stm32f10x_gpio.o(i.GPIO_Init)
    GPIO_ReadOutputDataBit                   0x080017f1   Thumb Code    18  stm32f10x_gpio.o(i.GPIO_ReadOutputDataBit)
    GPIO_ResetBits                           0x08001803   Thumb Code     4  stm32f10x_gpio.o(i.GPIO_ResetBits)
    GPIO_SetBits                             0x08001807   Thumb Code     4  stm32f10x_gpio.o(i.GPIO_SetBits)
    I2C_Soft_Ack                             0x0800180b   Thumb Code    56  bsp_i2c1_soft.o(i.I2C_Soft_Ack)
    I2C_Soft_Init                            0x08001845   Thumb Code    86  bsp_i2c1_soft.o(i.I2C_Soft_Init)
    I2C_Soft_NAck                            0x080018a1   Thumb Code    56  bsp_i2c1_soft.o(i.I2C_Soft_NAck)
    I2C_Soft_ReadBytes                       0x080018d9   Thumb Code   130  bsp_i2c1_soft.o(i.I2C_Soft_ReadBytes)
    I2C_Soft_Read_Byte                       0x0800195b   Thumb Code    90  bsp_i2c1_soft.o(i.I2C_Soft_Read_Byte)
    I2C_Soft_SCL_OUT                         0x080019b5   Thumb Code    18  bsp_i2c1_soft.o(i.I2C_Soft_SCL_OUT)
    I2C_Soft_SDA_IN                          0x080019cd   Thumb Code    32  bsp_i2c1_soft.o(i.I2C_Soft_SDA_IN)
    I2C_Soft_SDA_OUT                         0x080019f1   Thumb Code    20  bsp_i2c1_soft.o(i.I2C_Soft_SDA_OUT)
    I2C_Soft_SDA_Set_IN                      0x08001a09   Thumb Code    58  bsp_i2c1_soft.o(i.I2C_Soft_SDA_Set_IN)
    I2C_Soft_SDA_Set_OUT                     0x08001a49   Thumb Code    58  bsp_i2c1_soft.o(i.I2C_Soft_SDA_Set_OUT)
    I2C_Soft_Send_Byte                       0x08001a89   Thumb Code    80  bsp_i2c1_soft.o(i.I2C_Soft_Send_Byte)
    I2C_Soft_Start                           0x08001ad9   Thumb Code    56  bsp_i2c1_soft.o(i.I2C_Soft_Start)
    I2C_Soft_Stop                            0x08001b11   Thumb Code    56  bsp_i2c1_soft.o(i.I2C_Soft_Stop)
    I2C_Soft_Wait_Ack                        0x08001b49   Thumb Code    88  bsp_i2c1_soft.o(i.I2C_Soft_Wait_Ack)
    I2C_Soft_WriteBytes                      0x08001ba1   Thumb Code    92  bsp_i2c1_soft.o(i.I2C_Soft_WriteBytes)
    IMU1                                     0x08001bfd   Thumb Code  2208  ahrs_imu.o(i.IMU1)
    IMU2                                     0x080024c5   Thumb Code  2026  ahrs_imu.o(i.IMU2)
    IMU3                                     0x08002cdd   Thumb Code  3796  ahrs_imu.o(i.IMU3)
    MadgwickAHRSupdateIMU                    0x08003bcd   Thumb Code  1600  ahrs_imu.o(i.MadgwickAHRSupdateIMU)
    MahonyAHRSupdateIMU                      0x08004229   Thumb Code  1260  ahrs_imu.o(i.MahonyAHRSupdateIMU)
    NVIC_Init                                0x08004729   Thumb Code   100  misc.o(i.NVIC_Init)
    OSIntEnter                               0x08004799   Thumb Code    34  os_core.o(i.OSIntEnter)
    OSIntExit                                0x080047c5   Thumb Code   174  os_core.o(i.OSIntExit)
    OSTaskSwHook                             0x08004899   Thumb Code     2  os_cpu_c.o(i.OSTaskSwHook)
    OSTimeTick                               0x0800489d   Thumb Code    50  os_time.o(i.OSTimeTick)
    OSTimeTickHook                           0x080048dd   Thumb Code     2  os_cpu_c.o(i.OSTimeTickHook)
    OS_IntQPost                              0x080048e1   Thumb Code   210  os_int.o(i.OS_IntQPost)
    OS_PrioGetHighest                        0x080049d9   Thumb Code    36  os_prio.o(i.OS_PrioGetHighest)
    OS_PrioInsert                            0x08004a01   Thumb Code    32  os_prio.o(i.OS_PrioInsert)
    RCC_AHBPeriphClockCmd                    0x08004a25   Thumb Code    26  stm32f10x_rcc.o(i.RCC_AHBPeriphClockCmd)
    RCC_APB1PeriphClockCmd                   0x08004a45   Thumb Code    26  stm32f10x_rcc.o(i.RCC_APB1PeriphClockCmd)
    RCC_APB2PeriphClockCmd                   0x08004a65   Thumb Code    26  stm32f10x_rcc.o(i.RCC_APB2PeriphClockCmd)
    RCC_GetClocksFreq                        0x08004a85   Thumb Code   192  stm32f10x_rcc.o(i.RCC_GetClocksFreq)
    SysTick_Handler                          0x08004c41   Thumb Code    16  irq.o(i.SysTick_Handler)
    SystemInit                               0x08004c51   Thumb Code    78  system_stm32f10x.o(i.SystemInit)
    TIM3_IRQHandler                          0x08004cb1   Thumb Code    70  irq.o(i.TIM3_IRQHandler)
    TIM_ARRPreloadConfig                     0x08004d09   Thumb Code    24  stm32f10x_tim.o(i.TIM_ARRPreloadConfig)
    TIM_ClearITPendingBit                    0x08004d21   Thumb Code     6  stm32f10x_tim.o(i.TIM_ClearITPendingBit)
    TIM_Cmd                                  0x08004d27   Thumb Code    24  stm32f10x_tim.o(i.TIM_Cmd)
    TIM_GetITStatus                          0x08004d3f   Thumb Code    34  stm32f10x_tim.o(i.TIM_GetITStatus)
    TIM_ITConfig                             0x08004d61   Thumb Code    18  stm32f10x_tim.o(i.TIM_ITConfig)
    TIM_PrescalerConfig                      0x08004d73   Thumb Code     6  stm32f10x_tim.o(i.TIM_PrescalerConfig)
    TIM_SelectInputTrigger                   0x08004d79   Thumb Code    18  stm32f10x_tim.o(i.TIM_SelectInputTrigger)
    TIM_SelectMasterSlaveMode                0x08004d8b   Thumb Code    18  stm32f10x_tim.o(i.TIM_SelectMasterSlaveMode)
    TIM_SelectOutputTrigger                  0x08004d9d   Thumb Code    18  stm32f10x_tim.o(i.TIM_SelectOutputTrigger)
    TIM_SelectSlaveMode                      0x08004daf   Thumb Code    18  stm32f10x_tim.o(i.TIM_SelectSlaveMode)
    TIM_TimeBaseInit                         0x08004dc1   Thumb Code   122  stm32f10x_tim.o(i.TIM_TimeBaseInit)
    TIM_TimeBaseStructInit                   0x08004e65   Thumb Code    18  stm32f10x_tim.o(i.TIM_TimeBaseStructInit)
    TIM_UpdateDisableConfig                  0x08004e77   Thumb Code    24  stm32f10x_tim.o(i.TIM_UpdateDisableConfig)
    TIM_UpdateRequestConfig                  0x08004e8f   Thumb Code    24  stm32f10x_tim.o(i.TIM_UpdateRequestConfig)
    USART1_IRQHandler                        0x08004ea9   Thumb Code   314  irq.o(i.USART1_IRQHandler)
    USART_ClearITPendingBit                  0x0800500d   Thumb Code    30  stm32f10x_usart.o(i.USART_ClearITPendingBit)
    USART_Cmd                                0x0800502b   Thumb Code    24  stm32f10x_usart.o(i.USART_Cmd)
    USART_DMACmd                             0x08005043   Thumb Code    18  stm32f10x_usart.o(i.USART_DMACmd)
    USART_GetITStatus                        0x08005055   Thumb Code    84  stm32f10x_usart.o(i.USART_GetITStatus)
    USART_ITConfig                           0x080050a9   Thumb Code    74  stm32f10x_usart.o(i.USART_ITConfig)
    USART_Init                               0x080050f5   Thumb Code   210  stm32f10x_usart.o(i.USART_Init)
    USART_ReceiveData                        0x080051cd   Thumb Code    10  stm32f10x_usart.o(i.USART_ReceiveData)
    __ARM_fpclassify                         0x080051d7   Thumb Code    40  fpclassify.o(i.__ARM_fpclassify)
    __kernel_poly                            0x080051ff   Thumb Code   170  poly.o(i.__kernel_poly)
    __mathlib_dbl_infnan                     0x080052a9   Thumb Code     6  dunder.o(i.__mathlib_dbl_infnan)
    __mathlib_dbl_infnan2                    0x080052af   Thumb Code     4  dunder.o(i.__mathlib_dbl_infnan2)
    __mathlib_dbl_invalid                    0x080052b3   Thumb Code    12  dunder.o(i.__mathlib_dbl_invalid)
    __mathlib_dbl_underflow                  0x080052c1   Thumb Code    10  dunder.o(i.__mathlib_dbl_underflow)
    asin                                     0x080052d1   Thumb Code   572  asin.o(i.asin)
    atan                                     0x08005541   Thumb Code   474  atan.o(i.atan)
    atan2                                    0x08005761   Thumb Code   346  atan2.o(i.atan2)
    cal_CRC                                  0x080058e1   Thumb Code   118  bsp_usart.o(i.cal_CRC)
    i2c_delayus                              0x0800595d   Thumb Code    24  bsp_i2c1_soft.o(i.i2c_delayus)
    invSqrt                                  0x08005975   Thumb Code    72  ahrs_imu.o(i.invSqrt)
    main                                     0x080059c1   Thumb Code   120  main.o(i.main)
    micros                                   0x08005a49   Thumb Code    16  bsp_timer4.o(i.micros)
    sqrt                                     0x08005a61   Thumb Code    76  sqrt.o(i.sqrt)
    __aeabi_d2f                              0x08005aad   Thumb Code     0  d2f.o(x$fpl$d2f)
    _d2f                                     0x08005aad   Thumb Code    98  d2f.o(x$fpl$d2f)
    __aeabi_dadd                             0x08005b11   Thumb Code     0  daddsub_clz.o(x$fpl$dadd)
    _dadd                                    0x08005b11   Thumb Code   332  daddsub_clz.o(x$fpl$dadd)
    __fpl_dcheck_NaN1                        0x08005c61   Thumb Code    10  dcheck1.o(x$fpl$dcheck1)
    __aeabi_ddiv                             0x08005c71   Thumb Code     0  ddiv.o(x$fpl$ddiv)
    _ddiv                                    0x08005c71   Thumb Code   552  ddiv.o(x$fpl$ddiv)
    __aeabi_dmul                             0x08005f21   Thumb Code     0  dmul.o(x$fpl$dmul)
    _dmul                                    0x08005f21   Thumb Code   332  dmul.o(x$fpl$dmul)
    __fpl_dnaninf                            0x08006075   Thumb Code   156  dnaninf.o(x$fpl$dnaninf)
    __fpl_dretinf                            0x08006111   Thumb Code    12  dretinf.o(x$fpl$dretinf)
    __aeabi_drsub                            0x0800611d   Thumb Code     0  daddsub_clz.o(x$fpl$drsb)
    _drsb                                    0x0800611d   Thumb Code    22  daddsub_clz.o(x$fpl$drsb)
    _dsqrt                                   0x08006135   Thumb Code   456  dsqrt_noumaal.o(x$fpl$dsqrt)
    __aeabi_dsub                             0x08006301   Thumb Code     0  daddsub_clz.o(x$fpl$dsub)
    _dsub                                    0x08006301   Thumb Code   464  daddsub_clz.o(x$fpl$dsub)
    __aeabi_f2d                              0x080064d5   Thumb Code     0  f2d.o(x$fpl$f2d)
    _f2d                                     0x080064d5   Thumb Code    86  f2d.o(x$fpl$f2d)
    __aeabi_fadd                             0x0800652d   Thumb Code     0  faddsub_clz.o(x$fpl$fadd)
    _fadd                                    0x0800652d   Thumb Code   196  faddsub_clz.o(x$fpl$fadd)
    __fpl_fcmp_Inf                           0x080065f1   Thumb Code    24  fcmpi.o(x$fpl$fcmpinf)
    __aeabi_fdiv                             0x08006609   Thumb Code     0  fdiv.o(x$fpl$fdiv)
    _fdiv                                    0x08006609   Thumb Code   384  fdiv.o(x$fpl$fdiv)
    __aeabi_cfcmpeq                          0x0800678d   Thumb Code     0  feqf.o(x$fpl$feqf)
    _fcmpeq                                  0x0800678d   Thumb Code   104  feqf.o(x$fpl$feqf)
    __aeabi_f2uiz                            0x080067f5   Thumb Code     0  ffixu.o(x$fpl$ffixu)
    _ffixu                                   0x080067f5   Thumb Code    62  ffixu.o(x$fpl$ffixu)
    __aeabi_i2f                              0x08006835   Thumb Code     0  fflt_clz.o(x$fpl$fflt)
    _fflt                                    0x08006835   Thumb Code    48  fflt_clz.o(x$fpl$fflt)
    __aeabi_ui2f                             0x08006865   Thumb Code     0  fflt_clz.o(x$fpl$ffltu)
    _ffltu                                   0x08006865   Thumb Code    38  fflt_clz.o(x$fpl$ffltu)
    __aeabi_cfcmple                          0x0800688d   Thumb Code     0  fleqf.o(x$fpl$fleqf)
    _fcmple                                  0x0800688d   Thumb Code   104  fleqf.o(x$fpl$fleqf)
    __fpl_fcmple_InfNaN                      0x080068df   Thumb Code     0  fleqf.o(x$fpl$fleqf)
    __aeabi_fmul                             0x080068f5   Thumb Code     0  fmul.o(x$fpl$fmul)
    _fmul                                    0x080068f5   Thumb Code   258  fmul.o(x$fpl$fmul)
    __fpl_fnaninf                            0x080069f7   Thumb Code   140  fnaninf.o(x$fpl$fnaninf)
    __fpl_fretinf                            0x08006a83   Thumb Code    10  fretinf.o(x$fpl$fretinf)
    __aeabi_cfrcmple                         0x08006a8d   Thumb Code     0  frleqf.o(x$fpl$frleqf)
    _frcmple                                 0x08006a8d   Thumb Code    98  frleqf.o(x$fpl$frleqf)
    __aeabi_frsub                            0x08006aef   Thumb Code     0  faddsub_clz.o(x$fpl$frsb)
    _frsb                                    0x08006aef   Thumb Code    20  faddsub_clz.o(x$fpl$frsb)
    __aeabi_fsub                             0x08006b05   Thumb Code     0  faddsub_clz.o(x$fpl$fsub)
    _fsub                                    0x08006b05   Thumb Code   234  faddsub_clz.o(x$fpl$fsub)
    __fpl_return_NaN                         0x08006bef   Thumb Code   100  retnan.o(x$fpl$retnan)
    __ARM_scalbn                             0x08006c53   Thumb Code    92  scalbn.o(x$fpl$scalbn)
    __fpl_cmpreturn                          0x08006caf   Thumb Code    48  trapv.o(x$fpl$trapveneer)
    __I$use$fp                               0x08006cde   Number         0  usenofp.o(x$fpl$usenofp)
    OSCfg_IdleTaskStkBasePtr                 0x08006cf4   Data           4  os_cfg_app.o(.constdata)
    OSCfg_IdleTaskStkLimit                   0x08006cf8   Data           4  os_cfg_app.o(.constdata)
    OSCfg_IdleTaskStkSize                    0x08006cfc   Data           4  os_cfg_app.o(.constdata)
    OSCfg_IdleTaskStkSizeRAM                 0x08006d00   Data           4  os_cfg_app.o(.constdata)
    OSCfg_IntQBasePtr                        0x08006d04   Data           4  os_cfg_app.o(.constdata)
    OSCfg_IntQSize                           0x08006d08   Data           2  os_cfg_app.o(.constdata)
    OSCfg_IntQSizeRAM                        0x08006d0c   Data           4  os_cfg_app.o(.constdata)
    OSCfg_IntQTaskStkBasePtr                 0x08006d10   Data           4  os_cfg_app.o(.constdata)
    OSCfg_IntQTaskStkLimit                   0x08006d14   Data           4  os_cfg_app.o(.constdata)
    OSCfg_IntQTaskStkSize                    0x08006d18   Data           4  os_cfg_app.o(.constdata)
    OSCfg_IntQTaskStkSizeRAM                 0x08006d1c   Data           4  os_cfg_app.o(.constdata)
    OSCfg_ISRStkBasePtr                      0x08006d20   Data           4  os_cfg_app.o(.constdata)
    OSCfg_ISRStkSize                         0x08006d24   Data           4  os_cfg_app.o(.constdata)
    OSCfg_ISRStkSizeRAM                      0x08006d28   Data           4  os_cfg_app.o(.constdata)
    OSCfg_MsgPoolSize                        0x08006d2c   Data           2  os_cfg_app.o(.constdata)
    OSCfg_MsgPoolSizeRAM                     0x08006d30   Data           4  os_cfg_app.o(.constdata)
    OSCfg_MsgPoolBasePtr                     0x08006d34   Data           4  os_cfg_app.o(.constdata)
    OSCfg_StatTaskPrio                       0x08006d38   Data           1  os_cfg_app.o(.constdata)
    OSCfg_StatTaskRate_Hz                    0x08006d3c   Data           4  os_cfg_app.o(.constdata)
    OSCfg_StatTaskStkBasePtr                 0x08006d40   Data           4  os_cfg_app.o(.constdata)
    OSCfg_StatTaskStkLimit                   0x08006d44   Data           4  os_cfg_app.o(.constdata)
    OSCfg_StatTaskStkSize                    0x08006d48   Data           4  os_cfg_app.o(.constdata)
    OSCfg_StatTaskStkSizeRAM                 0x08006d4c   Data           4  os_cfg_app.o(.constdata)
    OSCfg_StkSizeMin                         0x08006d50   Data           4  os_cfg_app.o(.constdata)
    OSCfg_TickRate_Hz                        0x08006d54   Data           4  os_cfg_app.o(.constdata)
    OSCfg_TickTaskPrio                       0x08006d58   Data           1  os_cfg_app.o(.constdata)
    OSCfg_TickTaskStkBasePtr                 0x08006d5c   Data           4  os_cfg_app.o(.constdata)
    OSCfg_TickTaskStkLimit                   0x08006d60   Data           4  os_cfg_app.o(.constdata)
    OSCfg_TickTaskStkSize                    0x08006d64   Data           4  os_cfg_app.o(.constdata)
    OSCfg_TickTaskStkSizeRAM                 0x08006d68   Data           4  os_cfg_app.o(.constdata)
    OSCfg_TickWheelSize                      0x08006d6c   Data           2  os_cfg_app.o(.constdata)
    OSCfg_TickWheelSizeRAM                   0x08006d70   Data           4  os_cfg_app.o(.constdata)
    OSCfg_TmrTaskPrio                        0x08006d74   Data           1  os_cfg_app.o(.constdata)
    OSCfg_TmrTaskRate_Hz                     0x08006d78   Data           4  os_cfg_app.o(.constdata)
    OSCfg_TmrTaskStkBasePtr                  0x08006d7c   Data           4  os_cfg_app.o(.constdata)
    OSCfg_TmrTaskStkLimit                    0x08006d80   Data           4  os_cfg_app.o(.constdata)
    OSCfg_TmrTaskStkSize                     0x08006d84   Data           4  os_cfg_app.o(.constdata)
    OSCfg_TmrTaskStkSizeRAM                  0x08006d88   Data           4  os_cfg_app.o(.constdata)
    OSCfg_TmrWheelSize                       0x08006d8c   Data           2  os_cfg_app.o(.constdata)
    OSCfg_TmrWheelSizeRAM                    0x08006d90   Data           4  os_cfg_app.o(.constdata)
    OSCfg_DataSizeRAM                        0x08006d94   Data           4  os_cfg_app.o(.constdata)
    __mathlib_zero                           0x08006e80   Data           8  qnan.o(.constdata)
    Region$$Table$$Base                      0x08006e88   Number         0  anon$$obj.o(Region$$Table)
    Region$$Table$$Limit                     0x08006ea8   Number         0  anon$$obj.o(Region$$Table)
    countpertime                             0x20000000   Data           4  main.o(.data)
    counterpers                              0x20000004   Data           4  main.o(.data)
    table                                    0x20000008   Data          32  main.o(.data)
    count                                    0x20000028   Data           1  irq.o(.data)
    pdata                                    0x20000029   Data           6  irq.o(.data)
    crc_tab                                  0x20000034   Data          32  bsp_usart.o(.data)
    pUploadData                              0x20000054   Data           4  bsp_usart.o(.data)
    Flash_Data                               0x20000058   Data           6  bsp_flash.o(.data)
    NbrOfPage                                0x20000060   Data           4  bsp_flash.o(.data)
    EraseCounter                             0x20000064   Data           4  bsp_flash.o(.data)
    Address                                  0x20000068   Data           4  bsp_flash.o(.data)
    FLASHStatus                              0x2000006c   Data           1  bsp_flash.o(.data)
    MemoryProgramStatus                      0x2000006d   Data           1  bsp_flash.o(.data)
    AHRS_MPU6050_GYRO_Offset_X               0x2000006e   Data           2  ahrs_mpu6050.o(.data)
    AHRS_MPU6050_GYRO_Offset_Y               0x20000070   Data           2  ahrs_mpu6050.o(.data)
    AHRS_MPU6050_GYRO_Offset_Z               0x20000072   Data           2  ahrs_mpu6050.o(.data)
    AHRS_MPU6050_ACCEL_Primitive_X           0x20000074   Data           2  ahrs_mpu6050.o(.data)
    AHRS_MPU6050_ACCEL_Primitive_Y           0x20000076   Data           2  ahrs_mpu6050.o(.data)
    AHRS_MPU6050_ACCEL_Primitive_Z           0x20000078   Data           2  ahrs_mpu6050.o(.data)
    AHRS_MPU6050_TEMPER_Primitive_O          0x2000007a   Data           2  ahrs_mpu6050.o(.data)
    AHRS_MPU6050_GYRO_Primitive_X            0x2000007c   Data           2  ahrs_mpu6050.o(.data)
    AHRS_MPU6050_GYRO_Primitive_Y            0x2000007e   Data           2  ahrs_mpu6050.o(.data)
    AHRS_MPU6050_GYRO_Primitive_Z            0x20000080   Data           2  ahrs_mpu6050.o(.data)
    AHRS_MPU6050_ACCEL_Last_X                0x20000082   Data           2  ahrs_mpu6050.o(.data)
    AHRS_MPU6050_ACCEL_Last_Y                0x20000084   Data           2  ahrs_mpu6050.o(.data)
    AHRS_MPU6050_ACCEL_Last_Z                0x20000086   Data           2  ahrs_mpu6050.o(.data)
    AHRS_MPU6050_TEMPER_Last_O               0x20000088   Data           2  ahrs_mpu6050.o(.data)
    AHRS_MPU6050_GYRO_Last_X                 0x2000008a   Data           2  ahrs_mpu6050.o(.data)
    AHRS_MPU6050_GYRO_Last_Y                 0x2000008c   Data           2  ahrs_mpu6050.o(.data)
    AHRS_MPU6050_GYRO_Last_Z                 0x2000008e   Data           2  ahrs_mpu6050.o(.data)
    AHRS_MPU6050_FIFOFiltering_Use_Flag      0x20000090   Data           1  ahrs_mpu6050.o(.data)
    AHRS_HMC5883L_MAG_Offset_X               0x20000094   Data           2  ahrs_hmc5883l.o(.data)
    AHRS_HMC5883L_MAG_Offset_Y               0x20000096   Data           2  ahrs_hmc5883l.o(.data)
    AHRS_HMC5883L_MAG_Offset_Z               0x20000098   Data           2  ahrs_hmc5883l.o(.data)
    AHRS_HMC5883L_MAG_Scale_X                0x2000009c   Data           4  ahrs_hmc5883l.o(.data)
    AHRS_HMC5883L_MAG_Scale_Y                0x200000a0   Data           4  ahrs_hmc5883l.o(.data)
    AHRS_HMC5883L_MAG_Scale_Z                0x200000a4   Data           4  ahrs_hmc5883l.o(.data)
    AHRS_HMC5883L_MAG_Max_X                  0x200000a8   Data           2  ahrs_hmc5883l.o(.data)
    AHRS_HMC5883L_MAG_Max_Y                  0x200000aa   Data           2  ahrs_hmc5883l.o(.data)
    AHRS_HMC5883L_MAG_Max_Z                  0x200000ac   Data           2  ahrs_hmc5883l.o(.data)
    AHRS_HMC5883L_MAG_Min_X                  0x200000ae   Data           2  ahrs_hmc5883l.o(.data)
    AHRS_HMC5883L_MAG_Min_Y                  0x200000b0   Data           2  ahrs_hmc5883l.o(.data)
    AHRS_HMC5883L_MAG_Min_Z                  0x200000b2   Data           2  ahrs_hmc5883l.o(.data)
    AHRS_HMC5883L_MAG_Primitive_X            0x200000b4   Data           2  ahrs_hmc5883l.o(.data)
    AHRS_HMC5883L_MAG_Primitive_Y            0x200000b6   Data           2  ahrs_hmc5883l.o(.data)
    AHRS_HMC5883L_MAG_Primitive_Z            0x200000b8   Data           2  ahrs_hmc5883l.o(.data)
    AHRS_HMC5883L_MAG_Temp_X                 0x200000ba   Data           2  ahrs_hmc5883l.o(.data)
    AHRS_HMC5883L_MAG_Temp_Y                 0x200000bc   Data           2  ahrs_hmc5883l.o(.data)
    AHRS_HMC5883L_MAG_Temp_Z                 0x200000be   Data           2  ahrs_hmc5883l.o(.data)
    AHRS_HMC5883L_MAG_Last_X                 0x200000c0   Data           4  ahrs_hmc5883l.o(.data)
    AHRS_HMC5883L_MAG_Last_Y                 0x200000c4   Data           4  ahrs_hmc5883l.o(.data)
    AHRS_HMC5883L_MAG_Last_Z                 0x200000c8   Data           4  ahrs_hmc5883l.o(.data)
    AHRS_HMC5883L_MAG_Calibrate              0x200000cc   Data           1  ahrs_hmc5883l.o(.data)
    AHRS_HMC5883L_MAG_CalibrateSaving        0x200000cd   Data           1  ahrs_hmc5883l.o(.data)
    AHRS_HMC5883L_MAG_FIFOFiltering_Use_Flag 0x200000ce   Data           1  ahrs_hmc5883l.o(.data)
    IMU_Mode                                 0x200000d0   Data           1  ahrs_imu.o(.data)
    exInt                                    0x200000d4   Data           4  ahrs_imu.o(.data)
    eyInt                                    0x200000d8   Data           4  ahrs_imu.o(.data)
    ezInt                                    0x200000dc   Data           4  ahrs_imu.o(.data)
    q0                                       0x200000e0   Data           4  ahrs_imu.o(.data)
    q1                                       0x200000e4   Data           4  ahrs_imu.o(.data)
    q2                                       0x200000e8   Data           4  ahrs_imu.o(.data)
    q3                                       0x200000ec   Data           4  ahrs_imu.o(.data)
    integralFBhand                           0x200000f0   Data           4  ahrs_imu.o(.data)
    handdiff                                 0x200000f4   Data           4  ahrs_imu.o(.data)
    lastUpdate                               0x200000f8   Data           4  ahrs_imu.o(.data)
    now                                      0x200000fc   Data           4  ahrs_imu.o(.data)
    AHRS_Time_Counter                        0x20000100   Data           4  ahrs_imu.o(.data)
    AHRS_IMU_Pitch                           0x20000104   Data           4  ahrs_imu.o(.data)
    AHRS_IMU_Roll                            0x20000108   Data           4  ahrs_imu.o(.data)
    AHRS_IMU_Yaw                             0x2000010c   Data           4  ahrs_imu.o(.data)
    sampleFreq                               0x20000110   Data           4  ahrs_imu.o(.data)
    beta                                     0x20000114   Data           4  ahrs_imu.o(.data)
    twoKp                                    0x20000118   Data           4  ahrs_imu.o(.data)
    twoKi                                    0x2000011c   Data           4  ahrs_imu.o(.data)
    integralFBx                              0x20000120   Data           4  ahrs_imu.o(.data)
    integralFBy                              0x20000124   Data           4  ahrs_imu.o(.data)
    integralFBz                              0x20000128   Data           4  ahrs_imu.o(.data)
    AHRS_IMU_ACCEL_Last_X                    0x2000012c   Data           4  ahrs_imu.o(.data)
    AHRS_IMU_ACCEL_Last_Y                    0x20000130   Data           4  ahrs_imu.o(.data)
    AHRS_IMU_ACCEL_Last_Z                    0x20000134   Data           4  ahrs_imu.o(.data)
    AHRS_IMU_TEMPER_Last_O                   0x20000138   Data           4  ahrs_imu.o(.data)
    AHRS_IMU_GYRO_Last_X                     0x2000013c   Data           4  ahrs_imu.o(.data)
    AHRS_IMU_GYRO_Last_Y                     0x20000140   Data           4  ahrs_imu.o(.data)
    AHRS_IMU_GYRO_Last_Z                     0x20000144   Data           4  ahrs_imu.o(.data)
    AHRS_IMU_MAG_Last_X                      0x20000148   Data           4  ahrs_imu.o(.data)
    AHRS_IMU_MAG_Last_Y                      0x2000014c   Data           4  ahrs_imu.o(.data)
    AHRS_IMU_MAG_Last_Z                      0x20000150   Data           4  ahrs_imu.o(.data)
    OS_CPU_ExceptStkBase                     0x20000154   Data           4  os_cpu_c.o(.data)
    OSIdleTaskCtr                            0x20000158   Data           4  os_var.o(.data)
    OSIntNestingCtr                          0x2000015c   Data           1  os_var.o(.data)
    OSRunning                                0x2000015d   Data           1  os_var.o(.data)
    OSIntQInPtr                              0x20000160   Data           4  os_var.o(.data)
    OSIntQOutPtr                             0x20000164   Data           4  os_var.o(.data)
    OSIntQNbrEntries                         0x20000168   Data           2  os_var.o(.data)
    OSIntQMaxNbrEntries                      0x2000016a   Data           2  os_var.o(.data)
    OSIntQOvfCtr                             0x2000016c   Data           2  os_var.o(.data)
    OSIntQTaskTimeMax                        0x20000170   Data           4  os_var.o(.data)
    OSMemDbgListPtr                          0x20000174   Data           4  os_var.o(.data)
    OSMemQty                                 0x20000178   Data           2  os_var.o(.data)
    OSMsgPool                                0x2000017c   Data           8  os_var.o(.data)
    OSPrioCur                                0x20000184   Data           1  os_var.o(.data)
    OSPrioHighRdy                            0x20000185   Data           1  os_var.o(.data)
    OSPrioSaved                              0x20000186   Data           1  os_var.o(.data)
    OSSchedLockNestingCtr                    0x20000187   Data           1  os_var.o(.data)
    OSSchedRoundRobinDfltTimeQuanta          0x20000188   Data           4  os_var.o(.data)
    OSSchedRoundRobinEn                      0x2000018c   Data           1  os_var.o(.data)
    OSStatTaskCPUUsage                       0x2000018d   Data           1  os_var.o(.data)
    OSStatTaskCtr                            0x20000190   Data           4  os_var.o(.data)
    OSStatTaskCtrMax                         0x20000194   Data           4  os_var.o(.data)
    OSStatTaskCtrRun                         0x20000198   Data           4  os_var.o(.data)
    OSStatTaskRdy                            0x2000019c   Data           1  os_var.o(.data)
    OSStatTaskTimeMax                        0x200001a0   Data           4  os_var.o(.data)
    OSStatResetFlag                          0x200001a4   Data           1  os_var.o(.data)
    OSTaskCtxSwCtr                           0x200001a8   Data           4  os_var.o(.data)
    OSTaskDbgListPtr                         0x200001ac   Data           4  os_var.o(.data)
    OSTaskQty                                0x200001b0   Data           2  os_var.o(.data)
    OSTickCtr                                0x200001b4   Data           4  os_var.o(.data)
    OSTickTaskTimeMax                        0x200001b8   Data           4  os_var.o(.data)
    OSTCBCurPtr                              0x200001bc   Data           4  os_var.o(.data)
    OSTCBHighRdyPtr                          0x200001c0   Data           4  os_var.o(.data)
    OSPrioTbl                                0x200001c4   Data           4  os_prio.o(.data)
    BSP_USART1_SendBuffer_ANO                0x200001dc   Data          64  bsp_usart.o(.bss)
    UploadData_Buffer                        0x2000021c   Data          43  bsp_usart.o(.bss)
    UploadData                               0x20000248   Data          44  bsp_usart.o(.bss)
    AHRS_MPU6050_GYRO_FIFO_X                 0x20000274   Data          20  ahrs_mpu6050.o(.bss)
    AHRS_MPU6050_GYRO_FIFO_Y                 0x20000288   Data          20  ahrs_mpu6050.o(.bss)
    AHRS_MPU6050_GYRO_FIFO_Z                 0x2000029c   Data          20  ahrs_mpu6050.o(.bss)
    AHRS_MPU6050_TEMPER_FIFO_O               0x200002b0   Data          20  ahrs_mpu6050.o(.bss)
    AHRS_MPU6050_ACCEL_FIFO_X                0x200002c4   Data          20  ahrs_mpu6050.o(.bss)
    AHRS_MPU6050_ACCEL_FIFO_Y                0x200002d8   Data          20  ahrs_mpu6050.o(.bss)
    AHRS_MPU6050_ACCEL_FIFO_Z                0x200002ec   Data          20  ahrs_mpu6050.o(.bss)
    AHRS_HMC5883L_MAG_FIFO_X                 0x20000300   Data          20  ahrs_hmc5883l.o(.bss)
    AHRS_HMC5883L_MAG_FIFO_Y                 0x20000314   Data          20  ahrs_hmc5883l.o(.bss)
    AHRS_HMC5883L_MAG_FIFO_Z                 0x20000328   Data          20  ahrs_hmc5883l.o(.bss)
    q                                        0x2000033c   Data          16  ahrs_imu.o(.bss)
    OSIdleTaskTCB                            0x2000034c   Data         120  os_var.o(.bss)
    OSIntQTaskTCB                            0x200003c4   Data         120  os_var.o(.bss)
    OSRdyList                                0x2000043c   Data          96  os_var.o(.bss)
    OSStatTaskTCB                            0x2000049c   Data         120  os_var.o(.bss)
    OSTickTaskTCB                            0x20000514   Data         120  os_var.o(.bss)
    OSCfg_IdleTaskStk                        0x2000058c   Data         512  os_cfg_app.o(.bss)
    OSCfg_IntQ                               0x2000078c   Data         320  os_cfg_app.o(.bss)
    OSCfg_IntQTaskStk                        0x200008cc   Data         512  os_cfg_app.o(.bss)
    OSCfg_ISRStk                             0x20000acc   Data         512  os_cfg_app.o(.bss)
    OSCfg_StatTaskStk                        0x20000ccc   Data         512  os_cfg_app.o(.bss)
    OSCfg_TickTaskStk                        0x20000ecc   Data         512  os_cfg_app.o(.bss)
    OSCfg_TickWheel                          0x200010cc   Data         104  os_cfg_app.o(.bss)
    __libspace_start                         0x20001134   Data          96  libspace.o(.bss)
    __temporary_stack_top$libspace           0x20001194   Data           0  libspace.o(.bss)



==============================================================================

Memory Map of the image

  Image Entry point : 0x080000ed

  Load Region LR_IROM1 (Base: 0x08000000, Size: 0x00007084, Max: 0x00010000, ABSOLUTE, COMPRESSED[0x00006f18])

    Execution Region ER_IROM1 (Base: 0x08000000, Size: 0x00006ea8, Max: 0x00010000, ABSOLUTE)

    Base Addr    Size         Type   Attr      Idx    E Section Name        Object

    0x08000000   0x000000ec   Data   RO         4046    RESET               startup_stm32f10x_md.o
    0x080000ec   0x00000008   Code   RO         4107  * !!!main             c_w.l(__main.o)
    0x080000f4   0x00000034   Code   RO         4400    !!!scatter          c_w.l(__scatter.o)
    0x08000128   0x0000005a   Code   RO         4398    !!dczerorl2         c_w.l(__dczerorl2.o)
    0x08000182   0x00000002   PAD
    0x08000184   0x0000001c   Code   RO         4402    !!handler_zi        c_w.l(__scatter_zi.o)
    0x080001a0   0x00000002   Code   RO         4268    .ARM.Collect$$libinit$$00000000  c_w.l(libinit.o)
    0x080001a2   0x00000000   Code   RO         4274    .ARM.Collect$$libinit$$00000002  c_w.l(libinit2.o)
    0x080001a2   0x00000000   Code   RO         4276    .ARM.Collect$$libinit$$00000004  c_w.l(libinit2.o)
    0x080001a2   0x00000000   Code   RO         4279    .ARM.Collect$$libinit$$0000000A  c_w.l(libinit2.o)
    0x080001a2   0x00000000   Code   RO         4281    .ARM.Collect$$libinit$$0000000C  c_w.l(libinit2.o)
    0x080001a2   0x00000000   Code   RO         4283    .ARM.Collect$$libinit$$0000000E  c_w.l(libinit2.o)
    0x080001a2   0x00000000   Code   RO         4286    .ARM.Collect$$libinit$$00000011  c_w.l(libinit2.o)
    0x080001a2   0x00000000   Code   RO         4288    .ARM.Collect$$libinit$$00000013  c_w.l(libinit2.o)
    0x080001a2   0x00000000   Code   RO         4290    .ARM.Collect$$libinit$$00000015  c_w.l(libinit2.o)
    0x080001a2   0x00000000   Code   RO         4292    .ARM.Collect$$libinit$$00000017  c_w.l(libinit2.o)
    0x080001a2   0x00000000   Code   RO         4294    .ARM.Collect$$libinit$$00000019  c_w.l(libinit2.o)
    0x080001a2   0x00000000   Code   RO         4296    .ARM.Collect$$libinit$$0000001B  c_w.l(libinit2.o)
    0x080001a2   0x00000000   Code   RO         4298    .ARM.Collect$$libinit$$0000001D  c_w.l(libinit2.o)
    0x080001a2   0x00000000   Code   RO         4300    .ARM.Collect$$libinit$$0000001F  c_w.l(libinit2.o)
    0x080001a2   0x00000000   Code   RO         4302    .ARM.Collect$$libinit$$00000021  c_w.l(libinit2.o)
    0x080001a2   0x00000000   Code   RO         4304    .ARM.Collect$$libinit$$00000023  c_w.l(libinit2.o)
    0x080001a2   0x00000000   Code   RO         4306    .ARM.Collect$$libinit$$00000025  c_w.l(libinit2.o)
    0x080001a2   0x00000000   Code   RO         4310    .ARM.Collect$$libinit$$0000002C  c_w.l(libinit2.o)
    0x080001a2   0x00000000   Code   RO         4312    .ARM.Collect$$libinit$$0000002E  c_w.l(libinit2.o)
    0x080001a2   0x00000000   Code   RO         4314    .ARM.Collect$$libinit$$00000030  c_w.l(libinit2.o)
    0x080001a2   0x00000000   Code   RO         4316    .ARM.Collect$$libinit$$00000032  c_w.l(libinit2.o)
    0x080001a2   0x00000002   Code   RO         4317    .ARM.Collect$$libinit$$00000033  c_w.l(libinit2.o)
    0x080001a4   0x00000002   Code   RO         4339    .ARM.Collect$$libshutdown$$00000000  c_w.l(libshutdown.o)
    0x080001a6   0x00000000   Code   RO         4353    .ARM.Collect$$libshutdown$$00000003  c_w.l(libshutdown2.o)
    0x080001a6   0x00000000   Code   RO         4356    .ARM.Collect$$libshutdown$$00000006  c_w.l(libshutdown2.o)
    0x080001a6   0x00000000   Code   RO         4359    .ARM.Collect$$libshutdown$$00000009  c_w.l(libshutdown2.o)
    0x080001a6   0x00000000   Code   RO         4361    .ARM.Collect$$libshutdown$$0000000B  c_w.l(libshutdown2.o)
    0x080001a6   0x00000000   Code   RO         4364    .ARM.Collect$$libshutdown$$0000000E  c_w.l(libshutdown2.o)
    0x080001a6   0x00000002   Code   RO         4365    .ARM.Collect$$libshutdown$$0000000F  c_w.l(libshutdown2.o)
    0x080001a8   0x00000000   Code   RO         4181    .ARM.Collect$$rtentry$$00000000  c_w.l(__rtentry.o)
    0x080001a8   0x00000000   Code   RO         4233    .ARM.Collect$$rtentry$$00000002  c_w.l(__rtentry2.o)
    0x080001a8   0x00000006   Code   RO         4245    .ARM.Collect$$rtentry$$00000004  c_w.l(__rtentry4.o)
    0x080001ae   0x00000000   Code   RO         4235    .ARM.Collect$$rtentry$$00000009  c_w.l(__rtentry2.o)
    0x080001ae   0x00000004   Code   RO         4236    .ARM.Collect$$rtentry$$0000000A  c_w.l(__rtentry2.o)
    0x080001b2   0x00000000   Code   RO         4238    .ARM.Collect$$rtentry$$0000000C  c_w.l(__rtentry2.o)
    0x080001b2   0x00000008   Code   RO         4239    .ARM.Collect$$rtentry$$0000000D  c_w.l(__rtentry2.o)
    0x080001ba   0x00000002   Code   RO         4271    .ARM.Collect$$rtexit$$00000000  c_w.l(rtexit.o)
    0x080001bc   0x00000000   Code   RO         4321    .ARM.Collect$$rtexit$$00000002  c_w.l(rtexit2.o)
    0x080001bc   0x00000004   Code   RO         4322    .ARM.Collect$$rtexit$$00000003  c_w.l(rtexit2.o)
    0x080001c0   0x00000006   Code   RO         4323    .ARM.Collect$$rtexit$$00000004  c_w.l(rtexit2.o)
    0x080001c6   0x00000002   PAD
    0x080001c8   0x00000084   Code   RO         1005    .text               os_cpu_a.o
    0x0800024c   0x0000002a   Code   RO         1730    .text               cpu_a.o
    0x08000276   0x00000002   PAD
    0x08000278   0x00000040   Code   RO         4047    .text               startup_stm32f10x_md.o
    0x080002b8   0x00000064   Code   RO         4101    .text               c_w.l(rt_memcpy_w.o)
    0x0800031c   0x0000004e   Code   RO         4103    .text               c_w.l(rt_memclr_w.o)
    0x0800036a   0x00000006   Code   RO         4105    .text               c_w.l(heapauxi.o)
    0x08000370   0x00000016   Code   RO         4182    .text               c_w.l(_rserrno.o)
    0x08000386   0x00000002   PAD
    0x08000388   0x00000008   Code   RO         4250    .text               c_w.l(rt_errno_addr_intlibspace.o)
    0x08000390   0x00000008   Code   RO         4256    .text               c_w.l(libspace.o)
    0x08000398   0x0000004a   Code   RO         4259    .text               c_w.l(sys_stackheap_outer.o)
    0x080003e2   0x0000000c   Code   RO         4261    .text               c_w.l(exit.o)
    0x080003ee   0x00000002   PAD
    0x080003f0   0x0000000c   Code   RO         4331    .text               c_w.l(sys_exit.o)
    0x080003fc   0x00000002   Code   RO         4342    .text               c_w.l(use_no_semi.o)
    0x080003fe   0x00000000   Code   RO         4344    .text               c_w.l(indicate_semi.o)
    0x080003fe   0x00000002   PAD
    0x08000400   0x00000040   Code   RO          794    i.AHRS_HMC5883L_Calibrate_Read  ahrs_hmc5883l.o
    0x08000440   0x000000a8   Code   RO          795    i.AHRS_HMC5883L_Calibrate_Saving  ahrs_hmc5883l.o
    0x080004e8   0x00000288   Code   RO          796    i.AHRS_HMC5883L_GetFilterData  ahrs_hmc5883l.o
    0x08000770   0x0000009c   Code   RO          797    i.AHRS_HMC5883L_Init  ahrs_hmc5883l.o
    0x0800080c   0x00000058   Code   RO          798    i.AHRS_HMC5883L_ReadData  ahrs_hmc5883l.o
    0x08000864   0x000000d4   Code   RO          850    i.AHRS_IMU_GetSensor  ahrs_imu.o
    0x08000938   0x00000214   Code   RO          851    i.AHRS_IMU_Get_Angle  ahrs_imu.o
    0x08000b4c   0x00000060   Code   RO          852    i.AHRS_IMU_Init     ahrs_imu.o
    0x08000bac   0x00000030   Code   RO          853    i.AHRS_IMU_Update   ahrs_imu.o
    0x08000bdc   0x000002a0   Code   RO          750    i.AHRS_MPU6050_GetFilterData  ahrs_mpu6050.o
    0x08000e7c   0x00000090   Code   RO          751    i.AHRS_MPU6050_Init  ahrs_mpu6050.o
    0x08000f0c   0x000000b4   Code   RO          752    i.AHRS_MPU6050_ReadData  ahrs_mpu6050.o
    0x08000fc0   0x00000020   Code   RO          696    i.BSP_FLASH_Read    bsp_flash.o
    0x08000fe0   0x00000110   Code   RO          697    i.BSP_FLASH_Write   bsp_flash.o
    0x080010f0   0x00000014   Code   RO          355    i.BSP_LED1_OFF      bsp_led.o
    0x08001104   0x00000014   Code   RO          356    i.BSP_LED1_ON       bsp_led.o
    0x08001118   0x00000014   Code   RO          358    i.BSP_LED2_OFF      bsp_led.o
    0x0800112c   0x00000014   Code   RO          359    i.BSP_LED2_ON       bsp_led.o
    0x08001140   0x00000014   Code   RO          361    i.BSP_LED3_OFF      bsp_led.o
    0x08001154   0x00000014   Code   RO          362    i.BSP_LED3_ON       bsp_led.o
    0x08001168   0x0000004c   Code   RO          364    i.BSP_LED_Init      bsp_led.o
    0x080011b4   0x00000124   Code   RO          454    i.BSP_Timer4_Init   bsp_timer4.o
    0x080012d8   0x000000f8   Code   RO          631    i.BSP_USART1_Init   bsp_usart.o
    0x080013d0   0x00000018   Code   RO         2185    i.DMA_Cmd           stm32f10x_dma.o
    0x080013e8   0x0000003c   Code   RO         2191    i.DMA_Init          stm32f10x_dma.o
    0x08001424   0x0000016c   Code   RO          633    i.DMA_Update_UploadData  bsp_usart.o
    0x08001590   0x0000000c   Code   RO         2267    i.FLASH_ClearFlag   stm32f10x_flash.o
    0x0800159c   0x0000004c   Code   RO         2272    i.FLASH_ErasePage   stm32f10x_flash.o
    0x080015e8   0x00000034   Code   RO         2273    i.FLASH_GetBank1Status  stm32f10x_flash.o
    0x0800161c   0x00000014   Code   RO         2283    i.FLASH_LockBank1   stm32f10x_flash.o
    0x08001630   0x0000006c   Code   RO         2287    i.FLASH_ProgramWord  stm32f10x_flash.o
    0x0800169c   0x00000018   Code   RO         2291    i.FLASH_UnlockBank1  stm32f10x_flash.o
    0x080016b4   0x00000026   Code   RO         2294    i.FLASH_WaitForLastOperation  stm32f10x_flash.o
    0x080016da   0x00000116   Code   RO         2591    i.GPIO_Init         stm32f10x_gpio.o
    0x080017f0   0x00000012   Code   RO         2597    i.GPIO_ReadOutputDataBit  stm32f10x_gpio.o
    0x08001802   0x00000004   Code   RO         2598    i.GPIO_ResetBits    stm32f10x_gpio.o
    0x08001806   0x00000004   Code   RO         2599    i.GPIO_SetBits      stm32f10x_gpio.o
    0x0800180a   0x00000038   Code   RO          484    i.I2C_Soft_Ack      bsp_i2c1_soft.o
    0x08001842   0x00000002   PAD
    0x08001844   0x0000005c   Code   RO          485    i.I2C_Soft_Init     bsp_i2c1_soft.o
    0x080018a0   0x00000038   Code   RO          486    i.I2C_Soft_NAck     bsp_i2c1_soft.o
    0x080018d8   0x00000082   Code   RO          488    i.I2C_Soft_ReadBytes  bsp_i2c1_soft.o
    0x0800195a   0x0000005a   Code   RO          490    i.I2C_Soft_Read_Byte  bsp_i2c1_soft.o
    0x080019b4   0x00000018   Code   RO          491    i.I2C_Soft_SCL_OUT  bsp_i2c1_soft.o
    0x080019cc   0x00000024   Code   RO          492    i.I2C_Soft_SDA_IN   bsp_i2c1_soft.o
    0x080019f0   0x00000018   Code   RO          493    i.I2C_Soft_SDA_OUT  bsp_i2c1_soft.o
    0x08001a08   0x00000040   Code   RO          494    i.I2C_Soft_SDA_Set_IN  bsp_i2c1_soft.o
    0x08001a48   0x00000040   Code   RO          495    i.I2C_Soft_SDA_Set_OUT  bsp_i2c1_soft.o
    0x08001a88   0x00000050   Code   RO          496    i.I2C_Soft_Send_Byte  bsp_i2c1_soft.o
    0x08001ad8   0x00000038   Code   RO          497    i.I2C_Soft_Start    bsp_i2c1_soft.o
    0x08001b10   0x00000038   Code   RO          498    i.I2C_Soft_Stop     bsp_i2c1_soft.o
    0x08001b48   0x00000058   Code   RO          499    i.I2C_Soft_Wait_Ack  bsp_i2c1_soft.o
    0x08001ba0   0x0000005c   Code   RO          503    i.I2C_Soft_WriteBytes  bsp_i2c1_soft.o
    0x08001bfc   0x000008c8   Code   RO          854    i.IMU1              ahrs_imu.o
    0x080024c4   0x00000818   Code   RO          855    i.IMU2              ahrs_imu.o
    0x08002cdc   0x00000ef0   Code   RO          856    i.IMU3              ahrs_imu.o
    0x08003bcc   0x0000065c   Code   RO          857    i.MadgwickAHRSupdateIMU  ahrs_imu.o
    0x08004228   0x00000500   Code   RO          858    i.MahonyAHRSupdateIMU  ahrs_imu.o
    0x08004728   0x00000070   Code   RO         2135    i.NVIC_Init         misc.o
    0x08004798   0x0000002c   Code   RO         1477    i.OSIntEnter        os_core.o
    0x080047c4   0x000000d4   Code   RO         1478    i.OSIntExit         os_core.o
    0x08004898   0x00000002   Code   RO         1015    i.OSTaskSwHook      os_cpu_c.o
    0x0800489a   0x00000002   PAD
    0x0800489c   0x00000040   Code   RO         1099    i.OSTimeTick        os_time.o
    0x080048dc   0x00000002   Code   RO         1016    i.OSTimeTickHook    os_cpu_c.o
    0x080048de   0x00000002   PAD
    0x080048e0   0x000000f8   Code   RO         1425    i.OS_IntQPost       os_int.o
    0x080049d8   0x00000028   Code   RO         1334    i.OS_PrioGetHighest  os_prio.o
    0x08004a00   0x00000024   Code   RO         1336    i.OS_PrioInsert     os_prio.o
    0x08004a24   0x00000020   Code   RO         2928    i.RCC_AHBPeriphClockCmd  stm32f10x_rcc.o
    0x08004a44   0x00000020   Code   RO         2929    i.RCC_APB1PeriphClockCmd  stm32f10x_rcc.o
    0x08004a64   0x00000020   Code   RO         2931    i.RCC_APB2PeriphClockCmd  stm32f10x_rcc.o
    0x08004a84   0x000000d4   Code   RO         2939    i.RCC_GetClocksFreq  stm32f10x_rcc.o
    0x08004b58   0x00000008   Code   RO         4054    i.SetSysClock       system_stm32f10x.o
    0x08004b60   0x000000e0   Code   RO         4055    i.SetSysClockTo72   system_stm32f10x.o
    0x08004c40   0x00000010   Code   RO          185    i.SysTick_Handler   irq.o
    0x08004c50   0x00000060   Code   RO         4057    i.SystemInit        system_stm32f10x.o
    0x08004cb0   0x00000058   Code   RO          186    i.TIM3_IRQHandler   irq.o
    0x08004d08   0x00000018   Code   RO         3299    i.TIM_ARRPreloadConfig  stm32f10x_tim.o
    0x08004d20   0x00000006   Code   RO         3306    i.TIM_ClearITPendingBit  stm32f10x_tim.o
    0x08004d26   0x00000018   Code   RO         3311    i.TIM_Cmd           stm32f10x_tim.o
    0x08004d3e   0x00000022   Code   RO         3332    i.TIM_GetITStatus   stm32f10x_tim.o
    0x08004d60   0x00000012   Code   RO         3336    i.TIM_ITConfig      stm32f10x_tim.o
    0x08004d72   0x00000006   Code   RO         3360    i.TIM_PrescalerConfig  stm32f10x_tim.o
    0x08004d78   0x00000012   Code   RO         3364    i.TIM_SelectInputTrigger  stm32f10x_tim.o
    0x08004d8a   0x00000012   Code   RO         3365    i.TIM_SelectMasterSlaveMode  stm32f10x_tim.o
    0x08004d9c   0x00000012   Code   RO         3368    i.TIM_SelectOutputTrigger  stm32f10x_tim.o
    0x08004dae   0x00000012   Code   RO         3369    i.TIM_SelectSlaveMode  stm32f10x_tim.o
    0x08004dc0   0x000000a4   Code   RO         3382    i.TIM_TimeBaseInit  stm32f10x_tim.o
    0x08004e64   0x00000012   Code   RO         3383    i.TIM_TimeBaseStructInit  stm32f10x_tim.o
    0x08004e76   0x00000018   Code   RO         3384    i.TIM_UpdateDisableConfig  stm32f10x_tim.o
    0x08004e8e   0x00000018   Code   RO         3385    i.TIM_UpdateRequestConfig  stm32f10x_tim.o
    0x08004ea6   0x00000002   PAD
    0x08004ea8   0x00000164   Code   RO          187    i.USART1_IRQHandler  irq.o
    0x0800500c   0x0000001e   Code   RO         3856    i.USART_ClearITPendingBit  stm32f10x_usart.o
    0x0800502a   0x00000018   Code   RO         3859    i.USART_Cmd         stm32f10x_usart.o
    0x08005042   0x00000012   Code   RO         3860    i.USART_DMACmd      stm32f10x_usart.o
    0x08005054   0x00000054   Code   RO         3863    i.USART_GetITStatus  stm32f10x_usart.o
    0x080050a8   0x0000004a   Code   RO         3865    i.USART_ITConfig    stm32f10x_usart.o
    0x080050f2   0x00000002   PAD
    0x080050f4   0x000000d8   Code   RO         3866    i.USART_Init        stm32f10x_usart.o
    0x080051cc   0x0000000a   Code   RO         3873    i.USART_ReceiveData  stm32f10x_usart.o
    0x080051d6   0x00000028   Code   RO         4227    i.__ARM_fpclassify  m_ws.l(fpclassify.o)
    0x080051fe   0x000000aa   Code   RO         4229    i.__kernel_poly     m_ws.l(poly.o)
    0x080052a8   0x00000006   Code   RO         4214    i.__mathlib_dbl_infnan  m_ws.l(dunder.o)
    0x080052ae   0x00000004   Code   RO         4215    i.__mathlib_dbl_infnan2  m_ws.l(dunder.o)
    0x080052b2   0x0000000c   Code   RO         4216    i.__mathlib_dbl_invalid  m_ws.l(dunder.o)
    0x080052be   0x00000002   PAD
    0x080052c0   0x00000010   Code   RO         4219    i.__mathlib_dbl_underflow  m_ws.l(dunder.o)
    0x080052d0   0x00000270   Code   RO         4156    i.asin              m_ws.l(asin.o)
    0x08005540   0x00000220   Code   RO         4204    i.atan              m_ws.l(atan.o)
    0x08005760   0x00000180   Code   RO         4166    i.atan2             m_ws.l(atan2.o)
    0x080058e0   0x0000007c   Code   RO          636    i.cal_CRC           bsp_usart.o
    0x0800595c   0x00000018   Code   RO          504    i.i2c_delayus       bsp_i2c1_soft.o
    0x08005974   0x0000004c   Code   RO          859    i.invSqrt           ahrs_imu.o
    0x080059c0   0x00000088   Code   RO            4    i.main              main.o
    0x08005a48   0x00000018   Code   RO          455    i.micros            bsp_timer4.o
    0x08005a60   0x0000004c   Code   RO         4174    i.sqrt              m_ws.l(sqrt.o)
    0x08005aac   0x00000062   Code   RO         4109    x$fpl$d2f           fz_ws.l(d2f.o)
    0x08005b0e   0x00000002   PAD
    0x08005b10   0x00000150   Code   RO         4111    x$fpl$dadd          fz_ws.l(daddsub_clz.o)
    0x08005c60   0x00000010   Code   RO         4252    x$fpl$dcheck1       fz_ws.l(dcheck1.o)
    0x08005c70   0x000002b0   Code   RO         4118    x$fpl$ddiv          fz_ws.l(ddiv.o)
    0x08005f20   0x00000154   Code   RO         4121    x$fpl$dmul          fz_ws.l(dmul.o)
    0x08006074   0x0000009c   Code   RO         4186    x$fpl$dnaninf       fz_ws.l(dnaninf.o)
    0x08006110   0x0000000c   Code   RO         4188    x$fpl$dretinf       fz_ws.l(dretinf.o)
    0x0800611c   0x00000016   Code   RO         4112    x$fpl$drsb          fz_ws.l(daddsub_clz.o)
    0x08006132   0x00000002   PAD
    0x08006134   0x000001cc   Code   RO         4190    x$fpl$dsqrt         fz_ws.l(dsqrt_noumaal.o)
    0x08006300   0x000001d4   Code   RO         4113    x$fpl$dsub          fz_ws.l(daddsub_clz.o)
    0x080064d4   0x00000056   Code   RO         4123    x$fpl$f2d           fz_ws.l(f2d.o)
    0x0800652a   0x00000002   PAD
    0x0800652c   0x000000c4   Code   RO         4125    x$fpl$fadd          fz_ws.l(faddsub_clz.o)
    0x080065f0   0x00000018   Code   RO         4192    x$fpl$fcmpinf       fz_ws.l(fcmpi.o)
    0x08006608   0x00000184   Code   RO         4132    x$fpl$fdiv          fz_ws.l(fdiv.o)
    0x0800678c   0x00000068   Code   RO         4135    x$fpl$feqf          fz_ws.l(feqf.o)
    0x080067f4   0x0000003e   Code   RO         4141    x$fpl$ffixu         fz_ws.l(ffixu.o)
    0x08006832   0x00000002   PAD
    0x08006834   0x00000030   Code   RO         4146    x$fpl$fflt          fz_ws.l(fflt_clz.o)
    0x08006864   0x00000026   Code   RO         4145    x$fpl$ffltu         fz_ws.l(fflt_clz.o)
    0x0800688a   0x00000002   PAD
    0x0800688c   0x00000068   Code   RO         4194    x$fpl$fleqf         fz_ws.l(fleqf.o)
    0x080068f4   0x00000102   Code   RO         4151    x$fpl$fmul          fz_ws.l(fmul.o)
    0x080069f6   0x0000008c   Code   RO         4196    x$fpl$fnaninf       fz_ws.l(fnaninf.o)
    0x08006a82   0x0000000a   Code   RO         4198    x$fpl$fretinf       fz_ws.l(fretinf.o)
    0x08006a8c   0x00000062   Code   RO         4153    x$fpl$frleqf        fz_ws.l(frleqf.o)
    0x08006aee   0x00000014   Code   RO         4126    x$fpl$frsb          fz_ws.l(faddsub_clz.o)
    0x08006b02   0x00000002   PAD
    0x08006b04   0x000000ea   Code   RO         4127    x$fpl$fsub          fz_ws.l(faddsub_clz.o)
    0x08006bee   0x00000064   Code   RO         4269    x$fpl$retnan        fz_ws.l(retnan.o)
    0x08006c52   0x0000005c   Code   RO         4200    x$fpl$scalbn        fz_ws.l(scalbn.o)
    0x08006cae   0x00000030   Code   RO         4318    x$fpl$trapveneer    fz_ws.l(trapv.o)
    0x08006cde   0x00000000   Code   RO         4202    x$fpl$usenofp       fz_ws.l(usenofp.o)
    0x08006cde   0x00000002   PAD
    0x08006ce0   0x0000000c   Data   RO          754    .constdata          ahrs_mpu6050.o
    0x08006cec   0x00000006   Data   RO          800    .constdata          ahrs_hmc5883l.o
    0x08006cf2   0x00000002   PAD
    0x08006cf4   0x000000a4   Data   RO         1712    .constdata          os_cfg_app.o
    0x08006d98   0x00000050   Data   RO         4157    .constdata          m_ws.l(asin.o)
    0x08006de8   0x00000098   Data   RO         4205    .constdata          m_ws.l(atan.o)
    0x08006e80   0x00000008   Data   RO         4231    .constdata          m_ws.l(qnan.o)
    0x08006e88   0x00000020   Data   RO         4396    Region$$Table       anon$$obj.o


    Execution Region RW_IRAM1 (Base: 0x20000000, Size: 0x00001798, Max: 0x00005000, ABSOLUTE, COMPRESSED[0x00000070])

    Base Addr    Size         Type   Attr      Idx    E Section Name        Object

    0x20000000   0x00000028   Data   RW            6    .data               main.o
    0x20000028   0x0000000a   Data   RW          188    .data               irq.o
    0x20000032   0x00000002   PAD
    0x20000034   0x00000024   Data   RW          638    .data               bsp_usart.o
    0x20000058   0x00000016   Data   RW          698    .data               bsp_flash.o
    0x2000006e   0x00000023   Data   RW          755    .data               ahrs_mpu6050.o
    0x20000091   0x00000003   PAD
    0x20000094   0x0000003b   Data   RW          801    .data               ahrs_hmc5883l.o
    0x200000cf   0x00000001   PAD
    0x200000d0   0x00000084   Data   RW          861    .data               ahrs_imu.o
    0x20000154   0x00000004   Data   RW         1017    .data               os_cpu_c.o
    0x20000158   0x0000006c   Data   RW         1075    .data               os_var.o
    0x200001c4   0x00000004   Data   RW         1338    .data               os_prio.o
    0x200001c8   0x00000014   Data   RW         2959    .data               stm32f10x_rcc.o
    0x200001dc   0x00000098   Zero   RW          637    .bss                bsp_usart.o
    0x20000274   0x0000008c   Zero   RW          753    .bss                ahrs_mpu6050.o
    0x20000300   0x0000003c   Zero   RW          799    .bss                ahrs_hmc5883l.o
    0x2000033c   0x00000010   Zero   RW          860    .bss                ahrs_imu.o
    0x2000034c   0x00000240   Zero   RW         1074    .bss                os_var.o
    0x2000058c   0x00000ba8   Zero   RW         1711    .bss                os_cfg_app.o
    0x20001134   0x00000060   Zero   RW         4257    .bss                c_w.l(libspace.o)
    0x20001194   0x00000004   PAD
    0x20001198   0x00000200   Zero   RW         4045    HEAP                startup_stm32f10x_md.o
    0x20001398   0x00000400   Zero   RW         4044    STACK               startup_stm32f10x_md.o


==============================================================================

Image component sizes


      Code (inc. data)   RO Data    RW Data    ZI Data      Debug   Object Name

      1124        192          6         59         60       5583   ahrs_hmc5883l.o
     12016        664          0        132         16      13639   ahrs_imu.o
       996        146         12         35        140       4611   ahrs_mpu6050.o
       304         34          0         22          0       2659   bsp_flash.o
      1032         32          0          0          0       9364   bsp_i2c1_soft.o
       196         42          0          0          0       3054   bsp_led.o
       316         22          0          0          0       1087   bsp_timer4.o
       736         90          0         36        152       3646   bsp_usart.o
        42          0          0          0          0        284   cpu_a.o
       460         70          0         10          0      24473   irq.o
       136         16          0         40          0     295176   main.o
       112         12          0          0          0       1140   misc.o
         0          0        164          0       2984      17679   os_cfg_app.o
       256         48          0          0          0       1037   os_core.o
       132         32          0          0          0        304   os_cpu_a.o
         4          0          0          4          0       1611   os_cpu_c.o
       248         38          0          0          0       1178   os_int.o
        76          8          0          4          0       1632   os_prio.o
        64         14          0          0          0        521   os_time.o
         0          0          0        108        576      16575   os_var.o
        64         26        236          0       1536        816   startup_stm32f10x_md.o
        84          0          0          0          0       2921   stm32f10x_dma.o
       330         38          0          0          0       5658   stm32f10x_flash.o
       304          0          0          0          0       3849   stm32f10x_gpio.o
       308         38          0         20          0       5210   stm32f10x_rcc.o
       414         42          0          0          0       9225   stm32f10x_tim.o
       456          6          0          0          0       6495   stm32f10x_usart.o
       328         28          0          0          0       2005   system_stm32f10x.o

    ----------------------------------------------------------------------
     20550       1638        452        476       5464     441432   Object Totals
         0          0         32          0          0          0   (incl. Generated)
        12          0          2          6          0          0   (incl. Padding)

    ----------------------------------------------------------------------

      Code (inc. data)   RO Data    RW Data    ZI Data      Debug   Library Member Name

        90          0          0          0          0          0   __dczerorl2.o
         8          0          0          0          0         68   __main.o
         0          0          0          0          0          0   __rtentry.o
        12          0          0          0          0          0   __rtentry2.o
         6          0          0          0          0          0   __rtentry4.o
        52          8          0          0          0          0   __scatter.o
        28          0          0          0          0          0   __scatter_zi.o
        22          0          0          0          0        100   _rserrno.o
        12          0          0          0          0         72   exit.o
         6          0          0          0          0        152   heapauxi.o
         0          0          0          0          0          0   indicate_semi.o
         2          0          0          0          0          0   libinit.o
         2          0          0          0          0          0   libinit2.o
         2          0          0          0          0          0   libshutdown.o
         2          0          0          0          0          0   libshutdown2.o
         8          4          0          0         96         68   libspace.o
         8          4          0          0          0         68   rt_errno_addr_intlibspace.o
        78          0          0          0          0         80   rt_memclr_w.o
       100          0          0          0          0         80   rt_memcpy_w.o
         2          0          0          0          0          0   rtexit.o
        10          0          0          0          0          0   rtexit2.o
        12          4          0          0          0         68   sys_exit.o
        74          0          0          0          0         80   sys_stackheap_outer.o
         2          0          0          0          0         68   use_no_semi.o
        98          4          0          0          0         92   d2f.o
       826         16          0          0          0        348   daddsub_clz.o
        16          4          0          0          0         68   dcheck1.o
       688        140          0          0          0        208   ddiv.o
       340         12          0          0          0        104   dmul.o
       156          4          0          0          0         92   dnaninf.o
        12          0          0          0          0         68   dretinf.o
       460         56          0          0          0        120   dsqrt_noumaal.o
        86          4          0          0          0         84   f2d.o
       450          8          0          0          0        236   faddsub_clz.o
        24          0          0          0          0         68   fcmpi.o
       388         76          0          0          0         96   fdiv.o
       104          4          0          0          0         84   feqf.o
        62          4          0          0          0         84   ffixu.o
        86          0          0          0          0        136   fflt_clz.o
       104          4          0          0          0         84   fleqf.o
       258          4          0          0          0         84   fmul.o
       140          4          0          0          0         84   fnaninf.o
        10          0          0          0          0         68   fretinf.o
        98          0          0          0          0         68   frleqf.o
       100          0          0          0          0         68   retnan.o
        92          0          0          0          0         68   scalbn.o
        48          0          0          0          0         68   trapv.o
         0          0          0          0          0          0   usenofp.o
       624         52         80          0          0        168   asin.o
       544         70        152          0          0        124   atan.o
       384         38          0          0          0        144   atan2.o
        38          6          0          0          0        272   dunder.o
        40          0          0          0          0         68   fpclassify.o
       170          0          0          0          0         96   poly.o
         0          0          8          0          0          0   qnan.o
        76          0          0          0          0         84   sqrt.o

    ----------------------------------------------------------------------
      7086        530        240          0        100       4340   Library Totals
        26          0          0          0          4          0   (incl. Padding)

    ----------------------------------------------------------------------

      Code (inc. data)   RO Data    RW Data    ZI Data      Debug   Library Name

       538         20          0          0         96        904   c_w.l
      4646        344          0          0          0       2480   fz_ws.l
      1876        166        240          0          0        956   m_ws.l

    ----------------------------------------------------------------------
      7086        530        240          0        100       4340   Library Totals

    ----------------------------------------------------------------------

==============================================================================


      Code (inc. data)   RO Data    RW Data    ZI Data      Debug   

     27636       2168        692        476       5564     438332   Grand Totals
     27636       2168        692        112       5564     438332   ELF Image Totals (compressed)
     27636       2168        692        112          0          0   ROM Totals

==============================================================================

    Total RO  Size (Code + RO Data)                28328 (  27.66kB)
    Total RW  Size (RW Data + ZI Data)              6040 (   5.90kB)
    Total ROM Size (Code + RO Data + RW Data)      28440 (  27.77kB)

==============================================================================

