###############################################################################
#                                                                             #
# IAR ELF Linker V6.30.1.53127/W32 for ARM              15/May/2014  17:22:52 #
# Copyright 2007-2011 IAR Systems AB.                                         #
#                                                                             #
#    Output file  =  G:\比赛\2014飞思卡尔\程序\YZ5_15\Prj\IAR\DZ10_Debug\Exe\ #
#                    fire_Kinetis.out                                         #
#    Map file     =  G:\比赛\2014飞思卡尔\程序\YZ5_15\Prj\IAR\DZ10_Debug\List #
#                    \fire_Kinetis.map                                        #
#    Command line =  G:\比赛\2014飞思卡尔\程序\YZ5_15\Lib\CMSIS\iar_cortexM4l #
#                    _math.a G:\比赛\2014飞思卡尔\程序\YZ5_15\Prj\IAR\DZ10_De #
#                    bug\Obj\FIRE_LED.o G:\比赛\2014飞思卡尔\程序\YZ5_15\Prj\ #
#                    IAR\DZ10_Debug\Obj\FIRE_MK60_conf.o                      #
#                    G:\比赛\2014飞思卡尔\程序\YZ5_15\Prj\IAR\DZ10_Debug\Obj\ #
#                    FIRE_MMA7455.o G:\比赛\2014飞思卡尔\程序\YZ5_15\Prj\IAR\ #
#                    DZ10_Debug\Obj\FIRE_NRF24L0.o                            #
#                    G:\比赛\2014飞思卡尔\程序\YZ5_15\Prj\IAR\DZ10_Debug\Obj\ #
#                    FIRE_OV7725_Eagle.o G:\比赛\2014飞思卡尔\程序\YZ5_15\Prj #
#                    \IAR\DZ10_Debug\Obj\FIRE_RTC_count.o                     #
#                    G:\比赛\2014飞思卡尔\程序\YZ5_15\Prj\IAR\DZ10_Debug\Obj\ #
#                    FIRE_SCCB.o G:\比赛\2014飞思卡尔\程序\YZ5_15\Prj\IAR\DZ1 #
#                    0_Debug\Obj\FIRE_key.o G:\比赛\2014飞思卡尔\程序\YZ5_15\ #
#                    Prj\IAR\DZ10_Debug\Obj\MK60_DWT.o                        #
#                    G:\比赛\2014飞思卡尔\程序\YZ5_15\Prj\IAR\DZ10_Debug\Obj\ #
#                    MK60_PIT.o G:\比赛\2014飞思卡尔\程序\YZ5_15\Prj\IAR\DZ10 #
#                    _Debug\Obj\MK60_SysTick.o G:\比赛\2014飞思卡尔\程序\YZ5_ #
#                    15\Prj\IAR\DZ10_Debug\Obj\MK60_adc.o                     #
#                    G:\比赛\2014飞思卡尔\程序\YZ5_15\Prj\IAR\DZ10_Debug\Obj\ #
#                    MK60_dac.o G:\比赛\2014飞思卡尔\程序\YZ5_15\Prj\IAR\DZ10 #
#                    _Debug\Obj\MK60_dma.o G:\比赛\2014飞思卡尔\程序\YZ5_15\P #
#                    rj\IAR\DZ10_Debug\Obj\MK60_flash.o                       #
#                    G:\比赛\2014飞思卡尔\程序\YZ5_15\Prj\IAR\DZ10_Debug\Obj\ #
#                    MK60_ftm.o G:\比赛\2014飞思卡尔\程序\YZ5_15\Prj\IAR\DZ10 #
#                    _Debug\Obj\MK60_gpio.o G:\比赛\2014飞思卡尔\程序\YZ5_15\ #
#                    Prj\IAR\DZ10_Debug\Obj\MK60_i2c.o                        #
#                    G:\比赛\2014飞思卡尔\程序\YZ5_15\Prj\IAR\DZ10_Debug\Obj\ #
#                    MK60_it.o G:\比赛\2014飞思卡尔\程序\YZ5_15\Prj\IAR\DZ10_ #
#                    Debug\Obj\MK60_lptmr.o G:\比赛\2014飞思卡尔\程序\YZ5_15\ #
#                    Prj\IAR\DZ10_Debug\Obj\MK60_mcg.o                        #
#                    G:\比赛\2014飞思卡尔\程序\YZ5_15\Prj\IAR\DZ10_Debug\Obj\ #
#                    MK60_port.o G:\比赛\2014飞思卡尔\程序\YZ5_15\Prj\IAR\DZ1 #
#                    0_Debug\Obj\MK60_rtc.o G:\比赛\2014飞思卡尔\程序\YZ5_15\ #
#                    Prj\IAR\DZ10_Debug\Obj\MK60_spi.o                        #
#                    G:\比赛\2014飞思卡尔\程序\YZ5_15\Prj\IAR\DZ10_Debug\Obj\ #
#                    MK60_uart.o G:\比赛\2014飞思卡尔\程序\YZ5_15\Prj\IAR\DZ1 #
#                    0_Debug\Obj\MK60_wdog.o G:\比赛\2014飞思卡尔\程序\YZ5_15 #
#                    \Prj\IAR\DZ10_Debug\Obj\main.o                           #
#                    G:\比赛\2014飞思卡尔\程序\YZ5_15\Prj\IAR\DZ10_Debug\Obj\ #
#                    misc.o G:\比赛\2014飞思卡尔\程序\YZ5_15\Prj\IAR\DZ10_Deb #
#                    ug\Obj\startup_MK60DZ10.o G:\比赛\2014飞思卡尔\程序\YZ5_ #
#                    15\Prj\IAR\DZ10_Debug\Obj\system_MK60DZ10.o              #
#                    G:\比赛\2014飞思卡尔\程序\YZ5_15\Prj\IAR\DZ10_Debug\Obj\ #
#                    vectors.o -o G:\比赛\2014飞思卡尔\程序\YZ5_15\Prj\IAR\DZ #
#                    10_Debug\Exe\fire_Kinetis.out --map                      #
#                    G:\比赛\2014飞思卡尔\程序\YZ5_15\Prj\IAR\DZ10_Debug\List #
#                    \fire_Kinetis.map --config "G:\比赛\2014飞思卡尔\程序\YZ #
#                    5_15\Prj\IAR\config files\fire_ROM_K60N512.icf" --entry  #
#                    __iar_program_start --redirect __write=__write_buffered  #
#                    --vfe                                                    #
#                                                                             #
#                                                                             #
###############################################################################

*******************************************************************************
*** RUNTIME MODEL ATTRIBUTES
***

CppFlavor       = *
__SystemLibrary = DLib


*******************************************************************************
*** PLACEMENT SUMMARY
***

"A1":  place at 0x00000000 { ro section .intvec };
"A2":  place at 0x00000410 { ro section .noinit };
"P1":  place in [from 0x00000000 to 0x00040000] { ro, block CodeRelocate };
"P2":  place in [from 0x1fff0410 to 0x20010000] {
          rw, block CodeRelocateRam, block CSTACK, block HEAP };

  Section              Kind        Address    Size  Object
  -------              ----        -------    ----  ------
"A1":                                        0x410
  .intvec              const    0x00000000   0x410  vectors.o [1]
                              - 0x00000410   0x410

"A2":                                          0x8
  .noinit              ro code  0x00000410     0x8  startup_MK60DZ10.o [1]
                              - 0x00000418     0x8

"P1":                                       0x4b48
  .text                ro code  0x00000418   0xd06  xprintffull_nomb.o [3]
  .text                ro code  0x0000111e    0x22  zero_init3.o [5]
  .text                ro code  0x00001140    0x16  strchr.o [5]
  .rodata              const    0x00001156     0x2  main.o [1]
  .text                ro code  0x00001158    0x36  strlen.o [5]
  .text                ro code  0x00001190    0x58  memchr.o [5]
  .text                ro code  0x000011e8    0xee  I64DivMod.o [5]
  .text                ro code  0x000012d8    0x76  ABImemcpy.o [5]
  .text                ro code  0x0000134e    0x44  xdnorm.o [4]
  .text                ro code  0x00001394    0x2e  DblCmpLe.o [4]
  .text                ro code  0x000013c4    0x2e  DblCmpGe.o [4]
  .text                ro code  0x000013f4   0x11a  xdscale.o [4]
  .text                ro code  0x00001510    0x58  DblToI32.o [4]
  .text                ro code  0x00001568    0x30  I32ToDbl.o [4]
  .text                ro code  0x00001598   0x180  DblSub.o [4]
  .text                ro code  0x00001718   0x1a2  DblMul.o [4]
  .text                ro code  0x000018bc   0x246  DblDiv.o [4]
  .text                ro code  0x00001b04    0x6c  localeconv.o [3]
  .text                ro code  0x00001b70     0xe  div.o [3]
  .text                ro code  0x00001b80     0x2  I64DivZer.o [5]
  .text                ro code  0x00001b84    0xe8  DblAdd.o [4]
  .text                ro code  0x00001c6c     0x2  xtls.o [3]
  .data_init                    0x00001c70   0x870  <Block>
    Initializer bytes  ro data  0x00001c70   0x870  <for .data-1>
  .text                ro code  0x000024e0   0x690  main.o [1]
  .text                ro code  0x00002b70   0x128  MK60_gpio.o [1]
  .text                ro code  0x00002c98   0x2b8  MK60_adc.o [1]
  .text                ro code  0x00002f50     0x6  ABImemclr4.o [5]
  .text                ro code  0x00002f58    0x44  FltToS32.o [4]
  .text                ro code  0x00002f9c   0x24c  MK60_uart.o [1]
  .text                ro code  0x000031e8    0x1e  I32ToFlt.o [4]
  .text                ro code  0x00003208    0xe6  FltSub.o [4]
  .text                ro code  0x000032f0    0xd8  FltMul.o [4]
  .text                ro code  0x000033c8    0x4e  FltToDbl.o [4]
  .text                ro code  0x00003418    0xfc  FltDiv.o [4]
  .text                ro code  0x00003514    0x84  FltAdd.o [4]
  .text                ro code  0x00003598    0x90  DblToFlt.o [4]
  .text                ro code  0x00003628   0x16c  MK60_ftm.o [1]
  .text                ro code  0x00003794   0x234  FIRE_OV7725_Eagle.o [1]
  .text                ro code  0x000039c8    0x50  misc.o [1]
  .text                ro code  0x00003a18    0x7c  MK60_PIT.o [1]
  .text                ro code  0x00003a94    0xb0  MK60_port.o [1]
  Veneer               ro code  0x00003b44     0x8  - Linker created -
  Veneer               ro code  0x00003b4c     0x8  - Linker created -
  .text                ro code  0x00003b54   0x118  FIRE_MK60_conf.o [1]
  .text                ro code  0x00003c6c    0x32  ABImemset48.o [5]
  .text                ro code  0x00003ca0   0x258  MK60_dma.o [1]
  .text                ro code  0x00003ef8   0x362  FIRE_SCCB.o [1]
  .text                ro code  0x0000425c    0x24  printf.o [3]
  .text                ro code  0x00004280    0x78  MK60_DWT.o [1]
  .text                ro code  0x000042f8    0x9c  FIRE_key.o [1]
  .text                ro code  0x00004394    0x50  FIRE_LED.o [1]
  Veneer               ro code  0x000043e4     0x8  - Linker created -
  .text                ro code  0x000043ec   0x3dc  MK60_mcg.o [1]
  CodeRelocate                  0x000047c8   0x1b8  <Block>
    Initializer bytes  ro data  0x000047c8   0x1b8  <for CodeRelocateRam-1>
  .text                ro code  0x00004980   0x124  system_MK60DZ10.o [1]
  .text                ro code  0x00004aa4    0x40  MK60_wdog.o [1]
  .rodata              const    0x00004ae4    0x50  MK60_flash.o [1]
  .rodata              const    0x00004b34    0x4c  MK60_PIT.o [1]
  .rodata              const    0x00004b80    0x4c  MK60_adc.o [1]
  .rodata              const    0x00004bcc    0x4c  MK60_dma.o [1]
  .rodata              const    0x00004c18    0x4c  MK60_gpio.o [1]
  .rodata              const    0x00004c64    0x4c  MK60_uart.o [1]
  .rodata              const    0x00004cb0    0x48  misc.o [1]
  .rodata              const    0x00004cf8    0x3c  FIRE_MK60_conf.o [1]
  .rodata              const    0x00004d34    0x34  MK60_ftm.o [1]
  .text                ro code  0x00004d68    0x2c  data_init3.o [5]
  .rodata              const    0x00004d94    0x24  FIRE_MK60_conf.o [1]
  .rodata              const    0x00004db8    0x24  FIRE_OV7725_Eagle.o [1]
  .rodata              const    0x00004ddc    0x24  FIRE_OV7725_Eagle.o [1]
  .iar.init_table      const    0x00004e00    0x10  - Linker created -
  .rodata              const    0x00004e10    0x20  FIRE_MK60_conf.o [1]
  .rodata              const    0x00004e30    0x20  FIRE_OV7725_Eagle.o [1]
  .rodata              const    0x00004e50    0x18  FIRE_OV7725_Eagle.o [1]
  .rodata              const    0x00004e68    0x18  FIRE_OV7725_Eagle.o [1]
  .text                ro code  0x00004e80    0x16  cmain.o [5]
  .text                ro code  0x00004e96     0x4  low_level_init.o [3]
  .text                ro code  0x00004e9a     0x4  exit.o [3]
  .text                ro code  0x00004ea0     0xa  cexit.o [5]
  .text                ro code  0x00004eac     0xc  XXexit.o [5]
  .text                ro code  0x00004eb8    0x16  xprout.o [3]
  .text                ro code  0x00004ed0     0xc  putchar.o [3]
  .rodata              const    0x00004edc    0x14  FIRE_MK60_conf.o [1]
  .rodata              const    0x00004ef0    0x14  FIRE_OV7725_Eagle.o [1]
  .text                ro code  0x00004f04     0xc  cstartup_M.o [5]
  .rodata              const    0x00004f10     0x0  bwt_init3c.o [5]
  Initializer bytes    ro data  0x00004f10    0x50  <for P2 s0>
                              - 0x00004f60  0x4b48

"P2", part 1 of 3:                           0xa28
  .data                         0x1fff0410   0x870  <Block>
    .data-1                     0x1fff0410   0x870  <Init block>
      .data            inited   0x1fff0410     0x4  FIRE_LED.o [1]
      .data            inited   0x1fff0414   0x708  FIRE_MK60_conf.o [1]
      .data            inited   0x1fff0b1c     0x1  FIRE_OV7725_Eagle.o [1]
      .data            inited   0x1fff0b20    0x64  FIRE_OV7725_Eagle.o [1]
      .data            inited   0x1fff0b84     0x1  FIRE_OV7725_Eagle.o [1]
      .data            inited   0x1fff0b88     0x8  FIRE_key.o [1]
      .data            inited   0x1fff0b90     0x8  MK60_adc.o [1]
      .data            inited   0x1fff0b98     0xc  MK60_ftm.o [1]
      .data            inited   0x1fff0ba4    0x14  MK60_gpio.o [1]
      .data            inited   0x1fff0bb8    0x44  MK60_mcg.o [1]
      .data            inited   0x1fff0bfc     0x4  MK60_mcg.o [1]
      .data            inited   0x1fff0c00    0x14  MK60_port.o [1]
      .data            inited   0x1fff0c14    0x18  MK60_uart.o [1]
      .data            inited   0x1fff0c2c     0x4  main.o [1]
      .data            inited   0x1fff0c30     0x4  main.o [1]
      .data            inited   0x1fff0c34     0x4  main.o [1]
      .data            inited   0x1fff0c38     0x4  main.o [1]
      .data            inited   0x1fff0c3c     0x4  main.o [1]
      .data            inited   0x1fff0c40    0x40  xfiles.o [3]
  CodeRelocateRam               0x1fff0c80   0x1b8  <Block>
    CodeRelocateRam-1           0x1fff0c80   0x1b8  <Init block>
      Veneer           inited   0x1fff0c80     0x8  - Linker created -
      .textrw          inited   0x1fff0c88   0x160  MK60_flash.o [1]
      .textrw          inited   0x1fff0de8    0x50  MK60_mcg.o [1]
                              - 0x1fff0e38   0xa28

"P2", part 2 of 3:                          0x2ae0
  .bss                          0x1fff0e38  0x2ade  <Block>
    .bss               zero     0x1fff0e38     0x4  FIRE_OV7725_Eagle.o [1]
    .bss               zero     0x1fff0e3c   0x4b0  main.o [1]
    .bss               zero     0x1fff12ec  0x2580  main.o [1]
    .bss               zero     0x1fff386c     0x4  main.o [1]
    .bss               zero     0x1fff3870     0x4  main.o [1]
    .bss               zero     0x1fff3874     0x4  main.o [1]
    .bss               zero     0x1fff3878     0x4  main.o [1]
    .bss               zero     0x1fff387c     0x4  main.o [1]
    .bss               zero     0x1fff3880    0x10  main.o [1]
    .bss               zero     0x1fff3890     0x4  main.o [1]
    .bss               zero     0x1fff3894     0x4  main.o [1]
    .bss               zero     0x1fff3898     0x4  main.o [1]
    .bss               zero     0x1fff389c     0x4  main.o [1]
    .bss               zero     0x1fff38a0     0x4  main.o [1]
    .bss               zero     0x1fff38a4     0x4  main.o [1]
    .bss               zero     0x1fff38a8     0x4  main.o [1]
    .bss               zero     0x1fff38ac     0x4  main.o [1]
    .bss               zero     0x1fff38b0     0x4  main.o [1]
    .bss               zero     0x1fff38b4     0x4  main.o [1]
    .bss               zero     0x1fff38b8     0x4  system_MK60DZ10.o [1]
    .bss               zero     0x1fff38bc     0x4  system_MK60DZ10.o [1]
    .bss               zero     0x1fff38c0     0x4  system_MK60DZ10.o [1]
    .bss               zero     0x1fff38c4    0x50  xfiles.o [3]
    .bss               zero     0x1fff3914     0x1  main.o [1]
    .bss               zero     0x1fff3915     0x1  main.o [1]
                              - 0x1fff3916  0x2ade

"P2", part 3 of 3:                            0x50
  P2 s0                         0x1fff3918    0x50  <Init block>
    __DLIB_PERTHREAD   inited   0x1fff3918    0x50  localeconv.o [3]
                              - 0x1fff3968    0x50


*******************************************************************************
*** INIT TABLE
***

          Address     Size
          -------     ----
Zero (__iar_zero_init3)
    1 destination range, total size 0x2ade:
          0x1fff0e38  0x2ade



*******************************************************************************
*** MODULE SUMMARY
***

    Module               ro code  rw code  ro data  rw data
    ------               -------  -------  -------  -------
G:\比赛\2014飞思卡尔\程序\YZ5_15\Prj\IAR\DZ10_Debug\Obj: [1]
    FIRE_LED.o                80                 4        4
    FIRE_MK60_conf.o         280             1 948    1 800
    FIRE_OV7725_Eagle.o      564               277      106
    FIRE_SCCB.o              866
    FIRE_key.o               156                11        8
    MK60_DWT.o               120
    MK60_PIT.o               124                76
    MK60_adc.o               696                84        8
    MK60_dma.o               600                76
    MK60_flash.o                      352      432
    MK60_ftm.o               364                64       12
    MK60_gpio.o              296                96       20
    MK60_mcg.o               988       80      152       72
    MK60_port.o              176                20       20
    MK60_uart.o              588               100       24
    MK60_wdog.o               64
    main.o                 1 680                22   10 898
    misc.o                    80                72
    startup_MK60DZ10.o         8
    system_MK60DZ10.o        292                         12
    vectors.o                                1 040
    -------------------------------------------------------
    Total:                 8 022      432    4 474   12 984

command line: [2]
    -------------------------------------------------------
    Total:

dl7M_tlf.a: [3]
    div.o                     14
    exit.o                     4
    localeconv.o             108                80       80
    low_level_init.o           4
    printf.o                  36
    putchar.o                 12
    xfiles.o                                    64      144
    xprintffull_nomb.o     3 334
    xprout.o                  22
    xtls.o                     2
    -------------------------------------------------------
    Total:                 3 536               144      224

m7M_tl.a: [4]
    DblAdd.o                 232
    DblCmpGe.o                46
    DblCmpLe.o                46
    DblDiv.o                 582
    DblMul.o                 418
    DblSub.o                 384
    DblToFlt.o               144
    DblToI32.o                88
    FltAdd.o                 132
    FltDiv.o                 252
    FltMul.o                 216
    FltSub.o                 230
    FltToDbl.o                78
    FltToS32.o                68
    I32ToDbl.o                48
    I32ToFlt.o                30
    xdnorm.o                  68
    xdscale.o                282
    -------------------------------------------------------
    Total:                 3 344

rt7M_tl.a: [5]
    ABImemclr4.o               6
    ABImemcpy.o              118
    ABImemset48.o             50
    I64DivMod.o              238
    I64DivZer.o                2
    XXexit.o                  12
    bwt_init3c.o
    cexit.o                   10
    cmain.o                   22
    cstartup_M.o              12
    data_init3.o              44
    memchr.o                  88
    strchr.o                  22
    strlen.o                  54
    zero_init3.o              34
    -------------------------------------------------------
    Total:                   712

    Gaps                      38                          8
    Linker created            24        8       24
-----------------------------------------------------------
    Grand Total:          15 676      440    4 642   13 216


*******************************************************************************
*** ENTRY LIST
***

Entry                      Address    Size  Type      Object
-----                      -------    ----  ----      ------
.bss$$Base              0x1fff0e38           --   Gb  - Linker created -
.bss$$Limit             0x1fff3916           --   Gb  - Linker created -
.data$$Base             0x1fff0410           --   Gb  - Linker created -
.data$$Limit            0x1fff0c80           --   Gb  - Linker created -
.data_init$$Base        0x00001c70           --   Gb  - Linker created -
.data_init$$Limit       0x000024e0           --   Gb  - Linker created -
?main                   0x00004e81          Code  Gb  cmain.o [5]
ADCN                    0x1fff0b90     0x8  Data  Gb  MK60_adc.o [1]
AD_az                   0x1fff38a8     0x4  Data  Lc  main.o [1]
AD_az_max               0x1fff3890     0x4  Data  Lc  main.o [1]
AD_az_min               0x1fff3894     0x4  Data  Lc  main.o [1]
AD_az_totle             0x1fff38a0     0x4  Data  Lc  main.o [1]
AD_gy                   0x1fff38ac     0x4  Data  Lc  main.o [1]
AD_gy_max               0x1fff3898     0x4  Data  Lc  main.o [1]
AD_gy_min               0x1fff389c     0x4  Data  Lc  main.o [1]
AD_gy_totle             0x1fff38a4     0x4  Data  Lc  main.o [1]
AD_init                 0x0000257b    0x10  Code  Gb  main.o [1]
ASSERT_FAILED_STR       0x00004d94    0x24  Data  Gb  FIRE_MK60_conf.o [1]
Angle_AG                0x1fff3878     0x4  Data  Gb  main.o [1]
Angle_G                 0x1fff3874     0x4  Data  Gb  main.o [1]
Angle_GG                0x1fff387c     0x4  Data  Gb  main.o [1]
Angle_Z                 0x1fff3870     0x4  Data  Gb  main.o [1]
CRC_CHECK               0x0000258b    0x4a  Code  Gb  main.o [1]
C_Gyro                  0x1fff0c30     0x4  Data  Gb  main.o [1]
C_Z                     0x1fff0c2c     0x4  Data  Gb  main.o [1]
CodeRelocate$$Base      0x000047c8           --   Gb  - Linker created -
CodeRelocate$$Limit     0x00004980           --   Gb  - Linker created -
CodeRelocateRam$$Base   0x1fff0c80           --   Gb  - Linker created -
CodeRelocateRam$$Limit  0x1fff0e38           --   Gb  - Linker created -
DMA0_IRQHandler         0x00002b69     0x8  Code  Gb  main.o [1]
FTMN                    0x1fff0b98     0xc  Data  Gb  MK60_ftm.o [1]
FTM_QUAD_Init           0x00003629   0x106  Code  Gb  MK60_ftm.o [1]
FTM_QUAD_clean          0x0000375b    0x28  Code  Gb  MK60_ftm.o [1]
FTM_QUAD_get            0x0000372f    0x2c  Code  Gb  MK60_ftm.o [1]
GPIOX                   0x1fff0ba4    0x14  Data  Gb  MK60_gpio.o [1]
IO_init                 0x00002545    0x36  Code  Gb  main.o [1]
KEY_PTxn                0x1fff0b88     0x8  Data  Gb  FIRE_key.o [1]
LED_PTxn                0x1fff0410     0x4  Data  Gb  FIRE_LED.o [1]
M_PACNT_left            0x1fff38b0     0x4  Data  Gb  main.o [1]
M_PACNT_right           0x1fff38b4     0x4  Data  Gb  main.o [1]
NVIC_DisableIRQ         0x000037ad    0x18  Code  Lc  FIRE_OV7725_Eagle.o [1]
NVIC_EnableIRQ          0x00003795    0x18  Code  Lc  FIRE_OV7725_Eagle.o [1]
NVIC_EnableIRQ          0x00002505    0x1a  Code  Lc  main.o [1]
NVIC_SetPriority        0x0000251f    0x26  Code  Lc  main.o [1]
NVIC_SetPriorityGrouping
                        0x000024e1    0x24  Code  Lc  main.o [1]
NVIC_SystemReset        0x00003b55    0x1a  Code  Lc  FIRE_MK60_conf.o [1]
OutData                 0x1fff3880    0x10  Data  Gb  main.o [1]
OutPut_Data             0x000025d5    0xde  Code  Gb  main.o [1]
PACNT_flag              0x1fff3914     0x1  Data  Gb  main.o [1]
PIT0_IRQHandler         0x00002a2d    0x86  Code  Gb  main.o [1]
PIT_flag0               0x1fff3915     0x1  Data  Gb  main.o [1]
PORTA_IRQHandler        0x00002ab5    0x22  Code  Gb  main.o [1]
PORTX                   0x1fff0c00    0x14  Data  Gb  MK60_port.o [1]
R_Gyro                  0x1fff0c3c     0x4  Data  Gb  main.o [1]
R_Z                     0x1fff0c38     0x4  Data  Gb  main.o [1]
Region$$Table$$Base     0x00004e00           --   Gb  - Linker created -
Region$$Table$$Limit    0x00004e10           --   Gb  - Linker created -
Reset_Handler           0x00000411          Code  Gb  startup_MK60DZ10.o [1]
SCCB_Ack                0x00003fcd    0x3c  Code  Lc  FIRE_SCCB.o [1]
SCCB_GPIO_init          0x00003f13    0x28  Code  Gb  FIRE_SCCB.o [1]
SCCB_NoAck              0x00004009    0x3c  Code  Lc  FIRE_SCCB.o [1]
SCCB_ReadByte           0x000041a9    0x2c  Code  Gb  FIRE_SCCB.o [1]
SCCB_ReadByte_one       0x000041d5    0x86  Code  Lc  FIRE_SCCB.o [1]
SCCB_ReceiveByte        0x000040d5    0x54  Code  Lc  FIRE_SCCB.o [1]
SCCB_SendByte           0x00004091    0x44  Code  Lc  FIRE_SCCB.o [1]
SCCB_Start              0x00003f3b    0x5e  Code  Lc  FIRE_SCCB.o [1]
SCCB_Stop               0x00003f99    0x34  Code  Lc  FIRE_SCCB.o [1]
SCCB_WaitAck            0x00004045    0x4c  Code  Lc  FIRE_SCCB.o [1]
SCCB_WriteByte          0x00004139    0x28  Code  Gb  FIRE_SCCB.o [1]
SCCB_WriteByte_one      0x00004161    0x48  Code  Lc  FIRE_SCCB.o [1]
SCCB_delay              0x00003ef9    0x1a  Code  Lc  FIRE_SCCB.o [1]
T_Z                     0x1fff0c34     0x4  Data  Gb  main.o [1]
UARTN                   0x1fff0c14    0x18  Data  Gb  MK60_uart.o [1]
_GenldFullNoMb          0x00000e7d   0x258  Code  Lc  xprintffull_nomb.o [3]
_LdtobFullNoMb          0x00000a6d   0x400  Code  Lc  xprintffull_nomb.o [3]
_LitobFullNoMb          0x00000947   0x126  Code  Lc  xprintffull_nomb.o [3]
_Locale_lconv           0x1fff3918    0x50  Data  Gb  localeconv.o [3]
_PrintfFullNoMb         0x00000419   0x52e  Code  Gb  xprintffull_nomb.o [3]
_Prout                  0x00004eb9    0x16  Code  Gb  xprout.o [3]
_PutcharsFullNoMb       0x000010d5    0x2e  Code  Lc  xprintffull_nomb.o [3]
__BOOT_STACK_ADDRESS {Abs}
                        0x2000fff8           --   Gb  command line/config [2]
__VECTOR_RAM {Abs}      0x1fff0000           --   Gb  command line/config [2]
__VECTOR_TABLE {Abs}    0x00000000           --   Gb  command line/config [2]
__aeabi_cdcmple         0x00001395          Code  Gb  DblCmpLe.o [4]
__aeabi_cdrcmple        0x000013c5          Code  Gb  DblCmpGe.o [4]
__aeabi_d2f             0x00003599          Code  Gb  DblToFlt.o [4]
__aeabi_d2iz            0x00001511          Code  Gb  DblToI32.o [4]
__aeabi_d2uiz           0x0000153d          Code  Gb  DblToI32.o [4]
__aeabi_dadd            0x00001b85          Code  Gb  DblAdd.o [4]
__aeabi_ddiv            0x000018bd          Code  Gb  DblDiv.o [4]
__aeabi_dmul            0x00001719          Code  Gb  DblMul.o [4]
__aeabi_dsub            0x00001599          Code  Gb  DblSub.o [4]
__aeabi_f2d             0x000033c9          Code  Gb  FltToDbl.o [4]
__aeabi_f2iz            0x00002f59          Code  Gb  FltToS32.o [4]
__aeabi_fadd            0x00003515          Code  Gb  FltAdd.o [4]
__aeabi_fdiv            0x00003419          Code  Gb  FltDiv.o [4]
__aeabi_fmul            0x000032f1          Code  Gb  FltMul.o [4]
__aeabi_fsub            0x00003209          Code  Gb  FltSub.o [4]
__aeabi_i2d             0x00001569          Code  Gb  I32ToDbl.o [4]
__aeabi_ldiv0           0x00001b81          Code  Gb  I64DivZer.o [5]
__aeabi_memclr4         0x00002f51          Code  Gb  ABImemclr4.o [5]
__aeabi_memcpy          0x000012d9          Code  Gb  ABImemcpy.o [5]
__aeabi_memcpy4         0x000012f9          Code  Gb  ABImemcpy.o [5]
__aeabi_memcpy8         0x000012f9          Code  Gb  ABImemcpy.o [5]
__aeabi_ui2d            0x0000157d          Code  Gb  I32ToDbl.o [4]
__aeabi_ui2f            0x000031e9          Code  Gb  I32ToFlt.o [4]
__aeabi_uldivmod        0x000011e9          Code  Gb  I64DivMod.o [5]
__cmain                 0x00004e81          Code  Gb  cmain.o [5]
__code_start__ {Abs}    0x00000410           --   Gb  command line/config [2]
__exit                  0x00004ead          Code  Gb  XXexit.o [5]
__iar_Dnorm             0x0000134f    0x44  Code  Gb  xdnorm.o [4]
__iar_Dscale            0x000013f5   0x106  Code  Gb  xdscale.o [4]
__iar_Locale_lconv_init
                        0x00001b05    0x3a  Code  Gb  localeconv.o [3]
__iar_Memchr            0x00001191          Code  Gb  memchr.o [5]
__iar_Memset4_word      0x00003c6d          Code  Gb  ABImemset48.o [5]
__iar_Memset8_word      0x00003c6d          Code  Gb  ABImemset48.o [5]
__iar_SB                0x00004f10          Data  Gb  bwt_init3c.o [5]
__iar_Stdout            0x1fff0c40    0x40  Data  Gb  xfiles.o [3]
__iar_Strchr            0x00001141          Code  Gb  strchr.o [5]
__iar_d2uiz             0x00001549          Code  Gb  DblToI32.o [4]
__iar_dadd              0x00001b99          Code  Gb  DblAdd.o [4]
__iar_data_init3        0x00004d69    0x2c  Code  Gb  data_init3.o [5]
__iar_default_requirements$$_Printf<unknown>printf {Abs}
                        0x00000000           --   Gb  printf.o [3]
__iar_dlib_perthread_access
                        0x00001c6d     0x2  Code  Gb  xtls.o [3]
__iar_dsub              0x000015ad          Code  Gb  DblSub.o [4]
__iar_dsubStart         0x000015bf          Code  Gb  DblSub.o [4]
__iar_fadd              0x00003525          Code  Gb  FltAdd.o [4]
__iar_fsub              0x00003219          Code  Gb  FltSub.o [4]
__iar_fsubStart         0x00003229          Code  Gb  FltSub.o [4]
__iar_program_start     0x00004f05          Code  Gb  cstartup_M.o [5]
__iar_provide$$_Printf<flags,floats,hex_floats,int_specials,long_longs,n_formatters,qualifiers,widths>_PrintfFullNoMb {Abs}
                        0x00000000           --   Gb  xprintffull_nomb.o [3]
__iar_ui2d              0x00001581          Code  Gb  I32ToDbl.o [4]
__iar_ui2f              0x000031ed          Code  Gb  I32ToFlt.o [4]
__iar_zero_init3        0x0000111f    0x22  Code  Gb  zero_init3.o [5]
__low_level_init        0x00004e97     0x4  Code  Gb  low_level_init.o [3]
__vector_table          0x00000000   0x410  Data  Gb  vectors.o [1]
_call_main              0x00004e8d          Code  Gb  cmain.o [5]
_exit                   0x00004ea1          Code  Gb  cexit.o [5]
_main                   0x00004e93          Code  Gb  cmain.o [5]
adc_init                0x00002c99   0x20e  Code  Gb  MK60_adc.o [1]
adc_once                0x00002ea7    0x50  Code  Gb  MK60_adc.o [1]
adc_start               0x00002ef7    0x44  Code  Lc  MK60_adc.o [1]
angle_calculate         0x000028a5    0xe0  Code  Gb  main.o [1]
assert_failed           0x00003b6f    0x12  Code  Gb  FIRE_MK60_conf.o [1]
bus_clk_khz             0x1fff38c0     0x4  Data  Gb  system_MK60DZ10.o [1]
common_startup          0x000049d5    0x98  Code  Gb  system_MK60DZ10.o [1]
core_clk_khz            0x1fff38b8     0x4  Data  Gb  system_MK60DZ10.o [1]
core_clk_mhz            0x1fff38bc     0x4  Data  Gb  system_MK60DZ10.o [1]
default_isr             0x00003c2f    0x1c  Code  Gb  FIRE_MK60_conf.o [1]
div                     0x00001b71     0xe  Code  Gb  div.o [3]
dma_portx2buff_init     0x00003ca1   0x258  Code  Gb  MK60_dma.o [1]
dwt_delay_ms            0x000042e1    0x18  Code  Gb  MK60_DWT.o [1]
dwt_delay_us            0x00004281    0x4e  Code  Gb  MK60_DWT.o [1]
exit                    0x00004e9b     0x4  Code  Gb  exit.o [3]
flash_cmd               0x1fff0c89    0x20  Code  Gb  MK60_flash.o [1]
flash_erase_sector      0x1fff0cd1    0x58  Code  Gb  MK60_flash.o [1]
flash_init              0x1fff0ca9    0x28  Code  Gb  MK60_flash.o [1]
flash_write             0x1fff0d29    0x90  Code  Gb  MK60_flash.o [1]
fputc                   0x00003b81    0x14  Code  Gb  FIRE_MK60_conf.o [1]
g_nSpeedControlPeriod   0x1fff386c     0x4  Data  Gb  main.o [1]
gpio_get                0x00002c57    0x3a  Code  Gb  MK60_gpio.o [1]
gpio_init               0x00002b71    0xae  Code  Gb  MK60_gpio.o [1]
gpio_turn               0x00002c1f    0x38  Code  Gb  MK60_gpio.o [1]
img                     0x1fff12ec  0x2580  Data  Gb  main.o [1]
img_extract             0x000026b3    0x8e  Code  Gb  main.o [1]
imgbuff                 0x1fff0e3c   0x4b0  Data  Gb  main.o [1]
key_check               0x00004365    0x2a  Code  Gb  FIRE_key.o [1]
key_get                 0x0000434b    0x1a  Code  Gb  FIRE_key.o [1]
key_init                0x000042f9    0x52  Code  Gb  FIRE_key.o [1]
led_init                0x00004395    0x3a  Code  Gb  FIRE_LED.o [1]
led_turn                0x000043cf    0x10  Code  Gb  FIRE_LED.o [1]
localeconv              0x00001b3f    0x16  Code  Gb  localeconv.o [3]
main                    0x00002985    0xa8  Code  Gb  main.o [1]
mcg_cfg                 0x1fff0bb8    0x44  Data  Gb  MK60_mcg.o [1]
mcg_div                 0x1fff0bfc     0x4  Data  Gb  MK60_mcg.o [1]
mcg_div_count           0x000043ed   0x30e  Code  Gb  MK60_mcg.o [1]
memchr                  0x00001191          Code  Gb  memchr.o [5]
obuf                    0x1fff38c4    0x50  Data  Lc  xfiles.o [3]
ov7725_eagle_cfgnum     0x1fff0b84     0x1  Data  Gb  FIRE_OV7725_Eagle.o [1]
ov7725_eagle_dma        0x00003875    0x14  Code  Gb  FIRE_OV7725_Eagle.o [1]
ov7725_eagle_get_img    0x00003889    0x42  Code  Gb  FIRE_OV7725_Eagle.o [1]
ov7725_eagle_img_buff   0x1fff0e38     0x4  Data  Gb  FIRE_OV7725_Eagle.o [1]
ov7725_eagle_img_flag   0x1fff0b1c     0x1  Data  Gb  FIRE_OV7725_Eagle.o [1]
ov7725_eagle_init       0x000037c5    0x18  Code  Gb  FIRE_OV7725_Eagle.o [1]
ov7725_eagle_port_init  0x000037dd    0x54  Code  Lc  FIRE_OV7725_Eagle.o [1]
ov7725_eagle_reg        0x1fff0b20    0x64  Data  Gb  FIRE_OV7725_Eagle.o [1]
ov7725_eagle_reg_init   0x000038cb    0xb0  Code  Lc  FIRE_OV7725_Eagle.o [1]
ov7725_eagle_vsync      0x00003831    0x44  Code  Gb  FIRE_OV7725_Eagle.o [1]
pit_init                0x00003a19    0x6c  Code  Gb  MK60_PIT.o [1]
pll_init                0x000046fb    0xb2  Code  Gb  MK60_mcg.o [1]
port_init               0x00003a95    0x44  Code  Gb  MK60_port.o [1]
port_init_NoALT         0x00003ad9    0x62  Code  Gb  MK60_port.o [1]
printf                  0x0000425d    0x24  Code  Gb  printf.o [3]
putchar                 0x00004ed1     0xc  Code  Gb  putchar.o [3]
read_AD                 0x00002741   0x164  Code  Gb  main.o [1]
set_sys_dividers        0x1fff0de9    0x50  Code  Gb  MK60_mcg.o [1]
set_vector_handler      0x000039eb    0x22  Code  Gb  misc.o [1]
start                   0x00004981    0x18  Code  Gb  system_MK60DZ10.o [1]
start_check             0x00003b95    0x9a  Code  Gb  FIRE_MK60_conf.o [1]
strchr                  0x00001141          Code  Gb  strchr.o [5]
strlen                  0x00001159          Code  Gb  strlen.o [5]
sysinit                 0x00004999    0x3c  Code  Gb  system_MK60DZ10.o [1]
uart_init               0x00002f9d   0x218  Code  Gb  MK60_uart.o [1]
uart_putchar            0x000031b5    0x1a  Code  Gb  MK60_uart.o [1]
vector_str              0x1fff0414   0x708  Data  Gb  FIRE_MK60_conf.o [1]
wdog_disable            0x00004aa5    0x16  Code  Gb  MK60_wdog.o [1]
wdog_unlock             0x00004abd    0x20  Code  Lc  MK60_wdog.o [1]
write_vtor              0x000039c9    0x22  Code  Gb  misc.o [1]


[1] = G:\比赛\2014飞思卡尔\程序\YZ5_15\Prj\IAR\DZ10_Debug\Obj
[2] = command line
[3] = dl7M_tlf.a
[4] = m7M_tl.a
[5] = rt7M_tl.a

  15 676 bytes of readonly  code memory
     440 bytes of readwrite code memory
   4 642 bytes of readonly  data memory
  13 216 bytes of readwrite data memory

Errors: none
Warnings: none
