###############################################################################
#                                                                             #
# IAR ELF Linker V6.30.1.53127/W32 for ARM              10/Jul/2014  23:57:06 #
# Copyright 2007-2011 IAR Systems AB.                                         #
#                                                                             #
#    Output file  =  G:\比赛\2014飞思卡尔\程序\YZ7_5\Prj\IAR\DZ10_Debug\Exe\f #
#                    ire_Kinetis.out                                          #
#    Map file     =  G:\比赛\2014飞思卡尔\程序\YZ7_5\Prj\IAR\DZ10_Debug\List\ #
#                    fire_Kinetis.map                                         #
#    Command line =  G:\比赛\2014飞思卡尔\程序\YZ7_5\Lib\CMSIS\iar_cortexM4l_ #
#                    math.a G:\比赛\2014飞思卡尔\程序\YZ7_5\Prj\IAR\DZ10_Debu #
#                    g\Obj\FIRE_LED.o G:\比赛\2014飞思卡尔\程序\YZ7_5\Prj\IAR #
#                    \DZ10_Debug\Obj\FIRE_MK60_conf.o                         #
#                    G:\比赛\2014飞思卡尔\程序\YZ7_5\Prj\IAR\DZ10_Debug\Obj\F #
#                    IRE_MMA7455.o G:\比赛\2014飞思卡尔\程序\YZ7_5\Prj\IAR\DZ #
#                    10_Debug\Obj\FIRE_NRF24L0.o                              #
#                    G:\比赛\2014飞思卡尔\程序\YZ7_5\Prj\IAR\DZ10_Debug\Obj\F #
#                    IRE_OV7725_Eagle.o G:\比赛\2014飞思卡尔\程序\YZ7_5\Prj\I #
#                    AR\DZ10_Debug\Obj\FIRE_RTC_count.o                       #
#                    G:\比赛\2014飞思卡尔\程序\YZ7_5\Prj\IAR\DZ10_Debug\Obj\F #
#                    IRE_SCCB.o G:\比赛\2014飞思卡尔\程序\YZ7_5\Prj\IAR\DZ10_ #
#                    Debug\Obj\FIRE_key.o G:\比赛\2014飞思卡尔\程序\YZ7_5\Prj #
#                    \IAR\DZ10_Debug\Obj\MK60_DWT.o                           #
#                    G:\比赛\2014飞思卡尔\程序\YZ7_5\Prj\IAR\DZ10_Debug\Obj\M #
#                    K60_PIT.o G:\比赛\2014飞思卡尔\程序\YZ7_5\Prj\IAR\DZ10_D #
#                    ebug\Obj\MK60_SysTick.o G:\比赛\2014飞思卡尔\程序\YZ7_5\ #
#                    Prj\IAR\DZ10_Debug\Obj\MK60_adc.o                        #
#                    G:\比赛\2014飞思卡尔\程序\YZ7_5\Prj\IAR\DZ10_Debug\Obj\M #
#                    K60_dac.o G:\比赛\2014飞思卡尔\程序\YZ7_5\Prj\IAR\DZ10_D #
#                    ebug\Obj\MK60_dma.o G:\比赛\2014飞思卡尔\程序\YZ7_5\Prj\ #
#                    IAR\DZ10_Debug\Obj\MK60_flash.o                          #
#                    G:\比赛\2014飞思卡尔\程序\YZ7_5\Prj\IAR\DZ10_Debug\Obj\M #
#                    K60_ftm.o G:\比赛\2014飞思卡尔\程序\YZ7_5\Prj\IAR\DZ10_D #
#                    ebug\Obj\MK60_gpio.o G:\比赛\2014飞思卡尔\程序\YZ7_5\Prj #
#                    \IAR\DZ10_Debug\Obj\MK60_i2c.o                           #
#                    G:\比赛\2014飞思卡尔\程序\YZ7_5\Prj\IAR\DZ10_Debug\Obj\M #
#                    K60_it.o G:\比赛\2014飞思卡尔\程序\YZ7_5\Prj\IAR\DZ10_De #
#                    bug\Obj\MK60_lptmr.o G:\比赛\2014飞思卡尔\程序\YZ7_5\Prj #
#                    \IAR\DZ10_Debug\Obj\MK60_mcg.o                           #
#                    G:\比赛\2014飞思卡尔\程序\YZ7_5\Prj\IAR\DZ10_Debug\Obj\M #
#                    K60_port.o G:\比赛\2014飞思卡尔\程序\YZ7_5\Prj\IAR\DZ10_ #
#                    Debug\Obj\MK60_rtc.o G:\比赛\2014飞思卡尔\程序\YZ7_5\Prj #
#                    \IAR\DZ10_Debug\Obj\MK60_spi.o                           #
#                    G:\比赛\2014飞思卡尔\程序\YZ7_5\Prj\IAR\DZ10_Debug\Obj\M #
#                    K60_uart.o G:\比赛\2014飞思卡尔\程序\YZ7_5\Prj\IAR\DZ10_ #
#                    Debug\Obj\MK60_wdog.o G:\比赛\2014飞思卡尔\程序\YZ7_5\Pr #
#                    j\IAR\DZ10_Debug\Obj\main.o                              #
#                    G:\比赛\2014飞思卡尔\程序\YZ7_5\Prj\IAR\DZ10_Debug\Obj\m #
#                    isc.o G:\比赛\2014飞思卡尔\程序\YZ7_5\Prj\IAR\DZ10_Debug #
#                    \Obj\startup_MK60DZ10.o G:\比赛\2014飞思卡尔\程序\YZ7_5\ #
#                    Prj\IAR\DZ10_Debug\Obj\system_MK60DZ10.o                 #
#                    G:\比赛\2014飞思卡尔\程序\YZ7_5\Prj\IAR\DZ10_Debug\Obj\v #
#                    ectors.o -o G:\比赛\2014飞思卡尔\程序\YZ7_5\Prj\IAR\DZ10 #
#                    _Debug\Exe\fire_Kinetis.out --map                        #
#                    G:\比赛\2014飞思卡尔\程序\YZ7_5\Prj\IAR\DZ10_Debug\List\ #
#                    fire_Kinetis.map --config "G:\比赛\2014飞思卡尔\程序\YZ7 #
#                    _5\Prj\IAR\config files\fire_ROM_K60N512.icf" --entry    #
#                    __iar_program_start --redirect __write=__write_buffered  #
#                    --vfe                                                    #
#                                                                             #
#                                                                             #
###############################################################################

*******************************************************************************
*** RUNTIME MODEL ATTRIBUTES
***

CppFlavor       = *
__SystemLibrary = DLib


*******************************************************************************
*** PLACEMENT SUMMARY
***

"A1":  place at 0x00000000 { ro section .intvec };
"A2":  place at 0x00000410 { ro section .noinit };
"P1":  place in [from 0x00000000 to 0x00040000] { ro, block CodeRelocate };
"P2":  place in [from 0x1fff0410 to 0x20010000] {
          rw, block CodeRelocateRam, block CSTACK, block HEAP };

  Section              Kind        Address    Size  Object
  -------              ----        -------    ----  ------
"A1":                                        0x410
  .intvec              const    0x00000000   0x410  vectors.o [1]
                              - 0x00000410   0x410

"A2":                                          0x8
  .noinit              ro code  0x00000410     0x8  startup_MK60DZ10.o [1]
                              - 0x00000418     0x8

"P1":                                       0x591c
  .text                ro code  0x00000418  0x10e0  main.o [1]
  .text                ro code  0x000014f8   0x19c  MK60_gpio.o [1]
  .text                ro code  0x00001694   0x2b8  MK60_adc.o [1]
  .text                ro code  0x0000194c   0x4ec  MK60_ftm.o [1]
  .text                ro code  0x00001e38    0xb0  MK60_port.o [1]
  .text                ro code  0x00001ee8    0x32  I32ToFlt.o [4]
  .text                ro code  0x00001f1a    0x22  zero_init3.o [5]
  .text                ro code  0x00001f3c    0xe6  FltSub.o [4]
  .rodata              const    0x00002022     0x2  main.o [1]
  .text                ro code  0x00002024    0xd8  FltMul.o [4]
  .text                ro code  0x000020fc    0x4e  FltToDbl.o [4]
  .text                ro code  0x0000214c    0xfc  FltDiv.o [4]
  .text                ro code  0x00002248    0x84  FltAdd.o [4]
  .text                ro code  0x000022cc   0x1a2  DblMul.o [4]
  .text                ro code  0x00002470    0xe8  DblAdd.o [4]
  .text                ro code  0x00002558    0x90  DblToFlt.o [4]
  .text                ro code  0x000025e8    0x24  FltCmpGe.o [4]
  .text                ro code  0x0000260c    0x24  FltCmpLe.o [4]
  .text                ro code  0x00002630    0x44  FltToS32.o [4]
  .text                ro code  0x00002674   0x234  FIRE_OV7725_Eagle.o [1]
  .text                ro code  0x000028a8    0x50  misc.o [1]
  .text                ro code  0x000028f8    0x78  MK60_DWT.o [1]
  .text                ro code  0x00002970    0x7c  MK60_PIT.o [1]
  .text                ro code  0x000029ec    0x24  printf.o [3]
  Veneer               ro code  0x00002a10     0x8  - Linker created -
  Veneer               ro code  0x00002a18     0x8  - Linker created -
  .text                ro code  0x00002a20   0x118  FIRE_MK60_conf.o [1]
  .text                ro code  0x00002b38   0x180  DblSub.o [4]
  .text                ro code  0x00002cb8   0x258  MK60_dma.o [1]
  .text                ro code  0x00002f10   0x362  FIRE_SCCB.o [1]
  .text                ro code  0x00003274   0xd06  xprintffull_nomb.o [3]
  .text                ro code  0x00003f7c   0x244  MK60_uart.o [1]
  .text                ro code  0x000041c0    0x9c  FIRE_key.o [1]
  .text                ro code  0x0000425c    0x50  FIRE_LED.o [1]
  .text                ro code  0x000042ac    0x16  strchr.o [5]
  .text                ro code  0x000042c4    0x36  strlen.o [5]
  .text                ro code  0x000042fc    0x58  memchr.o [5]
  .text                ro code  0x00004354    0xee  I64DivMod.o [5]
  .text                ro code  0x00004444    0x76  ABImemcpy.o [5]
  .text                ro code  0x000044ba    0x44  xdnorm.o [4]
  .text                ro code  0x00004500    0x2e  DblCmpLe.o [4]
  .text                ro code  0x00004530    0x2e  DblCmpGe.o [4]
  .text                ro code  0x00004560   0x11a  xdscale.o [4]
  .text                ro code  0x0000467c    0x58  DblToI32.o [4]
  .text                ro code  0x000046d4    0x30  I32ToDbl.o [4]
  .text                ro code  0x00004704   0x246  DblDiv.o [4]
  .text                ro code  0x0000494c    0x6c  localeconv.o [3]
  .text                ro code  0x000049b8     0xe  div.o [3]
  .text                ro code  0x000049c8     0x2  I64DivZer.o [5]
  .text                ro code  0x000049ca     0x2  xtls.o [3]
  .data_init                    0x000049cc   0x884  <Block>
    Initializer bytes  ro data  0x000049cc   0x884  <for .data-1>
  Veneer               ro code  0x00005250     0x8  - Linker created -
  .text                ro code  0x00005258   0x3dc  MK60_mcg.o [1]
  CodeRelocate                  0x00005634   0x1b8  <Block>
    Initializer bytes  ro data  0x00005634   0x1b8  <for CodeRelocateRam-1>
  .text                ro code  0x000057ec   0x124  system_MK60DZ10.o [1]
  .text                ro code  0x00005910    0x40  MK60_wdog.o [1]
  .rodata              const    0x00005950    0x3c  FIRE_MK60_conf.o [1]
  .rodata              const    0x0000598c    0x38  MK60_flash.o [1]
  .rodata              const    0x000059c4    0x38  MK60_gpio.o [1]
  .rodata              const    0x000059fc    0x38  MK60_uart.o [1]
  .rodata              const    0x00005a34    0x34  MK60_PIT.o [1]
  .rodata              const    0x00005a68    0x34  MK60_adc.o [1]
  .rodata              const    0x00005a9c    0x34  MK60_dma.o [1]
  .rodata              const    0x00005ad0    0x34  MK60_ftm.o [1]
  .rodata              const    0x00005b04    0x30  misc.o [1]
  .text                ro code  0x00005b34    0x2c  data_init3.o [5]
  .rodata              const    0x00005b60    0x24  FIRE_MK60_conf.o [1]
  .rodata              const    0x00005b84    0x24  FIRE_OV7725_Eagle.o [1]
  .rodata              const    0x00005ba8    0x24  FIRE_OV7725_Eagle.o [1]
  .iar.init_table      const    0x00005bcc    0x10  - Linker created -
  .rodata              const    0x00005bdc    0x20  FIRE_MK60_conf.o [1]
  .rodata              const    0x00005bfc    0x20  FIRE_OV7725_Eagle.o [1]
  .rodata              const    0x00005c1c    0x18  FIRE_OV7725_Eagle.o [1]
  .rodata              const    0x00005c34    0x18  FIRE_OV7725_Eagle.o [1]
  .text                ro code  0x00005c4c    0x16  cmain.o [5]
  .text                ro code  0x00005c62     0x4  low_level_init.o [3]
  .text                ro code  0x00005c66     0x4  exit.o [3]
  .text                ro code  0x00005c6c     0xa  cexit.o [5]
  .text                ro code  0x00005c78     0xc  XXexit.o [5]
  .text                ro code  0x00005c84    0x16  xprout.o [3]
  .text                ro code  0x00005c9c     0xc  putchar.o [3]
  .rodata              const    0x00005ca8    0x14  FIRE_MK60_conf.o [1]
  .rodata              const    0x00005cbc    0x14  FIRE_OV7725_Eagle.o [1]
  .text                ro code  0x00005cd0     0xc  cstartup_M.o [5]
  .rodata              const    0x00005cdc     0x8  main.o [1]
  .rodata              const    0x00005ce4     0x0  bwt_init3c.o [5]
  Initializer bytes    ro data  0x00005ce4    0x50  <for P2 s0>
                              - 0x00005d34  0x591c

"P2", part 1 of 3:                           0xa3c
  .data                         0x1fff0410   0x884  <Block>
    .data-1                     0x1fff0410   0x884  <Init block>
      .data            inited   0x1fff0410     0x4  FIRE_LED.o [1]
      .data            inited   0x1fff0414   0x708  FIRE_MK60_conf.o [1]
      .data            inited   0x1fff0b1c     0x1  FIRE_OV7725_Eagle.o [1]
      .data            inited   0x1fff0b20    0x64  FIRE_OV7725_Eagle.o [1]
      .data            inited   0x1fff0b84     0x1  FIRE_OV7725_Eagle.o [1]
      .data            inited   0x1fff0b88     0x8  FIRE_key.o [1]
      .data            inited   0x1fff0b90     0x8  MK60_adc.o [1]
      .data            inited   0x1fff0b98     0xc  MK60_ftm.o [1]
      .data            inited   0x1fff0ba4    0x14  MK60_gpio.o [1]
      .data            inited   0x1fff0bb8    0x44  MK60_mcg.o [1]
      .data            inited   0x1fff0bfc     0x4  MK60_mcg.o [1]
      .data            inited   0x1fff0c00    0x14  MK60_port.o [1]
      .data            inited   0x1fff0c14    0x18  MK60_uart.o [1]
      .data            inited   0x1fff0c2c     0x4  main.o [1]
      .data            inited   0x1fff0c30     0x4  main.o [1]
      .data            inited   0x1fff0c34     0x4  main.o [1]
      .data            inited   0x1fff0c38     0x4  main.o [1]
      .data            inited   0x1fff0c3c     0x4  main.o [1]
      .data            inited   0x1fff0c40     0x4  main.o [1]
      .data            inited   0x1fff0c44     0x4  main.o [1]
      .data            inited   0x1fff0c48     0x4  main.o [1]
      .data            inited   0x1fff0c4c     0x4  main.o [1]
      .data            inited   0x1fff0c50     0x4  main.o [1]
      .data            inited   0x1fff0c54    0x40  xfiles.o [3]
  CodeRelocateRam               0x1fff0c94   0x1b8  <Block>
    CodeRelocateRam-1           0x1fff0c94   0x1b8  <Init block>
      Veneer           inited   0x1fff0c94     0x8  - Linker created -
      .textrw          inited   0x1fff0c9c   0x160  MK60_flash.o [1]
      .textrw          inited   0x1fff0dfc    0x50  MK60_mcg.o [1]
                              - 0x1fff0e4c   0xa3c

"P2", part 2 of 3:                          0x2978
  .bss                          0x1fff0e4c  0x2976  <Block>
    .bss               zero     0x1fff0e4c     0x4  FIRE_OV7725_Eagle.o [1]
    .bss               zero     0x1fff0e50   0x258  main.o [1]
    .bss               zero     0x1fff10a8  0x12c0  main.o [1]
    .bss               zero     0x1fff2368  0x12c0  main.o [1]
    .bss               zero     0x1fff3628    0x3c  main.o [1]
    .bss               zero     0x1fff3664    0x3c  main.o [1]
    .bss               zero     0x1fff36a0    0x3c  main.o [1]
    .bss               zero     0x1fff36dc     0x4  main.o [1]
    .bss               zero     0x1fff36e0     0x4  main.o [1]
    .bss               zero     0x1fff36e4     0x4  main.o [1]
    .bss               zero     0x1fff36e8     0x4  main.o [1]
    .bss               zero     0x1fff36ec     0x4  main.o [1]
    .bss               zero     0x1fff36f0     0x4  main.o [1]
    .bss               zero     0x1fff36f4     0x4  main.o [1]
    .bss               zero     0x1fff36f8     0x4  main.o [1]
    .bss               zero     0x1fff36fc     0x4  main.o [1]
    .bss               zero     0x1fff3700     0x4  main.o [1]
    .bss               zero     0x1fff3704     0x4  main.o [1]
    .bss               zero     0x1fff3708     0x4  main.o [1]
    .bss               zero     0x1fff370c     0x4  main.o [1]
    .bss               zero     0x1fff3710     0x4  main.o [1]
    .bss               zero     0x1fff3714     0x4  main.o [1]
    .bss               zero     0x1fff3718     0x4  main.o [1]
    .bss               zero     0x1fff371c     0x4  main.o [1]
    .bss               zero     0x1fff3720     0x4  main.o [1]
    .bss               zero     0x1fff3724     0x4  main.o [1]
    .bss               zero     0x1fff3728     0x4  main.o [1]
    .bss               zero     0x1fff372c     0x4  main.o [1]
    .bss               zero     0x1fff3730     0x4  main.o [1]
    .bss               zero     0x1fff3734     0x4  main.o [1]
    .bss               zero     0x1fff3738     0x4  main.o [1]
    .bss               zero     0x1fff373c     0x4  main.o [1]
    .bss               zero     0x1fff3740     0x4  main.o [1]
    .bss               zero     0x1fff3744     0x4  main.o [1]
    .bss               zero     0x1fff3748     0x4  main.o [1]
    .bss               zero     0x1fff374c     0x4  main.o [1]
    .bss               zero     0x1fff3750     0x4  main.o [1]
    .bss               zero     0x1fff3754     0x4  main.o [1]
    .bss               zero     0x1fff3758     0x4  main.o [1]
    .bss               zero     0x1fff375c     0x4  main.o [1]
    .bss               zero     0x1fff3760     0x4  system_MK60DZ10.o [1]
    .bss               zero     0x1fff3764     0x4  system_MK60DZ10.o [1]
    .bss               zero     0x1fff3768     0x4  system_MK60DZ10.o [1]
    .bss               zero     0x1fff376c    0x50  xfiles.o [3]
    .bss               zero     0x1fff37bc     0x1  main.o [1]
    .bss               zero     0x1fff37bd     0x1  main.o [1]
    .bss               zero     0x1fff37be     0x1  main.o [1]
    .bss               zero     0x1fff37bf     0x1  main.o [1]
    .bss               zero     0x1fff37c0     0x1  main.o [1]
    .bss               zero     0x1fff37c1     0x1  main.o [1]
                              - 0x1fff37c2  0x2976

"P2", part 3 of 3:                            0x50
  P2 s0                         0x1fff37c4    0x50  <Init block>
    __DLIB_PERTHREAD   inited   0x1fff37c4    0x50  localeconv.o [3]
                              - 0x1fff3814    0x50


*******************************************************************************
*** INIT TABLE
***

          Address     Size
          -------     ----
Zero (__iar_zero_init3)
    1 destination range, total size 0x2976:
          0x1fff0e4c  0x2976



*******************************************************************************
*** MODULE SUMMARY
***

    Module               ro code  rw code  ro data  rw data
    ------               -------  -------  -------  -------
G:\比赛\2014飞思卡尔\程序\YZ7_5\Prj\IAR\DZ10_Debug\Obj: [1]
    FIRE_LED.o                80                 4        4
    FIRE_MK60_conf.o         280             1 948    1 800
    FIRE_OV7725_Eagle.o      564               277      106
    FIRE_SCCB.o              866
    FIRE_key.o               156                11        8
    MK60_DWT.o               120
    MK60_PIT.o               124                52
    MK60_adc.o               696                60        8
    MK60_dma.o               600                52
    MK60_flash.o                      352      408
    MK60_ftm.o             1 260                64       12
    MK60_gpio.o              412                76       20
    MK60_mcg.o               988       80      152       72
    MK60_port.o              176                20       20
    MK60_uart.o              580                80       24
    MK60_wdog.o               64
    main.o                 4 320                50   10 558
    misc.o                    80                48
    startup_MK60DZ10.o         8
    system_MK60DZ10.o        292                         12
    vectors.o                                1 040
    -------------------------------------------------------
    Total:                11 666      432    4 342   12 644

command line: [2]
    -------------------------------------------------------
    Total:

dl7M_tlf.a: [3]
    div.o                     14
    exit.o                     4
    localeconv.o             108                80       80
    low_level_init.o           4
    printf.o                  36
    putchar.o                 12
    xfiles.o                                    64      144
    xprintffull_nomb.o     3 334
    xprout.o                  22
    xtls.o                     2
    -------------------------------------------------------
    Total:                 3 536               144      224

m7M_tl.a: [4]
    DblAdd.o                 232
    DblCmpGe.o                46
    DblCmpLe.o                46
    DblDiv.o                 582
    DblMul.o                 418
    DblSub.o                 384
    DblToFlt.o               144
    DblToI32.o                88
    FltAdd.o                 132
    FltCmpGe.o                36
    FltCmpLe.o                36
    FltDiv.o                 252
    FltMul.o                 216
    FltSub.o                 230
    FltToDbl.o                78
    FltToS32.o                68
    I32ToDbl.o                48
    I32ToFlt.o                50
    xdnorm.o                  68
    xdscale.o                282
    -------------------------------------------------------
    Total:                 3 436

rt7M_tl.a: [5]
    ABImemcpy.o              118
    I64DivMod.o              238
    I64DivZer.o                2
    XXexit.o                  12
    bwt_init3c.o
    cexit.o                   10
    cmain.o                   22
    cstartup_M.o              12
    data_init3.o              44
    memchr.o                  88
    strchr.o                  22
    strlen.o                  54
    zero_init3.o              34
    -------------------------------------------------------
    Total:                   656

    Gaps                      32                          6
    Linker created            24        8       24
-----------------------------------------------------------
    Grand Total:          19 350      440    4 510   12 874


*******************************************************************************
*** ENTRY LIST
***

Entry                      Address    Size  Type      Object
-----                      -------    ----  ----      ------
.bss$$Base              0x1fff0e4c           --   Gb  - Linker created -
.bss$$Limit             0x1fff37c2           --   Gb  - Linker created -
.data$$Base             0x1fff0410           --   Gb  - Linker created -
.data$$Limit            0x1fff0c94           --   Gb  - Linker created -
.data_init$$Base        0x000049cc           --   Gb  - Linker created -
.data_init$$Limit       0x00005250           --   Gb  - Linker created -
?main                   0x00005c4d          Code  Gb  cmain.o [5]
ADCN                    0x1fff0b90     0x8  Data  Gb  MK60_adc.o [1]
AD_az                   0x1fff3730     0x4  Data  Lc  main.o [1]
AD_az_max               0x1fff3718     0x4  Data  Lc  main.o [1]
AD_az_min               0x1fff371c     0x4  Data  Lc  main.o [1]
AD_az_totle             0x1fff3728     0x4  Data  Lc  main.o [1]
AD_gy                   0x1fff3734     0x4  Data  Lc  main.o [1]
AD_gy_max               0x1fff3720     0x4  Data  Lc  main.o [1]
AD_gy_min               0x1fff3724     0x4  Data  Lc  main.o [1]
AD_gy_totle             0x1fff372c     0x4  Data  Lc  main.o [1]
AD_init                 0x000004b3    0x10  Code  Gb  main.o [1]
ASSERT_FAILED_STR       0x00005b60    0x24  Data  Gb  FIRE_MK60_conf.o [1]
AngleControl            0x00000de3    0x3c  Code  Gb  main.o [1]
Angle_AG                0x1fff36f8     0x4  Data  Gb  main.o [1]
Angle_Control_D         0x1fff0c48     0x4  Data  Lc  main.o [1]
Angle_Control_P         0x1fff0c44     0x4  Data  Lc  main.o [1]
Angle_G                 0x1fff36f4     0x4  Data  Gb  main.o [1]
Angle_GG                0x1fff36fc     0x4  Data  Gb  main.o [1]
Angle_Z                 0x1fff36f0     0x4  Data  Gb  main.o [1]
Buffer                  0x1fff2368  0x12c0  Data  Gb  main.o [1]
C_Gyro_y                0x1fff0c34     0x4  Data  Gb  main.o [1]
C_Z                     0x1fff0c30     0x4  Data  Gb  main.o [1]
Car_speed_select        0x1fff0c2c     0x4  Data  Gb  main.o [1]
Car_speed_set           0x1fff36dc     0x4  Data  Gb  main.o [1]
CodeRelocate$$Base      0x00005634           --   Gb  - Linker created -
CodeRelocate$$Limit     0x000057ec           --   Gb  - Linker created -
CodeRelocateRam$$Base   0x1fff0c94           --   Gb  - Linker created -
CodeRelocateRam$$Limit  0x1fff0e4c           --   Gb  - Linker created -
DIR_CONTROL_D           0x1fff373c     0x4  Data  Lc  main.o [1]
DIR_CONTROL_P           0x1fff0c50     0x4  Data  Lc  main.o [1]
DMA0_IRQHandler         0x000014f1     0x8  Code  Gb  main.o [1]
DirectionControl        0x000010a9    0xa0  Code  Gb  main.o [1]
DirectionControlOutput  0x00001149    0x3c  Code  Gb  main.o [1]
FTMN                    0x1fff0b98     0xc  Data  Gb  MK60_ftm.o [1]
FTM_PWM_Duty            0x00001be5    0xe4  Code  Gb  MK60_ftm.o [1]
FTM_PWM_init            0x0000194d   0x298  Code  Gb  MK60_ftm.o [1]
FTM_QUAD_Init           0x00001cc9   0x106  Code  Gb  MK60_ftm.o [1]
FTM_QUAD_clean          0x00001dfb    0x28  Code  Gb  MK60_ftm.o [1]
FTM_QUAD_get            0x00001dcf    0x2c  Code  Gb  MK60_ftm.o [1]
FTM_init                0x000004e3    0x30  Code  Gb  main.o [1]
GPIOX                   0x1fff0ba4    0x14  Data  Gb  MK60_gpio.o [1]
IO_init                 0x0000047d    0x36  Code  Gb  main.o [1]
KEY_PTxn                0x1fff0b88     0x8  Data  Gb  FIRE_key.o [1]
LED_PTxn                0x1fff0410     0x4  Data  Gb  FIRE_LED.o [1]
Line_Center             0x1fff36a0    0x3c  Data  Gb  main.o [1]
Line_Left               0x1fff3664    0x3c  Data  Gb  main.o [1]
Line_Right              0x1fff3628    0x3c  Data  Gb  main.o [1]
M_PACNT_left            0x1fff3758     0x4  Data  Gb  main.o [1]
M_PACNT_right           0x1fff375c     0x4  Data  Gb  main.o [1]
MotoL                   0x0000057d    0x4e  Code  Gb  main.o [1]
MotoR                   0x0000052f    0x4e  Code  Gb  main.o [1]
MotorOutput             0x00000f65    0x4c  Code  Gb  main.o [1]
MotorSpeedOut           0x00000e25   0x13c  Code  Gb  main.o [1]
NVIC_DisableIRQ         0x0000268d    0x18  Code  Lc  FIRE_OV7725_Eagle.o [1]
NVIC_EnableIRQ          0x00002675    0x18  Code  Lc  FIRE_OV7725_Eagle.o [1]
NVIC_EnableIRQ          0x0000043d    0x1a  Code  Lc  main.o [1]
NVIC_SetPriority        0x00000457    0x26  Code  Lc  main.o [1]
NVIC_SetPriorityGrouping
                        0x00000419    0x24  Code  Lc  main.o [1]
NVIC_SystemReset        0x00002a21    0x1a  Code  Lc  FIRE_MK60_conf.o [1]
PACNT_flag              0x1fff37be     0x1  Data  Gb  main.o [1]
PIT0_IRQHandler         0x0000128d   0x13c  Code  Gb  main.o [1]
PIT_flag0               0x1fff37bf     0x1  Data  Gb  main.o [1]
PORTA_IRQHandler        0x000013cd    0x22  Code  Gb  main.o [1]
PORTX                   0x1fff0c00    0x14  Data  Gb  MK60_port.o [1]
PWM_init                0x000004c3    0x20  Code  Gb  main.o [1]
R_Gyro                  0x1fff0c40     0x4  Data  Gb  main.o [1]
R_Z                     0x1fff0c3c     0x4  Data  Gb  main.o [1]
Region$$Table$$Base     0x00005bcc           --   Gb  - Linker created -
Region$$Table$$Limit    0x00005bdc           --   Gb  - Linker created -
Reset_Handler           0x00000411          Code  Gb  startup_MK60DZ10.o [1]
SCCB_Ack                0x00002fe5    0x3c  Code  Lc  FIRE_SCCB.o [1]
SCCB_GPIO_init          0x00002f2b    0x28  Code  Gb  FIRE_SCCB.o [1]
SCCB_NoAck              0x00003021    0x3c  Code  Lc  FIRE_SCCB.o [1]
SCCB_ReadByte           0x000031c1    0x2c  Code  Gb  FIRE_SCCB.o [1]
SCCB_ReadByte_one       0x000031ed    0x86  Code  Lc  FIRE_SCCB.o [1]
SCCB_ReceiveByte        0x000030ed    0x54  Code  Lc  FIRE_SCCB.o [1]
SCCB_SendByte           0x000030a9    0x44  Code  Lc  FIRE_SCCB.o [1]
SCCB_Start              0x00002f53    0x5e  Code  Lc  FIRE_SCCB.o [1]
SCCB_Stop               0x00002fb1    0x34  Code  Lc  FIRE_SCCB.o [1]
SCCB_WaitAck            0x0000305d    0x4c  Code  Lc  FIRE_SCCB.o [1]
SCCB_WriteByte          0x00003151    0x28  Code  Gb  FIRE_SCCB.o [1]
SCCB_WriteByte_one      0x00003179    0x48  Code  Lc  FIRE_SCCB.o [1]
SCCB_delay              0x00002f11    0x1a  Code  Lc  FIRE_SCCB.o [1]
SpeedControl            0x00000fb1    0xaa  Code  Gb  main.o [1]
SpeedControlOutput      0x00001061    0x40  Code  Gb  main.o [1]
Speed_control_I         0x1fff3738     0x4  Data  Lc  main.o [1]
Speed_control_P         0x1fff0c4c     0x4  Data  Lc  main.o [1]
T_Z                     0x1fff0c38     0x4  Data  Gb  main.o [1]
UARTN                   0x1fff0c14    0x18  Data  Gb  MK60_uart.o [1]
_GenldFullNoMb          0x00003cd9   0x258  Code  Lc  xprintffull_nomb.o [3]
_LdtobFullNoMb          0x000038c9   0x400  Code  Lc  xprintffull_nomb.o [3]
_LitobFullNoMb          0x000037a3   0x126  Code  Lc  xprintffull_nomb.o [3]
_Locale_lconv           0x1fff37c4    0x50  Data  Gb  localeconv.o [3]
_PrintfFullNoMb         0x00003275   0x52e  Code  Gb  xprintffull_nomb.o [3]
_Prout                  0x00005c85    0x16  Code  Gb  xprout.o [3]
_PutcharsFullNoMb       0x00003f31    0x2e  Code  Lc  xprintffull_nomb.o [3]
__BOOT_STACK_ADDRESS {Abs}
                        0x2000fff8           --   Gb  command line/config [2]
__VECTOR_RAM {Abs}      0x1fff0000           --   Gb  command line/config [2]
__VECTOR_TABLE {Abs}    0x00000000           --   Gb  command line/config [2]
__aeabi_cdcmple         0x00004501          Code  Gb  DblCmpLe.o [4]
__aeabi_cdrcmple        0x00004531          Code  Gb  DblCmpGe.o [4]
__aeabi_cfcmple         0x0000260d          Code  Gb  FltCmpLe.o [4]
__aeabi_cfrcmple        0x000025e9          Code  Gb  FltCmpGe.o [4]
__aeabi_d2f             0x00002559          Code  Gb  DblToFlt.o [4]
__aeabi_d2iz            0x0000467d          Code  Gb  DblToI32.o [4]
__aeabi_d2uiz           0x000046a9          Code  Gb  DblToI32.o [4]
__aeabi_dadd            0x00002471          Code  Gb  DblAdd.o [4]
__aeabi_ddiv            0x00004705          Code  Gb  DblDiv.o [4]
__aeabi_dmul            0x000022cd          Code  Gb  DblMul.o [4]
__aeabi_dsub            0x00002b39          Code  Gb  DblSub.o [4]
__aeabi_f2d             0x000020fd          Code  Gb  FltToDbl.o [4]
__aeabi_f2iz            0x00002631          Code  Gb  FltToS32.o [4]
__aeabi_fadd            0x00002249          Code  Gb  FltAdd.o [4]
__aeabi_fdiv            0x0000214d          Code  Gb  FltDiv.o [4]
__aeabi_fmul            0x00002025          Code  Gb  FltMul.o [4]
__aeabi_fsub            0x00001f3d          Code  Gb  FltSub.o [4]
__aeabi_i2d             0x000046d5          Code  Gb  I32ToDbl.o [4]
__aeabi_i2f             0x00001ee9          Code  Gb  I32ToFlt.o [4]
__aeabi_ldiv0           0x000049c9          Code  Gb  I64DivZer.o [5]
__aeabi_memcpy          0x00004445          Code  Gb  ABImemcpy.o [5]
__aeabi_memcpy4         0x00004465          Code  Gb  ABImemcpy.o [5]
__aeabi_memcpy8         0x00004465          Code  Gb  ABImemcpy.o [5]
__aeabi_ui2d            0x000046e9          Code  Gb  I32ToDbl.o [4]
__aeabi_ui2f            0x00001efd          Code  Gb  I32ToFlt.o [4]
__aeabi_uldivmod        0x00004355          Code  Gb  I64DivMod.o [5]
__cmain                 0x00005c4d          Code  Gb  cmain.o [5]
__code_start__ {Abs}    0x00000410           --   Gb  command line/config [2]
__exit                  0x00005c79          Code  Gb  XXexit.o [5]
__iar_Dnorm             0x000044bb    0x44  Code  Gb  xdnorm.o [4]
__iar_Dscale            0x00004561   0x106  Code  Gb  xdscale.o [4]
__iar_Locale_lconv_init
                        0x0000494d    0x3a  Code  Gb  localeconv.o [3]
__iar_Memchr            0x000042fd          Code  Gb  memchr.o [5]
__iar_SB                0x00005ce4          Data  Gb  bwt_init3c.o [5]
__iar_Stdout            0x1fff0c54    0x40  Data  Gb  xfiles.o [3]
__iar_Strchr            0x000042ad          Code  Gb  strchr.o [5]
__iar_d2uiz             0x000046b5          Code  Gb  DblToI32.o [4]
__iar_dadd              0x00002485          Code  Gb  DblAdd.o [4]
__iar_data_init3        0x00005b35    0x2c  Code  Gb  data_init3.o [5]
__iar_default_requirements$$_Printf<unknown>printf {Abs}
                        0x00000000           --   Gb  printf.o [3]
__iar_dlib_perthread_access
                        0x000049cb     0x2  Code  Gb  xtls.o [3]
__iar_dsub              0x00002b4d          Code  Gb  DblSub.o [4]
__iar_dsubStart         0x00002b5f          Code  Gb  DblSub.o [4]
__iar_fadd              0x00002259          Code  Gb  FltAdd.o [4]
__iar_fsub              0x00001f4d          Code  Gb  FltSub.o [4]
__iar_fsubStart         0x00001f5d          Code  Gb  FltSub.o [4]
__iar_program_start     0x00005cd1          Code  Gb  cstartup_M.o [5]
__iar_provide$$_Printf<flags,floats,hex_floats,int_specials,long_longs,n_formatters,qualifiers,widths>_PrintfFullNoMb {Abs}
                        0x00000000           --   Gb  xprintffull_nomb.o [3]
__iar_ui2d              0x000046ed          Code  Gb  I32ToDbl.o [4]
__iar_ui2f              0x00001f01          Code  Gb  I32ToFlt.o [4]
__iar_zero_init3        0x00001f1b    0x22  Code  Gb  zero_init3.o [5]
__low_level_init        0x00005c63     0x4  Code  Gb  low_level_init.o [3]
__vector_table          0x00000000   0x410  Data  Gb  vectors.o [1]
_call_main              0x00005c59          Code  Gb  cmain.o [5]
_exit                   0x00005c6d          Code  Gb  cexit.o [5]
_main                   0x00005c5f          Code  Gb  cmain.o [5]
adc_init                0x00001695   0x20e  Code  Gb  MK60_adc.o [1]
adc_once                0x000018a3    0x50  Code  Gb  MK60_adc.o [1]
adc_start               0x000018f3    0x44  Code  Lc  MK60_adc.o [1]
angle_calculate         0x00000d03    0xe0  Code  Gb  main.o [1]
assert_failed           0x00002a3b    0x12  Code  Gb  FIRE_MK60_conf.o [1]
bigger                  0x00000521     0xe  Code  Gb  main.o [1]
bus_clk_khz             0x1fff3768     0x4  Data  Gb  system_MK60DZ10.o [1]
common_startup          0x00005841    0x98  Code  Gb  system_MK60DZ10.o [1]
core_clk_khz            0x1fff3760     0x4  Data  Gb  system_MK60DZ10.o [1]
core_clk_mhz            0x1fff3764     0x4  Data  Gb  system_MK60DZ10.o [1]
default_isr             0x00002afb    0x1c  Code  Gb  FIRE_MK60_conf.o [1]
div                     0x000049b9     0xe  Code  Gb  div.o [3]
dma_portx2buff_init     0x00002cb9   0x258  Code  Gb  MK60_dma.o [1]
dwt_delay_ms            0x00002959    0x18  Code  Gb  MK60_DWT.o [1]
dwt_delay_us            0x000028f9    0x4e  Code  Gb  MK60_DWT.o [1]
exit                    0x00005c67     0x4  Code  Gb  exit.o [3]
find_edge_black         0x000006e5   0x4c2  Code  Gb  main.o [1]
flash_cmd               0x1fff0c9d    0x20  Code  Gb  MK60_flash.o [1]
flash_erase_sector      0x1fff0ce5    0x58  Code  Gb  MK60_flash.o [1]
flash_init              0x1fff0cbd    0x28  Code  Gb  MK60_flash.o [1]
flash_write             0x1fff0d3d    0x90  Code  Gb  MK60_flash.o [1]
fputc                   0x00002a4d    0x14  Code  Gb  FIRE_MK60_conf.o [1]
g_fAngleControlOut      0x1fff3740     0x4  Data  Lc  main.o [1]
g_fCarSpeed             0x1fff3700     0x4  Data  Gb  main.o [1]
g_fDirectionControlOut  0x1fff3750     0x4  Data  Lc  main.o [1]
g_fDirectionControlOutNew
                        0x1fff3714     0x4  Data  Gb  main.o [1]
g_fDirectionControlOutOld
                        0x1fff3710     0x4  Data  Gb  main.o [1]
g_fLeftMotorOut         0x1fff3744     0x4  Data  Lc  main.o [1]
g_fRightMotorOut        0x1fff3748     0x4  Data  Lc  main.o [1]
g_fSpeedControlIntegral
                        0x1fff3704     0x4  Data  Gb  main.o [1]
g_fSpeedControlOut      0x1fff374c     0x4  Data  Lc  main.o [1]
g_fSpeedControlOutNew   0x1fff370c     0x4  Data  Gb  main.o [1]
g_fSpeedControlOutOld   0x1fff3708     0x4  Data  Gb  main.o [1]
g_nDirectionControlCount
                        0x1fff36ec     0x4  Data  Gb  main.o [1]
g_nDirectionControlPeriod
                        0x1fff36e8     0x4  Data  Gb  main.o [1]
g_nSpeedControlCount    0x1fff36e4     0x4  Data  Gb  main.o [1]
g_nSpeedControlPeriod   0x1fff36e0     0x4  Data  Gb  main.o [1]
gpio_get                0x00001651    0x3a  Code  Gb  MK60_gpio.o [1]
gpio_init               0x000014f9    0xae  Code  Gb  MK60_gpio.o [1]
gpio_set                0x000015a7    0x72  Code  Gb  MK60_gpio.o [1]
gpio_turn               0x00001619    0x38  Code  Gb  MK60_gpio.o [1]
img                     0x1fff10a8  0x12c0  Data  Gb  main.o [1]
img_extract             0x00000657    0x8e  Code  Gb  main.o [1]
img_swop                0x000005cb    0x8c  Code  Gb  main.o [1]
imgbuff                 0x1fff0e50   0x258  Data  Gb  main.o [1]
key_check               0x0000422d    0x2a  Code  Gb  FIRE_key.o [1]
key_get                 0x00004213    0x1a  Code  Gb  FIRE_key.o [1]
key_init                0x000041c1    0x52  Code  Gb  FIRE_key.o [1]
led_init                0x0000425d    0x3a  Code  Gb  FIRE_LED.o [1]
led_turn                0x00004297    0x10  Code  Gb  FIRE_LED.o [1]
localeconv              0x00004987    0x16  Code  Gb  localeconv.o [3]
main                    0x00001189    0xf0  Code  Gb  main.o [1]
mcg_cfg                 0x1fff0bb8    0x44  Data  Gb  MK60_mcg.o [1]
mcg_div                 0x1fff0bfc     0x4  Data  Gb  MK60_mcg.o [1]
mcg_div_count           0x00005259   0x30e  Code  Gb  MK60_mcg.o [1]
memchr                  0x000042fd          Code  Gb  memchr.o [5]
neardot                 0x1fff37bc     0x1  Data  Gb  main.o [1]
obuf                    0x1fff376c    0x50  Data  Lc  xfiles.o [3]
ov7725_eagle_cfgnum     0x1fff0b84     0x1  Data  Gb  FIRE_OV7725_Eagle.o [1]
ov7725_eagle_dma        0x00002755    0x14  Code  Gb  FIRE_OV7725_Eagle.o [1]
ov7725_eagle_get_img    0x00002769    0x42  Code  Gb  FIRE_OV7725_Eagle.o [1]
ov7725_eagle_img_buff   0x1fff0e4c     0x4  Data  Gb  FIRE_OV7725_Eagle.o [1]
ov7725_eagle_img_flag   0x1fff0b1c     0x1  Data  Gb  FIRE_OV7725_Eagle.o [1]
ov7725_eagle_init       0x000026a5    0x18  Code  Gb  FIRE_OV7725_Eagle.o [1]
ov7725_eagle_port_init  0x000026bd    0x54  Code  Lc  FIRE_OV7725_Eagle.o [1]
ov7725_eagle_reg        0x1fff0b20    0x64  Data  Gb  FIRE_OV7725_Eagle.o [1]
ov7725_eagle_reg_init   0x000027ab    0xb0  Code  Lc  FIRE_OV7725_Eagle.o [1]
ov7725_eagle_vsync      0x00002711    0x44  Code  Gb  FIRE_OV7725_Eagle.o [1]
pit_init                0x00002971    0x6c  Code  Gb  MK60_PIT.o [1]
pll_init                0x00005567    0xb2  Code  Gb  MK60_mcg.o [1]
port_init               0x00001e39    0x44  Code  Gb  MK60_port.o [1]
port_init_NoALT         0x00001e7d    0x62  Code  Gb  MK60_port.o [1]
printf                  0x000029ed    0x24  Code  Gb  printf.o [3]
putchar                 0x00005c9d     0xc  Code  Gb  putchar.o [3]
read_AD                 0x00000ba7   0x15c  Code  Gb  main.o [1]
set_sys_dividers        0x1fff0dfd    0x50  Code  Gb  MK60_mcg.o [1]
set_vector_handler      0x000028cb    0x22  Code  Gb  misc.o [1]
smaller                 0x00000513     0xe  Code  Gb  main.o [1]
start                   0x000057ed    0x18  Code  Gb  system_MK60DZ10.o [1]
start_check             0x00002a61    0x9a  Code  Gb  FIRE_MK60_conf.o [1]
strchr                  0x000042ad          Code  Gb  strchr.o [5]
string_PreError         0x1fff37c1     0x1  Data  Gb  main.o [1]
string_ref              0x1fff37c0     0x1  Data  Gb  main.o [1]
strlen                  0x000042c5          Code  Gb  strlen.o [5]
sysinit                 0x00005805    0x3c  Code  Gb  system_MK60DZ10.o [1]
time_q                  0x1fff3754     0x4  Data  Gb  main.o [1]
uart_init               0x00003f7d   0x212  Code  Gb  MK60_uart.o [1]
uart_putchar            0x0000418f    0x1a  Code  Gb  MK60_uart.o [1]
validdot                0x1fff37bd     0x1  Data  Gb  main.o [1]
vector_str              0x1fff0414   0x708  Data  Gb  FIRE_MK60_conf.o [1]
wdog_disable            0x00005911    0x16  Code  Gb  MK60_wdog.o [1]
wdog_unlock             0x00005929    0x20  Code  Lc  MK60_wdog.o [1]
write_vtor              0x000028a9    0x22  Code  Gb  misc.o [1]


[1] = G:\比赛\2014飞思卡尔\程序\YZ7_5\Prj\IAR\DZ10_Debug\Obj
[2] = command line
[3] = dl7M_tlf.a
[4] = m7M_tl.a
[5] = rt7M_tl.a

  19 350 bytes of readonly  code memory
     440 bytes of readwrite code memory
   4 510 bytes of readonly  data memory
  12 874 bytes of readwrite data memory

Errors: none
Warnings: none
