###############################################################################
#                                                                             #
# IAR ELF Linker V6.30.1.53127/W32 for ARM              04/Jul/2014  10:36:23 #
# Copyright 2007-2011 IAR Systems AB.                                         #
#                                                                             #
#    Output file  =  G:\比赛\2014飞思卡尔\程序\YZ7_3\Prj\IAR\DZ10_Debug\Exe\f #
#                    ire_Kinetis.out                                          #
#    Map file     =  G:\比赛\2014飞思卡尔\程序\YZ7_3\Prj\IAR\DZ10_Debug\List\ #
#                    fire_Kinetis.map                                         #
#    Command line =  G:\比赛\2014飞思卡尔\程序\YZ7_3\Lib\CMSIS\iar_cortexM4l_ #
#                    math.a G:\比赛\2014飞思卡尔\程序\YZ7_3\Prj\IAR\DZ10_Debu #
#                    g\Obj\FIRE_LED.o G:\比赛\2014飞思卡尔\程序\YZ7_3\Prj\IAR #
#                    \DZ10_Debug\Obj\FIRE_MK60_conf.o                         #
#                    G:\比赛\2014飞思卡尔\程序\YZ7_3\Prj\IAR\DZ10_Debug\Obj\F #
#                    IRE_MMA7455.o G:\比赛\2014飞思卡尔\程序\YZ7_3\Prj\IAR\DZ #
#                    10_Debug\Obj\FIRE_NRF24L0.o                              #
#                    G:\比赛\2014飞思卡尔\程序\YZ7_3\Prj\IAR\DZ10_Debug\Obj\F #
#                    IRE_OV7725_Eagle.o G:\比赛\2014飞思卡尔\程序\YZ7_3\Prj\I #
#                    AR\DZ10_Debug\Obj\FIRE_RTC_count.o                       #
#                    G:\比赛\2014飞思卡尔\程序\YZ7_3\Prj\IAR\DZ10_Debug\Obj\F #
#                    IRE_SCCB.o G:\比赛\2014飞思卡尔\程序\YZ7_3\Prj\IAR\DZ10_ #
#                    Debug\Obj\FIRE_key.o G:\比赛\2014飞思卡尔\程序\YZ7_3\Prj #
#                    \IAR\DZ10_Debug\Obj\MK60_DWT.o                           #
#                    G:\比赛\2014飞思卡尔\程序\YZ7_3\Prj\IAR\DZ10_Debug\Obj\M #
#                    K60_PIT.o G:\比赛\2014飞思卡尔\程序\YZ7_3\Prj\IAR\DZ10_D #
#                    ebug\Obj\MK60_SysTick.o G:\比赛\2014飞思卡尔\程序\YZ7_3\ #
#                    Prj\IAR\DZ10_Debug\Obj\MK60_adc.o                        #
#                    G:\比赛\2014飞思卡尔\程序\YZ7_3\Prj\IAR\DZ10_Debug\Obj\M #
#                    K60_dac.o G:\比赛\2014飞思卡尔\程序\YZ7_3\Prj\IAR\DZ10_D #
#                    ebug\Obj\MK60_dma.o G:\比赛\2014飞思卡尔\程序\YZ7_3\Prj\ #
#                    IAR\DZ10_Debug\Obj\MK60_flash.o                          #
#                    G:\比赛\2014飞思卡尔\程序\YZ7_3\Prj\IAR\DZ10_Debug\Obj\M #
#                    K60_ftm.o G:\比赛\2014飞思卡尔\程序\YZ7_3\Prj\IAR\DZ10_D #
#                    ebug\Obj\MK60_gpio.o G:\比赛\2014飞思卡尔\程序\YZ7_3\Prj #
#                    \IAR\DZ10_Debug\Obj\MK60_i2c.o                           #
#                    G:\比赛\2014飞思卡尔\程序\YZ7_3\Prj\IAR\DZ10_Debug\Obj\M #
#                    K60_it.o G:\比赛\2014飞思卡尔\程序\YZ7_3\Prj\IAR\DZ10_De #
#                    bug\Obj\MK60_lptmr.o G:\比赛\2014飞思卡尔\程序\YZ7_3\Prj #
#                    \IAR\DZ10_Debug\Obj\MK60_mcg.o                           #
#                    G:\比赛\2014飞思卡尔\程序\YZ7_3\Prj\IAR\DZ10_Debug\Obj\M #
#                    K60_port.o G:\比赛\2014飞思卡尔\程序\YZ7_3\Prj\IAR\DZ10_ #
#                    Debug\Obj\MK60_rtc.o G:\比赛\2014飞思卡尔\程序\YZ7_3\Prj #
#                    \IAR\DZ10_Debug\Obj\MK60_spi.o                           #
#                    G:\比赛\2014飞思卡尔\程序\YZ7_3\Prj\IAR\DZ10_Debug\Obj\M #
#                    K60_uart.o G:\比赛\2014飞思卡尔\程序\YZ7_3\Prj\IAR\DZ10_ #
#                    Debug\Obj\MK60_wdog.o G:\比赛\2014飞思卡尔\程序\YZ7_3\Pr #
#                    j\IAR\DZ10_Debug\Obj\main.o                              #
#                    G:\比赛\2014飞思卡尔\程序\YZ7_3\Prj\IAR\DZ10_Debug\Obj\m #
#                    isc.o G:\比赛\2014飞思卡尔\程序\YZ7_3\Prj\IAR\DZ10_Debug #
#                    \Obj\startup_MK60DZ10.o G:\比赛\2014飞思卡尔\程序\YZ7_3\ #
#                    Prj\IAR\DZ10_Debug\Obj\system_MK60DZ10.o                 #
#                    G:\比赛\2014飞思卡尔\程序\YZ7_3\Prj\IAR\DZ10_Debug\Obj\v #
#                    ectors.o -o G:\比赛\2014飞思卡尔\程序\YZ7_3\Prj\IAR\DZ10 #
#                    _Debug\Exe\fire_Kinetis.out --map                        #
#                    G:\比赛\2014飞思卡尔\程序\YZ7_3\Prj\IAR\DZ10_Debug\List\ #
#                    fire_Kinetis.map --config "G:\比赛\2014飞思卡尔\程序\YZ7 #
#                    _3\Prj\IAR\config files\fire_ROM_K60N512.icf" --entry    #
#                    __iar_program_start --redirect __write=__write_buffered  #
#                    --vfe                                                    #
#                                                                             #
#                                                                             #
###############################################################################

*******************************************************************************
*** RUNTIME MODEL ATTRIBUTES
***

CppFlavor       = *
__SystemLibrary = DLib


*******************************************************************************
*** PLACEMENT SUMMARY
***

"A1":  place at 0x00000000 { ro section .intvec };
"A2":  place at 0x00000410 { ro section .noinit };
"P1":  place in [from 0x00000000 to 0x00040000] { ro, block CodeRelocate };
"P2":  place in [from 0x1fff0410 to 0x20010000] {
          rw, block CodeRelocateRam, block CSTACK, block HEAP };

  Section              Kind        Address    Size  Object
  -------              ----        -------    ----  ------
"A1":                                        0x410
  .intvec              const    0x00000000   0x410  vectors.o [1]
                              - 0x00000410   0x410

"A2":                                          0x8
  .noinit              ro code  0x00000410     0x8  startup_MK60DZ10.o [1]
                              - 0x00000418     0x8

"P1":                                       0x58b0
  .text                ro code  0x00000418  0x107c  main.o [1]
  .text                ro code  0x00001494   0x19c  MK60_gpio.o [1]
  .text                ro code  0x00001630   0x2b8  MK60_adc.o [1]
  .text                ro code  0x000018e8   0x4ec  MK60_ftm.o [1]
  .text                ro code  0x00001dd4    0xb0  MK60_port.o [1]
  .text                ro code  0x00001e84    0x32  I32ToFlt.o [4]
  .text                ro code  0x00001eb6    0x22  zero_init3.o [5]
  .text                ro code  0x00001ed8    0xe6  FltSub.o [4]
  .rodata              const    0x00001fbe     0x2  main.o [1]
  .text                ro code  0x00001fc0    0xd8  FltMul.o [4]
  .text                ro code  0x00002098    0x4e  FltToDbl.o [4]
  .text                ro code  0x000020e8    0xfc  FltDiv.o [4]
  .text                ro code  0x000021e4    0x84  FltAdd.o [4]
  .text                ro code  0x00002268   0x1a2  DblMul.o [4]
  .text                ro code  0x0000240c    0xe8  DblAdd.o [4]
  .text                ro code  0x000024f4    0x90  DblToFlt.o [4]
  .text                ro code  0x00002584    0x24  FltCmpGe.o [4]
  .text                ro code  0x000025a8    0x24  FltCmpLe.o [4]
  .text                ro code  0x000025cc    0x44  FltToS32.o [4]
  .text                ro code  0x00002610   0x234  FIRE_OV7725_Eagle.o [1]
  .text                ro code  0x00002844    0x50  misc.o [1]
  .text                ro code  0x00002894    0x78  MK60_DWT.o [1]
  .text                ro code  0x0000290c    0x7c  MK60_PIT.o [1]
  Veneer               ro code  0x00002988     0x8  - Linker created -
  Veneer               ro code  0x00002990     0x8  - Linker created -
  .text                ro code  0x00002998   0x118  FIRE_MK60_conf.o [1]
  .text                ro code  0x00002ab0   0x180  DblSub.o [4]
  .text                ro code  0x00002c30   0x258  MK60_dma.o [1]
  .text                ro code  0x00002e88   0x362  FIRE_SCCB.o [1]
  .text                ro code  0x000031ec    0x24  printf.o [3]
  .text                ro code  0x00003210   0x244  MK60_uart.o [1]
  .text                ro code  0x00003454    0x9c  FIRE_key.o [1]
  .text                ro code  0x000034f0    0x50  FIRE_LED.o [1]
  .text                ro code  0x00003540   0xd06  xprintffull_nomb.o [3]
  .text                ro code  0x00004248    0x16  strchr.o [5]
  .text                ro code  0x00004260    0x36  strlen.o [5]
  .text                ro code  0x00004298    0x58  memchr.o [5]
  .text                ro code  0x000042f0    0xee  I64DivMod.o [5]
  .text                ro code  0x000043e0    0x76  ABImemcpy.o [5]
  .text                ro code  0x00004456    0x44  xdnorm.o [4]
  .text                ro code  0x0000449c    0x2e  DblCmpLe.o [4]
  .text                ro code  0x000044cc    0x2e  DblCmpGe.o [4]
  .text                ro code  0x000044fc   0x11a  xdscale.o [4]
  .text                ro code  0x00004618    0x58  DblToI32.o [4]
  .text                ro code  0x00004670    0x30  I32ToDbl.o [4]
  .text                ro code  0x000046a0   0x246  DblDiv.o [4]
  .text                ro code  0x000048e8    0x6c  localeconv.o [3]
  .text                ro code  0x00004954     0xe  div.o [3]
  .text                ro code  0x00004964     0x2  I64DivZer.o [5]
  .text                ro code  0x00004966     0x2  xtls.o [3]
  .data_init                    0x00004968   0x884  <Block>
    Initializer bytes  ro data  0x00004968   0x884  <for .data-1>
  Veneer               ro code  0x000051ec     0x8  - Linker created -
  .text                ro code  0x000051f4   0x3dc  MK60_mcg.o [1]
  CodeRelocate                  0x000055d0   0x1b8  <Block>
    Initializer bytes  ro data  0x000055d0   0x1b8  <for CodeRelocateRam-1>
  .text                ro code  0x00005788   0x124  system_MK60DZ10.o [1]
  .text                ro code  0x000058ac    0x40  MK60_wdog.o [1]
  .rodata              const    0x000058ec    0x3c  FIRE_MK60_conf.o [1]
  .rodata              const    0x00005928    0x38  MK60_flash.o [1]
  .rodata              const    0x00005960    0x38  MK60_gpio.o [1]
  .rodata              const    0x00005998    0x38  MK60_uart.o [1]
  .rodata              const    0x000059d0    0x34  MK60_PIT.o [1]
  .rodata              const    0x00005a04    0x34  MK60_adc.o [1]
  .rodata              const    0x00005a38    0x34  MK60_dma.o [1]
  .rodata              const    0x00005a6c    0x34  MK60_ftm.o [1]
  .rodata              const    0x00005aa0    0x30  misc.o [1]
  .text                ro code  0x00005ad0    0x2c  data_init3.o [5]
  .rodata              const    0x00005afc    0x24  FIRE_MK60_conf.o [1]
  .rodata              const    0x00005b20    0x24  FIRE_OV7725_Eagle.o [1]
  .rodata              const    0x00005b44    0x24  FIRE_OV7725_Eagle.o [1]
  .iar.init_table      const    0x00005b68    0x10  - Linker created -
  .rodata              const    0x00005b78    0x20  FIRE_MK60_conf.o [1]
  .rodata              const    0x00005b98    0x20  FIRE_OV7725_Eagle.o [1]
  .rodata              const    0x00005bb8    0x18  FIRE_OV7725_Eagle.o [1]
  .rodata              const    0x00005bd0    0x18  FIRE_OV7725_Eagle.o [1]
  .text                ro code  0x00005be8    0x16  cmain.o [5]
  .text                ro code  0x00005bfe     0x4  low_level_init.o [3]
  .text                ro code  0x00005c02     0x4  exit.o [3]
  .text                ro code  0x00005c08     0xa  cexit.o [5]
  .text                ro code  0x00005c14     0xc  XXexit.o [5]
  .text                ro code  0x00005c20    0x16  xprout.o [3]
  .text                ro code  0x00005c38     0xc  putchar.o [3]
  .rodata              const    0x00005c44    0x14  FIRE_MK60_conf.o [1]
  .rodata              const    0x00005c58    0x14  FIRE_OV7725_Eagle.o [1]
  .text                ro code  0x00005c6c     0xc  cstartup_M.o [5]
  .rodata              const    0x00005c78     0x0  bwt_init3c.o [5]
  Initializer bytes    ro data  0x00005c78    0x50  <for P2 s0>
                              - 0x00005cc8  0x58b0

"P2", part 1 of 3:                           0xa3c
  .data                         0x1fff0410   0x884  <Block>
    .data-1                     0x1fff0410   0x884  <Init block>
      .data            inited   0x1fff0410     0x4  FIRE_LED.o [1]
      .data            inited   0x1fff0414   0x708  FIRE_MK60_conf.o [1]
      .data            inited   0x1fff0b1c     0x1  FIRE_OV7725_Eagle.o [1]
      .data            inited   0x1fff0b20    0x64  FIRE_OV7725_Eagle.o [1]
      .data            inited   0x1fff0b84     0x1  FIRE_OV7725_Eagle.o [1]
      .data            inited   0x1fff0b88     0x8  FIRE_key.o [1]
      .data            inited   0x1fff0b90     0x8  MK60_adc.o [1]
      .data            inited   0x1fff0b98     0xc  MK60_ftm.o [1]
      .data            inited   0x1fff0ba4    0x14  MK60_gpio.o [1]
      .data            inited   0x1fff0bb8    0x44  MK60_mcg.o [1]
      .data            inited   0x1fff0bfc     0x4  MK60_mcg.o [1]
      .data            inited   0x1fff0c00    0x14  MK60_port.o [1]
      .data            inited   0x1fff0c14    0x18  MK60_uart.o [1]
      .data            inited   0x1fff0c2c     0x4  main.o [1]
      .data            inited   0x1fff0c30     0x4  main.o [1]
      .data            inited   0x1fff0c34     0x4  main.o [1]
      .data            inited   0x1fff0c38     0x4  main.o [1]
      .data            inited   0x1fff0c3c     0x4  main.o [1]
      .data            inited   0x1fff0c40     0x4  main.o [1]
      .data            inited   0x1fff0c44     0x4  main.o [1]
      .data            inited   0x1fff0c48     0x4  main.o [1]
      .data            inited   0x1fff0c4c     0x4  main.o [1]
      .data            inited   0x1fff0c50     0x4  main.o [1]
      .data            inited   0x1fff0c54    0x40  xfiles.o [3]
  CodeRelocateRam               0x1fff0c94   0x1b8  <Block>
    CodeRelocateRam-1           0x1fff0c94   0x1b8  <Init block>
      Veneer           inited   0x1fff0c94     0x8  - Linker created -
      .textrw          inited   0x1fff0c9c   0x160  MK60_flash.o [1]
      .textrw          inited   0x1fff0dfc    0x50  MK60_mcg.o [1]
                              - 0x1fff0e4c   0xa3c

"P2", part 2 of 3:                          0x2978
  .bss                          0x1fff0e4c  0x2975  <Block>
    .bss               zero     0x1fff0e4c     0x4  FIRE_OV7725_Eagle.o [1]
    .bss               zero     0x1fff0e50   0x258  main.o [1]
    .bss               zero     0x1fff10a8  0x12c0  main.o [1]
    .bss               zero     0x1fff2368  0x12c0  main.o [1]
    .bss               zero     0x1fff3628    0x3c  main.o [1]
    .bss               zero     0x1fff3664    0x3c  main.o [1]
    .bss               zero     0x1fff36a0    0x3c  main.o [1]
    .bss               zero     0x1fff36dc     0x4  main.o [1]
    .bss               zero     0x1fff36e0     0x4  main.o [1]
    .bss               zero     0x1fff36e4     0x4  main.o [1]
    .bss               zero     0x1fff36e8     0x4  main.o [1]
    .bss               zero     0x1fff36ec     0x4  main.o [1]
    .bss               zero     0x1fff36f0     0x4  main.o [1]
    .bss               zero     0x1fff36f4     0x4  main.o [1]
    .bss               zero     0x1fff36f8     0x4  main.o [1]
    .bss               zero     0x1fff36fc     0x4  main.o [1]
    .bss               zero     0x1fff3700     0x4  main.o [1]
    .bss               zero     0x1fff3704     0x4  main.o [1]
    .bss               zero     0x1fff3708     0x4  main.o [1]
    .bss               zero     0x1fff370c     0x4  main.o [1]
    .bss               zero     0x1fff3710     0x4  main.o [1]
    .bss               zero     0x1fff3714     0x4  main.o [1]
    .bss               zero     0x1fff3718     0x4  main.o [1]
    .bss               zero     0x1fff371c     0x4  main.o [1]
    .bss               zero     0x1fff3720     0x4  main.o [1]
    .bss               zero     0x1fff3724     0x4  main.o [1]
    .bss               zero     0x1fff3728     0x4  main.o [1]
    .bss               zero     0x1fff372c     0x4  main.o [1]
    .bss               zero     0x1fff3730     0x4  main.o [1]
    .bss               zero     0x1fff3734     0x4  main.o [1]
    .bss               zero     0x1fff3738     0x4  main.o [1]
    .bss               zero     0x1fff373c     0x4  main.o [1]
    .bss               zero     0x1fff3740     0x4  main.o [1]
    .bss               zero     0x1fff3744     0x4  main.o [1]
    .bss               zero     0x1fff3748     0x4  main.o [1]
    .bss               zero     0x1fff374c     0x4  main.o [1]
    .bss               zero     0x1fff3750     0x4  main.o [1]
    .bss               zero     0x1fff3754     0x4  main.o [1]
    .bss               zero     0x1fff3758     0x4  main.o [1]
    .bss               zero     0x1fff375c     0x4  main.o [1]
    .bss               zero     0x1fff3760     0x4  system_MK60DZ10.o [1]
    .bss               zero     0x1fff3764     0x4  system_MK60DZ10.o [1]
    .bss               zero     0x1fff3768     0x4  system_MK60DZ10.o [1]
    .bss               zero     0x1fff376c    0x50  xfiles.o [3]
    .bss               zero     0x1fff37bc     0x1  main.o [1]
    .bss               zero     0x1fff37bd     0x1  main.o [1]
    .bss               zero     0x1fff37be     0x1  main.o [1]
    .bss               zero     0x1fff37bf     0x1  main.o [1]
    .bss               zero     0x1fff37c0     0x1  main.o [1]
                              - 0x1fff37c1  0x2975

"P2", part 3 of 3:                            0x50
  P2 s0                         0x1fff37c4    0x50  <Init block>
    __DLIB_PERTHREAD   inited   0x1fff37c4    0x50  localeconv.o [3]
                              - 0x1fff3814    0x50


*******************************************************************************
*** INIT TABLE
***

          Address     Size
          -------     ----
Zero (__iar_zero_init3)
    1 destination range, total size 0x2975:
          0x1fff0e4c  0x2975



*******************************************************************************
*** MODULE SUMMARY
***

    Module               ro code  rw code  ro data  rw data
    ------               -------  -------  -------  -------
G:\比赛\2014飞思卡尔\程序\YZ7_3\Prj\IAR\DZ10_Debug\Obj: [1]
    FIRE_LED.o                80                 4        4
    FIRE_MK60_conf.o         280             1 948    1 800
    FIRE_OV7725_Eagle.o      564               277      106
    FIRE_SCCB.o              866
    FIRE_key.o               156                11        8
    MK60_DWT.o               120
    MK60_PIT.o               124                52
    MK60_adc.o               696                60        8
    MK60_dma.o               600                52
    MK60_flash.o                      352      408
    MK60_ftm.o             1 260                64       12
    MK60_gpio.o              412                76       20
    MK60_mcg.o               988       80      152       72
    MK60_port.o              176                20       20
    MK60_uart.o              580                80       24
    MK60_wdog.o               64
    main.o                 4 220                42   10 557
    misc.o                    80                48
    startup_MK60DZ10.o         8
    system_MK60DZ10.o        292                         12
    vectors.o                                1 040
    -------------------------------------------------------
    Total:                11 566      432    4 334   12 643

command line: [2]
    -------------------------------------------------------
    Total:

dl7M_tlf.a: [3]
    div.o                     14
    exit.o                     4
    localeconv.o             108                80       80
    low_level_init.o           4
    printf.o                  36
    putchar.o                 12
    xfiles.o                                    64      144
    xprintffull_nomb.o     3 334
    xprout.o                  22
    xtls.o                     2
    -------------------------------------------------------
    Total:                 3 536               144      224

m7M_tl.a: [4]
    DblAdd.o                 232
    DblCmpGe.o                46
    DblCmpLe.o                46
    DblDiv.o                 582
    DblMul.o                 418
    DblSub.o                 384
    DblToFlt.o               144
    DblToI32.o                88
    FltAdd.o                 132
    FltCmpGe.o                36
    FltCmpLe.o                36
    FltDiv.o                 252
    FltMul.o                 216
    FltSub.o                 230
    FltToDbl.o                78
    FltToS32.o                68
    I32ToDbl.o                48
    I32ToFlt.o                50
    xdnorm.o                  68
    xdscale.o                282
    -------------------------------------------------------
    Total:                 3 436

rt7M_tl.a: [5]
    ABImemcpy.o              118
    I64DivMod.o              238
    I64DivZer.o                2
    XXexit.o                  12
    bwt_init3c.o
    cexit.o                   10
    cmain.o                   22
    cstartup_M.o              12
    data_init3.o              44
    memchr.o                  88
    strchr.o                  22
    strlen.o                  54
    zero_init3.o              34
    -------------------------------------------------------
    Total:                   656

    Gaps                      32                          6
    Linker created            24        8       24
-----------------------------------------------------------
    Grand Total:          19 250      440    4 502   12 873


*******************************************************************************
*** ENTRY LIST
***

Entry                      Address    Size  Type      Object
-----                      -------    ----  ----      ------
.bss$$Base              0x1fff0e4c           --   Gb  - Linker created -
.bss$$Limit             0x1fff37c1           --   Gb  - Linker created -
.data$$Base             0x1fff0410           --   Gb  - Linker created -
.data$$Limit            0x1fff0c94           --   Gb  - Linker created -
.data_init$$Base        0x00004968           --   Gb  - Linker created -
.data_init$$Limit       0x000051ec           --   Gb  - Linker created -
?main                   0x00005be9          Code  Gb  cmain.o [5]
ADCN                    0x1fff0b90     0x8  Data  Gb  MK60_adc.o [1]
AD_az                   0x1fff3730     0x4  Data  Lc  main.o [1]
AD_az_max               0x1fff3718     0x4  Data  Lc  main.o [1]
AD_az_min               0x1fff371c     0x4  Data  Lc  main.o [1]
AD_az_totle             0x1fff3728     0x4  Data  Lc  main.o [1]
AD_gy                   0x1fff3734     0x4  Data  Lc  main.o [1]
AD_gy_max               0x1fff3720     0x4  Data  Lc  main.o [1]
AD_gy_min               0x1fff3724     0x4  Data  Lc  main.o [1]
AD_gy_totle             0x1fff372c     0x4  Data  Lc  main.o [1]
AD_init                 0x000004b3    0x10  Code  Gb  main.o [1]
ASSERT_FAILED_STR       0x00005afc    0x24  Data  Gb  FIRE_MK60_conf.o [1]
AngleControl            0x00000da1    0x3c  Code  Gb  main.o [1]
Angle_AG                0x1fff36f8     0x4  Data  Gb  main.o [1]
Angle_Control_D         0x1fff0c48     0x4  Data  Lc  main.o [1]
Angle_Control_P         0x1fff0c44     0x4  Data  Lc  main.o [1]
Angle_G                 0x1fff36f4     0x4  Data  Gb  main.o [1]
Angle_GG                0x1fff36fc     0x4  Data  Gb  main.o [1]
Angle_Z                 0x1fff36f0     0x4  Data  Gb  main.o [1]
Buffer                  0x1fff2368  0x12c0  Data  Gb  main.o [1]
C_Gyro_y                0x1fff0c34     0x4  Data  Gb  main.o [1]
C_Z                     0x1fff0c30     0x4  Data  Gb  main.o [1]
Car_speed_select        0x1fff0c2c     0x4  Data  Gb  main.o [1]
Car_speed_set           0x1fff36dc     0x4  Data  Gb  main.o [1]
CodeRelocate$$Base      0x000055d0           --   Gb  - Linker created -
CodeRelocate$$Limit     0x00005788           --   Gb  - Linker created -
CodeRelocateRam$$Base   0x1fff0c94           --   Gb  - Linker created -
CodeRelocateRam$$Limit  0x1fff0e4c           --   Gb  - Linker created -
DIR_CONTROL_D           0x1fff373c     0x4  Data  Lc  main.o [1]
DIR_CONTROL_P           0x1fff0c50     0x4  Data  Lc  main.o [1]
DMA0_IRQHandler         0x0000148d     0x8  Code  Gb  main.o [1]
DirectionControl        0x00001069    0xa0  Code  Gb  main.o [1]
DirectionControlOutput  0x00001109    0x34  Code  Gb  main.o [1]
FTMN                    0x1fff0b98     0xc  Data  Gb  MK60_ftm.o [1]
FTM_PWM_Duty            0x00001b81    0xe4  Code  Gb  MK60_ftm.o [1]
FTM_PWM_init            0x000018e9   0x298  Code  Gb  MK60_ftm.o [1]
FTM_QUAD_Init           0x00001c65   0x106  Code  Gb  MK60_ftm.o [1]
FTM_QUAD_clean          0x00001d97    0x28  Code  Gb  MK60_ftm.o [1]
FTM_QUAD_get            0x00001d6b    0x2c  Code  Gb  MK60_ftm.o [1]
FTM_init                0x000004e3    0x30  Code  Gb  main.o [1]
GPIOX                   0x1fff0ba4    0x14  Data  Gb  MK60_gpio.o [1]
IO_init                 0x0000047d    0x36  Code  Gb  main.o [1]
KEY_PTxn                0x1fff0b88     0x8  Data  Gb  FIRE_key.o [1]
LED_PTxn                0x1fff0410     0x4  Data  Gb  FIRE_LED.o [1]
Line_Center             0x1fff36a0    0x3c  Data  Gb  main.o [1]
Line_Left               0x1fff3664    0x3c  Data  Gb  main.o [1]
Line_Right              0x1fff3628    0x3c  Data  Gb  main.o [1]
M_PACNT_left            0x1fff3758     0x4  Data  Gb  main.o [1]
M_PACNT_right           0x1fff375c     0x4  Data  Gb  main.o [1]
MotoL                   0x0000057d    0x4e  Code  Gb  main.o [1]
MotoR                   0x0000052f    0x4e  Code  Gb  main.o [1]
MotorOutput             0x00000f21    0x4c  Code  Gb  main.o [1]
MotorSpeedOut           0x00000ddd   0x13c  Code  Gb  main.o [1]
NVIC_DisableIRQ         0x00002629    0x18  Code  Lc  FIRE_OV7725_Eagle.o [1]
NVIC_EnableIRQ          0x00002611    0x18  Code  Lc  FIRE_OV7725_Eagle.o [1]
NVIC_EnableIRQ          0x0000043d    0x1a  Code  Lc  main.o [1]
NVIC_SetPriority        0x00000457    0x26  Code  Lc  main.o [1]
NVIC_SetPriorityGrouping
                        0x00000419    0x24  Code  Lc  main.o [1]
NVIC_SystemReset        0x00002999    0x1a  Code  Lc  FIRE_MK60_conf.o [1]
PACNT_flag              0x1fff37bd     0x1  Data  Gb  main.o [1]
PIT0_IRQHandler         0x0000122d   0x13c  Code  Gb  main.o [1]
PIT_flag0               0x1fff37be     0x1  Data  Gb  main.o [1]
PORTA_IRQHandler        0x0000136d    0x22  Code  Gb  main.o [1]
PORTX                   0x1fff0c00    0x14  Data  Gb  MK60_port.o [1]
PWM_init                0x000004c3    0x20  Code  Gb  main.o [1]
R_Gyro                  0x1fff0c40     0x4  Data  Gb  main.o [1]
R_Z                     0x1fff0c3c     0x4  Data  Gb  main.o [1]
Region$$Table$$Base     0x00005b68           --   Gb  - Linker created -
Region$$Table$$Limit    0x00005b78           --   Gb  - Linker created -
Reset_Handler           0x00000411          Code  Gb  startup_MK60DZ10.o [1]
SCCB_Ack                0x00002f5d    0x3c  Code  Lc  FIRE_SCCB.o [1]
SCCB_GPIO_init          0x00002ea3    0x28  Code  Gb  FIRE_SCCB.o [1]
SCCB_NoAck              0x00002f99    0x3c  Code  Lc  FIRE_SCCB.o [1]
SCCB_ReadByte           0x00003139    0x2c  Code  Gb  FIRE_SCCB.o [1]
SCCB_ReadByte_one       0x00003165    0x86  Code  Lc  FIRE_SCCB.o [1]
SCCB_ReceiveByte        0x00003065    0x54  Code  Lc  FIRE_SCCB.o [1]
SCCB_SendByte           0x00003021    0x44  Code  Lc  FIRE_SCCB.o [1]
SCCB_Start              0x00002ecb    0x5e  Code  Lc  FIRE_SCCB.o [1]
SCCB_Stop               0x00002f29    0x34  Code  Lc  FIRE_SCCB.o [1]
SCCB_WaitAck            0x00002fd5    0x4c  Code  Lc  FIRE_SCCB.o [1]
SCCB_WriteByte          0x000030c9    0x28  Code  Gb  FIRE_SCCB.o [1]
SCCB_WriteByte_one      0x000030f1    0x48  Code  Lc  FIRE_SCCB.o [1]
SCCB_delay              0x00002e89    0x1a  Code  Lc  FIRE_SCCB.o [1]
SpeedControl            0x00000f71    0xaa  Code  Gb  main.o [1]
SpeedControlOutput      0x0000101b    0x40  Code  Gb  main.o [1]
Speed_control_I         0x1fff3738     0x4  Data  Lc  main.o [1]
Speed_control_P         0x1fff0c4c     0x4  Data  Lc  main.o [1]
T_Z                     0x1fff0c38     0x4  Data  Gb  main.o [1]
UARTN                   0x1fff0c14    0x18  Data  Gb  MK60_uart.o [1]
_GenldFullNoMb          0x00003fa5   0x258  Code  Lc  xprintffull_nomb.o [3]
_LdtobFullNoMb          0x00003b95   0x400  Code  Lc  xprintffull_nomb.o [3]
_LitobFullNoMb          0x00003a6f   0x126  Code  Lc  xprintffull_nomb.o [3]
_Locale_lconv           0x1fff37c4    0x50  Data  Gb  localeconv.o [3]
_PrintfFullNoMb         0x00003541   0x52e  Code  Gb  xprintffull_nomb.o [3]
_Prout                  0x00005c21    0x16  Code  Gb  xprout.o [3]
_PutcharsFullNoMb       0x000041fd    0x2e  Code  Lc  xprintffull_nomb.o [3]
__BOOT_STACK_ADDRESS {Abs}
                        0x2000fff8           --   Gb  command line/config [2]
__VECTOR_RAM {Abs}      0x1fff0000           --   Gb  command line/config [2]
__VECTOR_TABLE {Abs}    0x00000000           --   Gb  command line/config [2]
__aeabi_cdcmple         0x0000449d          Code  Gb  DblCmpLe.o [4]
__aeabi_cdrcmple        0x000044cd          Code  Gb  DblCmpGe.o [4]
__aeabi_cfcmple         0x000025a9          Code  Gb  FltCmpLe.o [4]
__aeabi_cfrcmple        0x00002585          Code  Gb  FltCmpGe.o [4]
__aeabi_d2f             0x000024f5          Code  Gb  DblToFlt.o [4]
__aeabi_d2iz            0x00004619          Code  Gb  DblToI32.o [4]
__aeabi_d2uiz           0x00004645          Code  Gb  DblToI32.o [4]
__aeabi_dadd            0x0000240d          Code  Gb  DblAdd.o [4]
__aeabi_ddiv            0x000046a1          Code  Gb  DblDiv.o [4]
__aeabi_dmul            0x00002269          Code  Gb  DblMul.o [4]
__aeabi_dsub            0x00002ab1          Code  Gb  DblSub.o [4]
__aeabi_f2d             0x00002099          Code  Gb  FltToDbl.o [4]
__aeabi_f2iz            0x000025cd          Code  Gb  FltToS32.o [4]
__aeabi_fadd            0x000021e5          Code  Gb  FltAdd.o [4]
__aeabi_fdiv            0x000020e9          Code  Gb  FltDiv.o [4]
__aeabi_fmul            0x00001fc1          Code  Gb  FltMul.o [4]
__aeabi_fsub            0x00001ed9          Code  Gb  FltSub.o [4]
__aeabi_i2d             0x00004671          Code  Gb  I32ToDbl.o [4]
__aeabi_i2f             0x00001e85          Code  Gb  I32ToFlt.o [4]
__aeabi_ldiv0           0x00004965          Code  Gb  I64DivZer.o [5]
__aeabi_memcpy          0x000043e1          Code  Gb  ABImemcpy.o [5]
__aeabi_memcpy4         0x00004401          Code  Gb  ABImemcpy.o [5]
__aeabi_memcpy8         0x00004401          Code  Gb  ABImemcpy.o [5]
__aeabi_ui2d            0x00004685          Code  Gb  I32ToDbl.o [4]
__aeabi_ui2f            0x00001e99          Code  Gb  I32ToFlt.o [4]
__aeabi_uldivmod        0x000042f1          Code  Gb  I64DivMod.o [5]
__cmain                 0x00005be9          Code  Gb  cmain.o [5]
__code_start__ {Abs}    0x00000410           --   Gb  command line/config [2]
__exit                  0x00005c15          Code  Gb  XXexit.o [5]
__iar_Dnorm             0x00004457    0x44  Code  Gb  xdnorm.o [4]
__iar_Dscale            0x000044fd   0x106  Code  Gb  xdscale.o [4]
__iar_Locale_lconv_init
                        0x000048e9    0x3a  Code  Gb  localeconv.o [3]
__iar_Memchr            0x00004299          Code  Gb  memchr.o [5]
__iar_SB                0x00005c78          Data  Gb  bwt_init3c.o [5]
__iar_Stdout            0x1fff0c54    0x40  Data  Gb  xfiles.o [3]
__iar_Strchr            0x00004249          Code  Gb  strchr.o [5]
__iar_d2uiz             0x00004651          Code  Gb  DblToI32.o [4]
__iar_dadd              0x00002421          Code  Gb  DblAdd.o [4]
__iar_data_init3        0x00005ad1    0x2c  Code  Gb  data_init3.o [5]
__iar_default_requirements$$_Printf<unknown>printf {Abs}
                        0x00000000           --   Gb  printf.o [3]
__iar_dlib_perthread_access
                        0x00004967     0x2  Code  Gb  xtls.o [3]
__iar_dsub              0x00002ac5          Code  Gb  DblSub.o [4]
__iar_dsubStart         0x00002ad7          Code  Gb  DblSub.o [4]
__iar_fadd              0x000021f5          Code  Gb  FltAdd.o [4]
__iar_fsub              0x00001ee9          Code  Gb  FltSub.o [4]
__iar_fsubStart         0x00001ef9          Code  Gb  FltSub.o [4]
__iar_program_start     0x00005c6d          Code  Gb  cstartup_M.o [5]
__iar_provide$$_Printf<flags,floats,hex_floats,int_specials,long_longs,n_formatters,qualifiers,widths>_PrintfFullNoMb {Abs}
                        0x00000000           --   Gb  xprintffull_nomb.o [3]
__iar_ui2d              0x00004689          Code  Gb  I32ToDbl.o [4]
__iar_ui2f              0x00001e9d          Code  Gb  I32ToFlt.o [4]
__iar_zero_init3        0x00001eb7    0x22  Code  Gb  zero_init3.o [5]
__low_level_init        0x00005bff     0x4  Code  Gb  low_level_init.o [3]
__vector_table          0x00000000   0x410  Data  Gb  vectors.o [1]
_call_main              0x00005bf5          Code  Gb  cmain.o [5]
_exit                   0x00005c09          Code  Gb  cexit.o [5]
_main                   0x00005bfb          Code  Gb  cmain.o [5]
adc_init                0x00001631   0x20e  Code  Gb  MK60_adc.o [1]
adc_once                0x0000183f    0x50  Code  Gb  MK60_adc.o [1]
adc_start               0x0000188f    0x44  Code  Lc  MK60_adc.o [1]
angle_calculate         0x00000cc1    0xe0  Code  Gb  main.o [1]
assert_failed           0x000029b3    0x12  Code  Gb  FIRE_MK60_conf.o [1]
bigger                  0x00000521     0xe  Code  Gb  main.o [1]
bus_clk_khz             0x1fff3768     0x4  Data  Gb  system_MK60DZ10.o [1]
common_startup          0x000057dd    0x98  Code  Gb  system_MK60DZ10.o [1]
core_clk_khz            0x1fff3760     0x4  Data  Gb  system_MK60DZ10.o [1]
core_clk_mhz            0x1fff3764     0x4  Data  Gb  system_MK60DZ10.o [1]
default_isr             0x00002a73    0x1c  Code  Gb  FIRE_MK60_conf.o [1]
div                     0x00004955     0xe  Code  Gb  div.o [3]
dma_portx2buff_init     0x00002c31   0x258  Code  Gb  MK60_dma.o [1]
dwt_delay_ms            0x000028f5    0x18  Code  Gb  MK60_DWT.o [1]
dwt_delay_us            0x00002895    0x4e  Code  Gb  MK60_DWT.o [1]
exit                    0x00005c03     0x4  Code  Gb  exit.o [3]
find_edge_black         0x000006e5   0x480  Code  Gb  main.o [1]
flash_cmd               0x1fff0c9d    0x20  Code  Gb  MK60_flash.o [1]
flash_erase_sector      0x1fff0ce5    0x58  Code  Gb  MK60_flash.o [1]
flash_init              0x1fff0cbd    0x28  Code  Gb  MK60_flash.o [1]
flash_write             0x1fff0d3d    0x90  Code  Gb  MK60_flash.o [1]
fputc                   0x000029c5    0x14  Code  Gb  FIRE_MK60_conf.o [1]
g_fAngleControlOut      0x1fff3740     0x4  Data  Lc  main.o [1]
g_fCarSpeed             0x1fff3700     0x4  Data  Gb  main.o [1]
g_fDirectionControlOut  0x1fff3750     0x4  Data  Lc  main.o [1]
g_fDirectionControlOutNew
                        0x1fff3714     0x4  Data  Gb  main.o [1]
g_fDirectionControlOutOld
                        0x1fff3710     0x4  Data  Gb  main.o [1]
g_fLeftMotorOut         0x1fff3744     0x4  Data  Lc  main.o [1]
g_fRightMotorOut        0x1fff3748     0x4  Data  Lc  main.o [1]
g_fSpeedControlIntegral
                        0x1fff3704     0x4  Data  Gb  main.o [1]
g_fSpeedControlOut      0x1fff374c     0x4  Data  Lc  main.o [1]
g_fSpeedControlOutNew   0x1fff370c     0x4  Data  Gb  main.o [1]
g_fSpeedControlOutOld   0x1fff3708     0x4  Data  Gb  main.o [1]
g_nDirectionControlCount
                        0x1fff36ec     0x4  Data  Gb  main.o [1]
g_nDirectionControlPeriod
                        0x1fff36e8     0x4  Data  Gb  main.o [1]
g_nSpeedControlCount    0x1fff36e4     0x4  Data  Gb  main.o [1]
g_nSpeedControlPeriod   0x1fff36e0     0x4  Data  Gb  main.o [1]
gpio_get                0x000015ed    0x3a  Code  Gb  MK60_gpio.o [1]
gpio_init               0x00001495    0xae  Code  Gb  MK60_gpio.o [1]
gpio_set                0x00001543    0x72  Code  Gb  MK60_gpio.o [1]
gpio_turn               0x000015b5    0x38  Code  Gb  MK60_gpio.o [1]
img                     0x1fff10a8  0x12c0  Data  Gb  main.o [1]
img_extract             0x00000657    0x8e  Code  Gb  main.o [1]
img_swop                0x000005cb    0x8c  Code  Gb  main.o [1]
imgbuff                 0x1fff0e50   0x258  Data  Gb  main.o [1]
key_check               0x000034c1    0x2a  Code  Gb  FIRE_key.o [1]
key_get                 0x000034a7    0x1a  Code  Gb  FIRE_key.o [1]
key_init                0x00003455    0x52  Code  Gb  FIRE_key.o [1]
led_init                0x000034f1    0x3a  Code  Gb  FIRE_LED.o [1]
led_turn                0x0000352b    0x10  Code  Gb  FIRE_LED.o [1]
localeconv              0x00004923    0x16  Code  Gb  localeconv.o [3]
main                    0x00001141    0xdc  Code  Gb  main.o [1]
mcg_cfg                 0x1fff0bb8    0x44  Data  Gb  MK60_mcg.o [1]
mcg_div                 0x1fff0bfc     0x4  Data  Gb  MK60_mcg.o [1]
mcg_div_count           0x000051f5   0x30e  Code  Gb  MK60_mcg.o [1]
memchr                  0x00004299          Code  Gb  memchr.o [5]
neardot                 0x1fff37bc     0x1  Data  Gb  main.o [1]
obuf                    0x1fff376c    0x50  Data  Lc  xfiles.o [3]
ov7725_eagle_cfgnum     0x1fff0b84     0x1  Data  Gb  FIRE_OV7725_Eagle.o [1]
ov7725_eagle_dma        0x000026f1    0x14  Code  Gb  FIRE_OV7725_Eagle.o [1]
ov7725_eagle_get_img    0x00002705    0x42  Code  Gb  FIRE_OV7725_Eagle.o [1]
ov7725_eagle_img_buff   0x1fff0e4c     0x4  Data  Gb  FIRE_OV7725_Eagle.o [1]
ov7725_eagle_img_flag   0x1fff0b1c     0x1  Data  Gb  FIRE_OV7725_Eagle.o [1]
ov7725_eagle_init       0x00002641    0x18  Code  Gb  FIRE_OV7725_Eagle.o [1]
ov7725_eagle_port_init  0x00002659    0x54  Code  Lc  FIRE_OV7725_Eagle.o [1]
ov7725_eagle_reg        0x1fff0b20    0x64  Data  Gb  FIRE_OV7725_Eagle.o [1]
ov7725_eagle_reg_init   0x00002747    0xb0  Code  Lc  FIRE_OV7725_Eagle.o [1]
ov7725_eagle_vsync      0x000026ad    0x44  Code  Gb  FIRE_OV7725_Eagle.o [1]
pit_init                0x0000290d    0x6c  Code  Gb  MK60_PIT.o [1]
pll_init                0x00005503    0xb2  Code  Gb  MK60_mcg.o [1]
port_init               0x00001dd5    0x44  Code  Gb  MK60_port.o [1]
port_init_NoALT         0x00001e19    0x62  Code  Gb  MK60_port.o [1]
printf                  0x000031ed    0x24  Code  Gb  printf.o [3]
putchar                 0x00005c39     0xc  Code  Gb  putchar.o [3]
read_AD                 0x00000b65   0x15c  Code  Gb  main.o [1]
set_sys_dividers        0x1fff0dfd    0x50  Code  Gb  MK60_mcg.o [1]
set_vector_handler      0x00002867    0x22  Code  Gb  misc.o [1]
smaller                 0x00000513     0xe  Code  Gb  main.o [1]
start                   0x00005789    0x18  Code  Gb  system_MK60DZ10.o [1]
start_check             0x000029d9    0x9a  Code  Gb  FIRE_MK60_conf.o [1]
strchr                  0x00004249          Code  Gb  strchr.o [5]
string_PreError         0x1fff37c0     0x1  Data  Gb  main.o [1]
string_ref              0x1fff37bf     0x1  Data  Gb  main.o [1]
strlen                  0x00004261          Code  Gb  strlen.o [5]
sysinit                 0x000057a1    0x3c  Code  Gb  system_MK60DZ10.o [1]
time_q                  0x1fff3754     0x4  Data  Gb  main.o [1]
uart_init               0x00003211   0x212  Code  Gb  MK60_uart.o [1]
uart_putchar            0x00003423    0x1a  Code  Gb  MK60_uart.o [1]
vector_str              0x1fff0414   0x708  Data  Gb  FIRE_MK60_conf.o [1]
wdog_disable            0x000058ad    0x16  Code  Gb  MK60_wdog.o [1]
wdog_unlock             0x000058c5    0x20  Code  Lc  MK60_wdog.o [1]
write_vtor              0x00002845    0x22  Code  Gb  misc.o [1]


[1] = G:\比赛\2014飞思卡尔\程序\YZ7_3\Prj\IAR\DZ10_Debug\Obj
[2] = command line
[3] = dl7M_tlf.a
[4] = m7M_tl.a
[5] = rt7M_tl.a

  19 250 bytes of readonly  code memory
     440 bytes of readwrite code memory
   4 502 bytes of readonly  data memory
  12 873 bytes of readwrite data memory

Errors: none
Warnings: none
