###############################################################################
#                                                                             #
# IAR ELF Linker V6.30.1.53127/W32 for ARM              15/May/2014  16:27:34 #
# Copyright 2007-2011 IAR Systems AB.                                         #
#                                                                             #
#    Output file  =  G:\比赛\2014飞思卡尔\程序\test_camera\test1\Prj\IAR\FX15 #
#                    _Debug\Exe\fire_Kinetis.out                              #
#    Map file     =  G:\比赛\2014飞思卡尔\程序\test_camera\test1\Prj\IAR\FX15 #
#                    _Debug\List\fire_Kinetis.map                             #
#    Command line =  G:\比赛\2014飞思卡尔\程序\test_camera\test1\Lib\CMSIS\ia #
#                    r_cortexM4l_math.a G:\比赛\2014飞思卡尔\程序\test_camera #
#                    \test1\Prj\IAR\FX15_Debug\Obj\FIRE_LED.o                 #
#                    G:\比赛\2014飞思卡尔\程序\test_camera\test1\Prj\IAR\FX15 #
#                    _Debug\Obj\FIRE_MK60_conf.o                              #
#                    G:\比赛\2014飞思卡尔\程序\test_camera\test1\Prj\IAR\FX15 #
#                    _Debug\Obj\FIRE_MMA7455.o G:\比赛\2014飞思卡尔\程序\test #
#                    _camera\test1\Prj\IAR\FX15_Debug\Obj\FIRE_NRF24L0.o      #
#                    G:\比赛\2014飞思卡尔\程序\test_camera\test1\Prj\IAR\FX15 #
#                    _Debug\Obj\FIRE_OV7725_Eagle.o                           #
#                    G:\比赛\2014飞思卡尔\程序\test_camera\test1\Prj\IAR\FX15 #
#                    _Debug\Obj\FIRE_RTC_count.o                              #
#                    G:\比赛\2014飞思卡尔\程序\test_camera\test1\Prj\IAR\FX15 #
#                    _Debug\Obj\FIRE_SCCB.o G:\比赛\2014飞思卡尔\程序\test_ca #
#                    mera\test1\Prj\IAR\FX15_Debug\Obj\FIRE_key.o             #
#                    G:\比赛\2014飞思卡尔\程序\test_camera\test1\Prj\IAR\FX15 #
#                    _Debug\Obj\MK60_DWT.o G:\比赛\2014飞思卡尔\程序\test_cam #
#                    era\test1\Prj\IAR\FX15_Debug\Obj\MK60_PIT.o              #
#                    G:\比赛\2014飞思卡尔\程序\test_camera\test1\Prj\IAR\FX15 #
#                    _Debug\Obj\MK60_SysTick.o G:\比赛\2014飞思卡尔\程序\test #
#                    _camera\test1\Prj\IAR\FX15_Debug\Obj\MK60_adc.o          #
#                    G:\比赛\2014飞思卡尔\程序\test_camera\test1\Prj\IAR\FX15 #
#                    _Debug\Obj\MK60_dac.o G:\比赛\2014飞思卡尔\程序\test_cam #
#                    era\test1\Prj\IAR\FX15_Debug\Obj\MK60_dma.o              #
#                    G:\比赛\2014飞思卡尔\程序\test_camera\test1\Prj\IAR\FX15 #
#                    _Debug\Obj\MK60_flash.o G:\比赛\2014飞思卡尔\程序\test_c #
#                    amera\test1\Prj\IAR\FX15_Debug\Obj\MK60_ftm.o            #
#                    G:\比赛\2014飞思卡尔\程序\test_camera\test1\Prj\IAR\FX15 #
#                    _Debug\Obj\MK60_gpio.o G:\比赛\2014飞思卡尔\程序\test_ca #
#                    mera\test1\Prj\IAR\FX15_Debug\Obj\MK60_i2c.o             #
#                    G:\比赛\2014飞思卡尔\程序\test_camera\test1\Prj\IAR\FX15 #
#                    _Debug\Obj\MK60_it.o G:\比赛\2014飞思卡尔\程序\test_came #
#                    ra\test1\Prj\IAR\FX15_Debug\Obj\MK60_lptmr.o             #
#                    G:\比赛\2014飞思卡尔\程序\test_camera\test1\Prj\IAR\FX15 #
#                    _Debug\Obj\MK60_mcg.o G:\比赛\2014飞思卡尔\程序\test_cam #
#                    era\test1\Prj\IAR\FX15_Debug\Obj\MK60_port.o             #
#                    G:\比赛\2014飞思卡尔\程序\test_camera\test1\Prj\IAR\FX15 #
#                    _Debug\Obj\MK60_rtc.o G:\比赛\2014飞思卡尔\程序\test_cam #
#                    era\test1\Prj\IAR\FX15_Debug\Obj\MK60_spi.o              #
#                    G:\比赛\2014飞思卡尔\程序\test_camera\test1\Prj\IAR\FX15 #
#                    _Debug\Obj\MK60_uart.o G:\比赛\2014飞思卡尔\程序\test_ca #
#                    mera\test1\Prj\IAR\FX15_Debug\Obj\MK60_wdog.o            #
#                    G:\比赛\2014飞思卡尔\程序\test_camera\test1\Prj\IAR\FX15 #
#                    _Debug\Obj\main.o G:\比赛\2014飞思卡尔\程序\test_camera\ #
#                    test1\Prj\IAR\FX15_Debug\Obj\misc.o                      #
#                    G:\比赛\2014飞思卡尔\程序\test_camera\test1\Prj\IAR\FX15 #
#                    _Debug\Obj\startup_MK60DZ10.o                            #
#                    G:\比赛\2014飞思卡尔\程序\test_camera\test1\Prj\IAR\FX15 #
#                    _Debug\Obj\system_MK60DZ10.o                             #
#                    G:\比赛\2014飞思卡尔\程序\test_camera\test1\Prj\IAR\FX15 #
#                    _Debug\Obj\vectors.o -o G:\比赛\2014飞思卡尔\程序\test_c #
#                    amera\test1\Prj\IAR\FX15_Debug\Exe\fire_Kinetis.out      #
#                    --map G:\比赛\2014飞思卡尔\程序\test_camera\test1\Prj\IA #
#                    R\FX15_Debug\List\fire_Kinetis.map --config              #
#                    "G:\比赛\2014飞思卡尔\程序\test_camera\test1\Prj\IAR\con #
#                    fig files\fire_ROM_K60N512.icf" --entry                  #
#                    __iar_program_start --redirect __write=__write_buffered  #
#                    --vfe                                                    #
#                                                                             #
#                                                                             #
###############################################################################

*******************************************************************************
*** RUNTIME MODEL ATTRIBUTES
***

CppFlavor       = *
__SystemLibrary = DLib


*******************************************************************************
*** PLACEMENT SUMMARY
***

"A1":  place at 0x00000000 { ro section .intvec };
"A2":  place at 0x00000410 { ro section .noinit };
"P1":  place in [from 0x00000000 to 0x00040000] { ro, block CodeRelocate };
"P2":  place in [from 0x1fff0410 to 0x20010000] {
          rw, block CodeRelocateRam, block CSTACK, block HEAP };

  Section              Kind        Address    Size  Object
  -------              ----        -------    ----  ------
"A1":                                        0x410
  .intvec              const    0x00000000   0x410  vectors.o [1]
                              - 0x00000410   0x410

"A2":                                          0x8
  .noinit              ro code  0x00000410     0x8  startup_MK60DZ10.o [1]
                              - 0x00000418     0x8

"P1":                                       0x3c18
  .text                ro code  0x00000418   0xd06  xprintffull_nomb.o [3]
  .text                ro code  0x0000111e    0x22  zero_init3.o [5]
  .text                ro code  0x00001140    0x16  strchr.o [5]
  .rodata              const    0x00001156     0x2  main.o [1]
  .text                ro code  0x00001158    0x36  strlen.o [5]
  .text                ro code  0x00001190    0x58  memchr.o [5]
  .text                ro code  0x000011e8    0xee  I64DivMod.o [5]
  .text                ro code  0x000012d8    0x76  ABImemcpy.o [5]
  .text                ro code  0x0000134e    0x44  xdnorm.o [4]
  .text                ro code  0x00001394    0x2e  DblCmpLe.o [4]
  .text                ro code  0x000013c4    0x2e  DblCmpGe.o [4]
  .text                ro code  0x000013f4   0x11a  xdscale.o [4]
  .text                ro code  0x00001510    0x58  DblToI32.o [4]
  .text                ro code  0x00001568    0x30  I32ToDbl.o [4]
  .text                ro code  0x00001598   0x180  DblSub.o [4]
  .text                ro code  0x00001718   0x1a2  DblMul.o [4]
  .text                ro code  0x000018bc   0x246  DblDiv.o [4]
  .text                ro code  0x00001b04    0x6c  localeconv.o [3]
  .text                ro code  0x00001b70     0xe  div.o [3]
  .text                ro code  0x00001b80     0x2  I64DivZer.o [5]
  .text                ro code  0x00001b84    0xd4  DblAdd.o [4]
  .text                ro code  0x00001c58     0x2  xtls.o [3]
  .data_init                    0x00001c5c   0x85c  <Block>
    Initializer bytes  ro data  0x00001c5c   0x85c  <for .data-1>
  Veneer               ro code  0x000024b8     0x8  - Linker created -
  .text                ro code  0x000024c0   0x3e0  MK60_mcg.o [1]
  .text                ro code  0x000028a0   0x362  FIRE_SCCB.o [1]
  .text                ro code  0x00002c04   0x128  MK60_gpio.o [1]
  .text                ro code  0x00002d2c    0xb0  MK60_port.o [1]
  Veneer               ro code  0x00002ddc     0x8  - Linker created -
  Veneer               ro code  0x00002de4     0x8  - Linker created -
  .text                ro code  0x00002dec   0x118  FIRE_MK60_conf.o [1]
  .text                ro code  0x00002f04    0x24  printf.o [3]
  .text                ro code  0x00002f28   0x268  MK60_uart.o [1]
  .text                ro code  0x00003190    0x9c  FIRE_key.o [1]
  .text                ro code  0x0000322c    0x50  FIRE_LED.o [1]
  .text                ro code  0x0000327c    0x78  MK60_DWT.o [1]
  .text                ro code  0x000032f4   0x258  MK60_dma.o [1]
  .text                ro code  0x0000354c   0x234  FIRE_OV7725_Eagle.o [1]
  CodeRelocate                  0x00003780   0x1e4  <Block>
    Initializer bytes  ro data  0x00003780   0x1e4  <for CodeRelocateRam-1>
  .text                ro code  0x00003964   0x198  main.o [1]
  .text                ro code  0x00003afc    0x50  misc.o [1]
  .text                ro code  0x00003b4c   0x124  system_MK60DZ10.o [1]
  .text                ro code  0x00003c70    0x40  MK60_wdog.o [1]
  .rodata              const    0x00003cb0    0x44  MK60_flash.o [1]
  .rodata              const    0x00003cf4    0x44  MK60_gpio.o [1]
  .rodata              const    0x00003d38    0x44  MK60_uart.o [1]
  .rodata              const    0x00003d7c    0x40  MK60_dma.o [1]
  .rodata              const    0x00003dbc    0x3c  FIRE_MK60_conf.o [1]
  .rodata              const    0x00003df8    0x3c  misc.o [1]
  .text                ro code  0x00003e34    0x2c  data_init3.o [5]
  .rodata              const    0x00003e60    0x24  FIRE_MK60_conf.o [1]
  .rodata              const    0x00003e84    0x24  FIRE_OV7725_Eagle.o [1]
  .rodata              const    0x00003ea8    0x24  FIRE_OV7725_Eagle.o [1]
  .iar.init_table      const    0x00003ecc    0x10  - Linker created -
  .rodata              const    0x00003edc    0x20  FIRE_MK60_conf.o [1]
  .rodata              const    0x00003efc    0x20  FIRE_OV7725_Eagle.o [1]
  .rodata              const    0x00003f1c    0x18  FIRE_OV7725_Eagle.o [1]
  .rodata              const    0x00003f34    0x18  FIRE_OV7725_Eagle.o [1]
  .text                ro code  0x00003f4c    0x16  cmain.o [5]
  .text                ro code  0x00003f62     0x4  low_level_init.o [3]
  .text                ro code  0x00003f66     0x4  exit.o [3]
  .text                ro code  0x00003f6c     0xa  cexit.o [5]
  .text                ro code  0x00003f78     0xc  XXexit.o [5]
  .text                ro code  0x00003f84    0x16  xprout.o [3]
  .text                ro code  0x00003f9c     0xc  putchar.o [3]
  .rodata              const    0x00003fa8    0x14  FIRE_MK60_conf.o [1]
  .rodata              const    0x00003fbc    0x14  FIRE_OV7725_Eagle.o [1]
  .text                ro code  0x00003fd0     0xc  cstartup_M.o [5]
  .rodata              const    0x00003fdc     0x4  main.o [1]
  .rodata              const    0x00003fe0     0x0  bwt_init3c.o [5]
  Initializer bytes    ro data  0x00003fe0    0x50  <for P2 s0>
                              - 0x00004030  0x3c18

"P2", part 1 of 3:                           0xa40
  .data                         0x1fff0410   0x85c  <Block>
    .data-1                     0x1fff0410   0x85c  <Init block>
      .data            inited   0x1fff0410     0x4  FIRE_LED.o [1]
      .data            inited   0x1fff0414   0x708  FIRE_MK60_conf.o [1]
      .data            inited   0x1fff0b1c     0x1  FIRE_OV7725_Eagle.o [1]
      .data            inited   0x1fff0b20    0x64  FIRE_OV7725_Eagle.o [1]
      .data            inited   0x1fff0b84     0x1  FIRE_OV7725_Eagle.o [1]
      .data            inited   0x1fff0b88     0x8  FIRE_key.o [1]
      .data            inited   0x1fff0b90    0x14  MK60_gpio.o [1]
      .data            inited   0x1fff0ba4    0x58  MK60_mcg.o [1]
      .data            inited   0x1fff0bfc     0x4  MK60_mcg.o [1]
      .data            inited   0x1fff0c00    0x14  MK60_port.o [1]
      .data            inited   0x1fff0c14    0x18  MK60_uart.o [1]
      .data            inited   0x1fff0c2c    0x40  xfiles.o [3]
  CodeRelocateRam               0x1fff0c6c   0x1e4  <Block>
    CodeRelocateRam-1           0x1fff0c6c   0x1e4  <Init block>
      Veneer           inited   0x1fff0c6c     0x8  - Linker created -
      .textrw          inited   0x1fff0c74   0x18c  MK60_flash.o [1]
      .textrw          inited   0x1fff0e00    0x50  MK60_mcg.o [1]
                              - 0x1fff0e50   0xa40

"P2", part 2 of 3:                          0x1578
  .bss                          0x1fff0e50  0x1578  <Block>
    .bss               zero     0x1fff0e50     0x4  FIRE_OV7725_Eagle.o [1]
    .bss               zero     0x1fff0e54   0x258  main.o [1]
    .bss               zero     0x1fff10ac  0x12c0  main.o [1]
    .bss               zero     0x1fff236c     0x4  system_MK60DZ10.o [1]
    .bss               zero     0x1fff2370     0x4  system_MK60DZ10.o [1]
    .bss               zero     0x1fff2374     0x4  system_MK60DZ10.o [1]
    .bss               zero     0x1fff2378    0x50  xfiles.o [3]
                              - 0x1fff23c8  0x1578

"P2", part 3 of 3:                            0x50
  P2 s0                         0x1fff23c8    0x50  <Init block>
    __DLIB_PERTHREAD   inited   0x1fff23c8    0x50  localeconv.o [3]
                              - 0x1fff2418    0x50


*******************************************************************************
*** INIT TABLE
***

          Address     Size
          -------     ----
Zero (__iar_zero_init3)
    1 destination range, total size 0x1578:
          0x1fff0e50  0x1578



*******************************************************************************
*** MODULE SUMMARY
***

    Module               ro code  rw code  ro data  rw data
    ------               -------  -------  -------  -------
G:\比赛\2014飞思卡尔\程序\test_camera\test1\Prj\IAR\FX15_Debug\Obj: [1]
    FIRE_LED.o                80                 4        4
    FIRE_MK60_conf.o         280             1 948    1 800
    FIRE_OV7725_Eagle.o      564               277      106
    FIRE_SCCB.o              866
    FIRE_key.o               156                11        8
    MK60_DWT.o               120
    MK60_dma.o               600                64
    MK60_flash.o                      396      464
    MK60_gpio.o              296                88       20
    MK60_mcg.o               992       80      172       92
    MK60_port.o              176                20       20
    MK60_uart.o              616                92       24
    MK60_wdog.o               64
    main.o                   408                 6    5 400
    misc.o                    80                60
    startup_MK60DZ10.o         8
    system_MK60DZ10.o        292                         12
    vectors.o                                1 040
    -------------------------------------------------------
    Total:                 5 598      476    4 246    7 486

command line: [2]
    -------------------------------------------------------
    Total:

dl7M_tlf.a: [3]
    div.o                     14
    exit.o                     4
    localeconv.o             108                80       80
    low_level_init.o           4
    printf.o                  36
    putchar.o                 12
    xfiles.o                                    64      144
    xprintffull_nomb.o     3 334
    xprout.o                  22
    xtls.o                     2
    -------------------------------------------------------
    Total:                 3 536               144      224

m7M_tl.a: [4]
    DblAdd.o                 212
    DblCmpGe.o                46
    DblCmpLe.o                46
    DblDiv.o                 582
    DblMul.o                 418
    DblSub.o                 384
    DblToI32.o                88
    I32ToDbl.o                48
    xdnorm.o                  68
    xdscale.o                282
    -------------------------------------------------------
    Total:                 2 174

rt7M_tl.a: [5]
    ABImemcpy.o              118
    I64DivMod.o              238
    I64DivZer.o                2
    XXexit.o                  12
    bwt_init3c.o
    cexit.o                   10
    cmain.o                   22
    cstartup_M.o              12
    data_init3.o              44
    memchr.o                  88
    strchr.o                  22
    strlen.o                  54
    zero_init3.o              34
    -------------------------------------------------------
    Total:                   656

    Gaps                      28                          8
    Linker created            24        8       24
-----------------------------------------------------------
    Grand Total:          12 016      484    4 414    7 718


*******************************************************************************
*** ENTRY LIST
***

Entry                      Address    Size  Type      Object
-----                      -------    ----  ----      ------
.bss$$Base              0x1fff0e50           --   Gb  - Linker created -
.bss$$Limit             0x1fff23c8           --   Gb  - Linker created -
.data$$Base             0x1fff0410           --   Gb  - Linker created -
.data$$Limit            0x1fff0c6c           --   Gb  - Linker created -
.data_init$$Base        0x00001c5c           --   Gb  - Linker created -
.data_init$$Limit       0x000024b8           --   Gb  - Linker created -
?main                   0x00003f4d          Code  Gb  cmain.o [5]
ASSERT_FAILED_STR       0x00003e60    0x24  Data  Gb  FIRE_MK60_conf.o [1]
CodeRelocate$$Base      0x00003780           --   Gb  - Linker created -
CodeRelocate$$Limit     0x00003964           --   Gb  - Linker created -
CodeRelocateRam$$Base   0x1fff0c6c           --   Gb  - Linker created -
CodeRelocateRam$$Limit  0x1fff0e50           --   Gb  - Linker created -
DMA0_IRQHandler         0x00003af5     0x8  Code  Gb  main.o [1]
GPIOX                   0x1fff0b90    0x14  Data  Gb  MK60_gpio.o [1]
KEY_PTxn                0x1fff0b88     0x8  Data  Gb  FIRE_key.o [1]
LED_PTxn                0x1fff0410     0x4  Data  Gb  FIRE_LED.o [1]
NVIC_DisableIRQ         0x00003565    0x18  Code  Lc  FIRE_OV7725_Eagle.o [1]
NVIC_EnableIRQ          0x0000354d    0x18  Code  Lc  FIRE_OV7725_Eagle.o [1]
NVIC_SetPriority        0x00003983    0x22  Code  Lc  main.o [1]
NVIC_SetPriorityGrouping
                        0x00003965    0x1e  Code  Lc  main.o [1]
NVIC_SystemReset        0x00002ded    0x1a  Code  Lc  FIRE_MK60_conf.o [1]
PORTA_IRQHandler        0x00003aad    0x22  Code  Gb  main.o [1]
PORTX                   0x1fff0c00    0x14  Data  Gb  MK60_port.o [1]
Region$$Table$$Base     0x00003ecc           --   Gb  - Linker created -
Region$$Table$$Limit    0x00003edc           --   Gb  - Linker created -
Reset_Handler           0x00000411          Code  Gb  startup_MK60DZ10.o [1]
SCCB_Ack                0x00002975    0x3c  Code  Lc  FIRE_SCCB.o [1]
SCCB_GPIO_init          0x000028bb    0x28  Code  Gb  FIRE_SCCB.o [1]
SCCB_NoAck              0x000029b1    0x3c  Code  Lc  FIRE_SCCB.o [1]
SCCB_ReadByte           0x00002b51    0x2c  Code  Gb  FIRE_SCCB.o [1]
SCCB_ReadByte_one       0x00002b7d    0x86  Code  Lc  FIRE_SCCB.o [1]
SCCB_ReceiveByte        0x00002a7d    0x54  Code  Lc  FIRE_SCCB.o [1]
SCCB_SendByte           0x00002a39    0x44  Code  Lc  FIRE_SCCB.o [1]
SCCB_Start              0x000028e3    0x5e  Code  Lc  FIRE_SCCB.o [1]
SCCB_Stop               0x00002941    0x34  Code  Lc  FIRE_SCCB.o [1]
SCCB_WaitAck            0x000029ed    0x4c  Code  Lc  FIRE_SCCB.o [1]
SCCB_WriteByte          0x00002ae1    0x28  Code  Gb  FIRE_SCCB.o [1]
SCCB_WriteByte_one      0x00002b09    0x48  Code  Lc  FIRE_SCCB.o [1]
SCCB_delay              0x000028a1    0x1a  Code  Lc  FIRE_SCCB.o [1]
UARTN                   0x1fff0c14    0x18  Data  Gb  MK60_uart.o [1]
_GenldFullNoMb          0x00000e7d   0x258  Code  Lc  xprintffull_nomb.o [3]
_LdtobFullNoMb          0x00000a6d   0x400  Code  Lc  xprintffull_nomb.o [3]
_LitobFullNoMb          0x00000947   0x126  Code  Lc  xprintffull_nomb.o [3]
_Locale_lconv           0x1fff23c8    0x50  Data  Gb  localeconv.o [3]
_PrintfFullNoMb         0x00000419   0x52e  Code  Gb  xprintffull_nomb.o [3]
_Prout                  0x00003f85    0x16  Code  Gb  xprout.o [3]
_PutcharsFullNoMb       0x000010d5    0x2e  Code  Lc  xprintffull_nomb.o [3]
__BOOT_STACK_ADDRESS {Abs}
                        0x2000fff8           --   Gb  command line/config [2]
__VECTOR_RAM {Abs}      0x1fff0000           --   Gb  command line/config [2]
__VECTOR_TABLE {Abs}    0x00000000           --   Gb  command line/config [2]
__aeabi_cdcmple         0x00001395          Code  Gb  DblCmpLe.o [4]
__aeabi_cdrcmple        0x000013c5          Code  Gb  DblCmpGe.o [4]
__aeabi_d2iz            0x00001511          Code  Gb  DblToI32.o [4]
__aeabi_d2uiz           0x0000153d          Code  Gb  DblToI32.o [4]
__aeabi_ddiv            0x000018bd          Code  Gb  DblDiv.o [4]
__aeabi_dmul            0x00001719          Code  Gb  DblMul.o [4]
__aeabi_dsub            0x00001599          Code  Gb  DblSub.o [4]
__aeabi_i2d             0x00001569          Code  Gb  I32ToDbl.o [4]
__aeabi_ldiv0           0x00001b81          Code  Gb  I64DivZer.o [5]
__aeabi_memcpy          0x000012d9          Code  Gb  ABImemcpy.o [5]
__aeabi_memcpy4         0x000012f9          Code  Gb  ABImemcpy.o [5]
__aeabi_memcpy8         0x000012f9          Code  Gb  ABImemcpy.o [5]
__aeabi_ui2d            0x0000157d          Code  Gb  I32ToDbl.o [4]
__aeabi_uldivmod        0x000011e9          Code  Gb  I64DivMod.o [5]
__cmain                 0x00003f4d          Code  Gb  cmain.o [5]
__code_start__ {Abs}    0x00000410           --   Gb  command line/config [2]
__exit                  0x00003f79          Code  Gb  XXexit.o [5]
__iar_Dnorm             0x0000134f    0x44  Code  Gb  xdnorm.o [4]
__iar_Dscale            0x000013f5   0x106  Code  Gb  xdscale.o [4]
__iar_Locale_lconv_init
                        0x00001b05    0x3a  Code  Gb  localeconv.o [3]
__iar_Memchr            0x00001191          Code  Gb  memchr.o [5]
__iar_SB                0x00003fe0          Data  Gb  bwt_init3c.o [5]
__iar_Stdout            0x1fff0c2c    0x40  Data  Gb  xfiles.o [3]
__iar_Strchr            0x00001141          Code  Gb  strchr.o [5]
__iar_d2uiz             0x00001549          Code  Gb  DblToI32.o [4]
__iar_dadd              0x00001b85          Code  Gb  DblAdd.o [4]
__iar_data_init3        0x00003e35    0x2c  Code  Gb  data_init3.o [5]
__iar_default_requirements$$_Printf<unknown>printf {Abs}
                        0x00000000           --   Gb  printf.o [3]
__iar_dlib_perthread_access
                        0x00001c59     0x2  Code  Gb  xtls.o [3]
__iar_dsub              0x000015ad          Code  Gb  DblSub.o [4]
__iar_dsubStart         0x000015bf          Code  Gb  DblSub.o [4]
__iar_program_start     0x00003fd1          Code  Gb  cstartup_M.o [5]
__iar_provide$$_Printf<flags,floats,hex_floats,int_specials,long_longs,n_formatters,qualifiers,widths>_PrintfFullNoMb {Abs}
                        0x00000000           --   Gb  xprintffull_nomb.o [3]
__iar_ui2d              0x00001581          Code  Gb  I32ToDbl.o [4]
__iar_zero_init3        0x0000111f    0x22  Code  Gb  zero_init3.o [5]
__low_level_init        0x00003f63     0x4  Code  Gb  low_level_init.o [3]
__vector_table          0x00000000   0x410  Data  Gb  vectors.o [1]
_call_main              0x00003f59          Code  Gb  cmain.o [5]
_exit                   0x00003f6d          Code  Gb  cexit.o [5]
_main                   0x00003f5f          Code  Gb  cmain.o [5]
assert_failed           0x00002e07    0x12  Code  Gb  FIRE_MK60_conf.o [1]
bus_clk_khz             0x1fff2374     0x4  Data  Gb  system_MK60DZ10.o [1]
common_startup          0x00003ba1    0x98  Code  Gb  system_MK60DZ10.o [1]
core_clk_khz            0x1fff236c     0x4  Data  Gb  system_MK60DZ10.o [1]
core_clk_mhz            0x1fff2370     0x4  Data  Gb  system_MK60DZ10.o [1]
default_isr             0x00002ec7    0x1c  Code  Gb  FIRE_MK60_conf.o [1]
div                     0x00001b71     0xe  Code  Gb  div.o [3]
dma_portx2buff_init     0x000032f5   0x258  Code  Gb  MK60_dma.o [1]
dwt_delay_ms            0x000032dd    0x18  Code  Gb  MK60_DWT.o [1]
dwt_delay_us            0x0000327d    0x4e  Code  Gb  MK60_DWT.o [1]
exit                    0x00003f67     0x4  Code  Gb  exit.o [3]
flash_cmd               0x1fff0c75    0x20  Code  Gb  MK60_flash.o [1]
flash_erase_sector      0x1fff0cb1    0x5c  Code  Gb  MK60_flash.o [1]
flash_init              0x1fff0c95    0x1c  Code  Gb  MK60_flash.o [1]
flash_write             0x1fff0d0d    0xb6  Code  Gb  MK60_flash.o [1]
fputc                   0x00002e19    0x14  Code  Gb  FIRE_MK60_conf.o [1]
gpio_get                0x00002ceb    0x3a  Code  Gb  MK60_gpio.o [1]
gpio_init               0x00002c05    0xae  Code  Gb  MK60_gpio.o [1]
gpio_turn               0x00002cb3    0x38  Code  Gb  MK60_gpio.o [1]
img                     0x1fff10ac  0x12c0  Data  Gb  main.o [1]
img_extract             0x00003a1f    0x8c  Code  Gb  main.o [1]
imgbuff                 0x1fff0e54   0x258  Data  Gb  main.o [1]
key_check               0x000031fd    0x2a  Code  Gb  FIRE_key.o [1]
key_get                 0x000031e3    0x1a  Code  Gb  FIRE_key.o [1]
key_init                0x00003191    0x52  Code  Gb  FIRE_key.o [1]
led_init                0x0000322d    0x3a  Code  Gb  FIRE_LED.o [1]
led_turn                0x00003267    0x10  Code  Gb  FIRE_LED.o [1]
localeconv              0x00001b3f    0x16  Code  Gb  localeconv.o [3]
main                    0x000039a5    0x56  Code  Gb  main.o [1]
mcg_cfg                 0x1fff0ba4    0x58  Data  Gb  MK60_mcg.o [1]
mcg_div                 0x1fff0bfc     0x4  Data  Gb  MK60_mcg.o [1]
mcg_div_count           0x000024c1   0x312  Code  Gb  MK60_mcg.o [1]
memchr                  0x00001191          Code  Gb  memchr.o [5]
obuf                    0x1fff2378    0x50  Data  Lc  xfiles.o [3]
ov7725_eagle_cfgnum     0x1fff0b84     0x1  Data  Gb  FIRE_OV7725_Eagle.o [1]
ov7725_eagle_dma        0x0000362d    0x14  Code  Gb  FIRE_OV7725_Eagle.o [1]
ov7725_eagle_get_img    0x00003641    0x42  Code  Gb  FIRE_OV7725_Eagle.o [1]
ov7725_eagle_img_buff   0x1fff0e50     0x4  Data  Gb  FIRE_OV7725_Eagle.o [1]
ov7725_eagle_img_flag   0x1fff0b1c     0x1  Data  Gb  FIRE_OV7725_Eagle.o [1]
ov7725_eagle_init       0x0000357d    0x18  Code  Gb  FIRE_OV7725_Eagle.o [1]
ov7725_eagle_port_init  0x00003595    0x54  Code  Lc  FIRE_OV7725_Eagle.o [1]
ov7725_eagle_reg        0x1fff0b20    0x64  Data  Gb  FIRE_OV7725_Eagle.o [1]
ov7725_eagle_reg_init   0x00003683    0xb0  Code  Lc  FIRE_OV7725_Eagle.o [1]
ov7725_eagle_vsync      0x000035e9    0x44  Code  Gb  FIRE_OV7725_Eagle.o [1]
pll_init                0x000027d3    0xb2  Code  Gb  MK60_mcg.o [1]
port_init               0x00002d2d    0x44  Code  Gb  MK60_port.o [1]
port_init_NoALT         0x00002d71    0x62  Code  Gb  MK60_port.o [1]
printf                  0x00002f05    0x24  Code  Gb  printf.o [3]
putchar                 0x00003f9d     0xc  Code  Gb  putchar.o [3]
sendimg                 0x000039fb    0x24  Code  Gb  main.o [1]
set_sys_dividers        0x1fff0e01    0x50  Code  Gb  MK60_mcg.o [1]
set_vector_handler      0x00003b1f    0x22  Code  Gb  misc.o [1]
start                   0x00003b4d    0x18  Code  Gb  system_MK60DZ10.o [1]
start_check             0x00002e2d    0x9a  Code  Gb  FIRE_MK60_conf.o [1]
strchr                  0x00001141          Code  Gb  strchr.o [5]
strlen                  0x00001159          Code  Gb  strlen.o [5]
sysinit                 0x00003b65    0x3c  Code  Gb  system_MK60DZ10.o [1]
uart_init               0x00002f29   0x212  Code  Gb  MK60_uart.o [1]
uart_putbuff            0x00003155    0x24  Code  Gb  MK60_uart.o [1]
uart_putchar            0x0000313b    0x1a  Code  Gb  MK60_uart.o [1]
vector_str              0x1fff0414   0x708  Data  Gb  FIRE_MK60_conf.o [1]
wdog_disable            0x00003c71    0x16  Code  Gb  MK60_wdog.o [1]
wdog_unlock             0x00003c89    0x20  Code  Lc  MK60_wdog.o [1]
write_vtor              0x00003afd    0x22  Code  Gb  misc.o [1]


[1] = G:\比赛\2014飞思卡尔\程序\test_camera\test1\Prj\IAR\FX15_Debug\Obj
[2] = command line
[3] = dl7M_tlf.a
[4] = m7M_tl.a
[5] = rt7M_tl.a

  12 016 bytes of readonly  code memory
     484 bytes of readwrite code memory
   4 414 bytes of readonly  data memory
   7 718 bytes of readwrite data memory

Errors: none
Warnings: none
