*** EVALUATION ************************************************************************************************
*********************************************************************************************
LINKING FAILED
The linking process failed in some stage.
Depending on the phase the linker failed, part of the information contained in this map file may be inaccurate or wrong.
If the linking failed before the allocation phase finished, then the addresses might be inaccurate.
Also summary information like the code size is likely to be misleading.
---------------------------------------------------------------------------------------------
---------------------------------------------------------------------------------------------

PROGRAM "D:\J-pcy\比赛\2013飞思卡尔\程序\12xs128\AD Conver\AD\bin\Project.abs"

*********************************************************************************************
TARGET SECTION
---------------------------------------------------------------------------------------------
Processor   : Freescale HC12
Memory Model: BANKED
File Format : ELF (no debug info)
Linker      : SmartLinker V-5.0.40 Build 10203, Jul 23 2010

*********************************************************************************************
FILE SECTION
---------------------------------------------------------------------------------------------

*********************************************************************************************
STARTUP SECTION
---------------------------------------------------------------------------------------------

*********************************************************************************************
SECTION-ALLOCATION SECTION
Section Name                    Size  Type     From       To       Segment
---------------------------------------------------------------------------------------------
.abs_section_8                     1   N/I        0x8        0x8   .absSeg0
.abs_section_9                     1   N/I        0x9        0x9   .absSeg1
.abs_section_b                     1   N/I        0xB        0xB   .absSeg2
.abs_section_c                     1   N/I        0xC        0xC   .absSeg3
.abs_section_d                     1   N/I        0xD        0xD   .absSeg4
.abs_section_10                    1   N/I       0x10       0x10   .absSeg5
.abs_section_11                    1   N/I       0x11       0x11   .absSeg6
.abs_section_13                    1   N/I       0x13       0x13   .absSeg7
.abs_section_15                    1   N/I       0x15       0x15   .absSeg8
.abs_section_16                    1   N/I       0x16       0x16   .absSeg9
.abs_section_17                    1   N/I       0x17       0x17   .absSeg10
.abs_section_1c                    1   N/I       0x1C       0x1C   .absSeg11
.abs_section_1e                    1   N/I       0x1E       0x1E   .absSeg12
.abs_section_20                    1   N/I       0x20       0x20   .absSeg13
.abs_section_21                    1   N/I       0x21       0x21   .absSeg14
.abs_section_22                    1   N/I       0x22       0x22   .absSeg15
.abs_section_23                    1   N/I       0x23       0x23   .absSeg16
.abs_section_26                    1   N/I       0x26       0x26   .absSeg17
.abs_section_27                    1   N/I       0x27       0x27   .absSeg18
.abs_section_28                    1   N/I       0x28       0x28   .absSeg19
.abs_section_29                    1   N/I       0x29       0x29   .absSeg20
.abs_section_2a                    1   N/I       0x2A       0x2A   .absSeg21
.abs_section_2b                    1   N/I       0x2B       0x2B   .absSeg22
.abs_section_2c                    1   N/I       0x2C       0x2C   .absSeg23
.abs_section_2d                    1   N/I       0x2D       0x2D   .absSeg24
.abs_section_2e                    1   N/I       0x2E       0x2E   .absSeg25
.abs_section_2f                    1   N/I       0x2F       0x2F   .absSeg26
.abs_section_32                    1   N/I       0x32       0x32   .absSeg27
.abs_section_33                    1   N/I       0x33       0x33   .absSeg28
.abs_section_34                    1   N/I       0x34       0x34   .absSeg29
.abs_section_35                    1   N/I       0x35       0x35   .absSeg30
.abs_section_36                    1   N/I       0x36       0x36   .absSeg31
.abs_section_37                    1   N/I       0x37       0x37   .absSeg32
.abs_section_38                    1   N/I       0x38       0x38   .absSeg33
.abs_section_39                    1   N/I       0x39       0x39   .absSeg34
.abs_section_3a                    1   N/I       0x3A       0x3A   .absSeg35
.abs_section_3b                    1   N/I       0x3B       0x3B   .absSeg36
.abs_section_3c                    1   N/I       0x3C       0x3C   .absSeg37
.abs_section_3f                    1   N/I       0x3F       0x3F   .absSeg38
.abs_section_40                    1   N/I       0x40       0x40   .absSeg39
.abs_section_41                    1   N/I       0x41       0x41   .absSeg40
.abs_section_42                    1   N/I       0x42       0x42   .absSeg41
.abs_section_43                    1   N/I       0x43       0x43   .absSeg42
.abs_section_46                    1   N/I       0x46       0x46   .absSeg43
.abs_section_47                    1   N/I       0x47       0x47   .absSeg44
.abs_section_48                    1   N/I       0x48       0x48   .absSeg45
.abs_section_49                    1   N/I       0x49       0x49   .absSeg46
.abs_section_4a                    1   N/I       0x4A       0x4A   .absSeg47
.abs_section_4b                    1   N/I       0x4B       0x4B   .absSeg48
.abs_section_4c                    1   N/I       0x4C       0x4C   .absSeg49
.abs_section_4d                    1   N/I       0x4D       0x4D   .absSeg50
.abs_section_4e                    1   N/I       0x4E       0x4E   .absSeg51
.abs_section_4f                    1   N/I       0x4F       0x4F   .absSeg52
.abs_section_60                    1   N/I       0x60       0x60   .absSeg53
.abs_section_61                    1   N/I       0x61       0x61   .absSeg54
.abs_section_6c                    1   N/I       0x6C       0x6C   .absSeg55
.abs_section_6e                    1   N/I       0x6E       0x6E   .absSeg56
.abs_section_ca                    1   N/I       0xCA       0xCA   .absSeg57
.abs_section_cb                    1   N/I       0xCB       0xCB   .absSeg58
.abs_section_cc                    1   N/I       0xCC       0xCC   .absSeg59
.abs_section_cd                    1   N/I       0xCD       0xCD   .absSeg60
.abs_section_ce                    1   N/I       0xCE       0xCE   .absSeg61
.abs_section_cf                    1   N/I       0xCF       0xCF   .absSeg62
.abs_section_d2                    1   N/I       0xD2       0xD2   .absSeg63
.abs_section_d3                    1   N/I       0xD3       0xD3   .absSeg64
.abs_section_d4                    1   N/I       0xD4       0xD4   .absSeg65
.abs_section_d5                    1   N/I       0xD5       0xD5   .absSeg66
.abs_section_d6                    1   N/I       0xD6       0xD6   .absSeg67
.abs_section_d7                    1   N/I       0xD7       0xD7   .absSeg68
.abs_section_d8                    1   N/I       0xD8       0xD8   .absSeg69
.abs_section_d9                    1   N/I       0xD9       0xD9   .absSeg70
.abs_section_da                    1   N/I       0xDA       0xDA   .absSeg71
.abs_section_db                    1   N/I       0xDB       0xDB   .absSeg72
.abs_section_100                   1   N/I      0x100      0x100   .absSeg73
.abs_section_101                   1   N/I      0x101      0x101   .absSeg74
.abs_section_102                   1   N/I      0x102      0x102   .absSeg75
.abs_section_103                   1   N/I      0x103      0x103   .absSeg76
.abs_section_104                   1   N/I      0x104      0x104   .absSeg77
.abs_section_105                   1   N/I      0x105      0x105   .absSeg78
.abs_section_106                   1   N/I      0x106      0x106   .absSeg79
.abs_section_107                   1   N/I      0x107      0x107   .absSeg80
.abs_section_108                   1   N/I      0x108      0x108   .absSeg81
.abs_section_109                   1   N/I      0x109      0x109   .absSeg82
.abs_section_110                   1   N/I      0x110      0x110   .absSeg83
.abs_section_121                   1   N/I      0x121      0x121   .absSeg84
.abs_section_126                   1   N/I      0x126      0x126   .absSeg85
.abs_section_127                   1   N/I      0x127      0x127   .absSeg86
.abs_section_128                   1   N/I      0x128      0x128   .absSeg87
.abs_section_129                   1   N/I      0x129      0x129   .absSeg88
.abs_section_12a                   1   N/I      0x12A      0x12A   .absSeg89
.abs_section_12b                   1   N/I      0x12B      0x12B   .absSeg90
.abs_section_12c                   1   N/I      0x12C      0x12C   .absSeg91
.abs_section_12d                   1   N/I      0x12D      0x12D   .absSeg92
.abs_section_12e                   1   N/I      0x12E      0x12E   .absSeg93
.abs_section_12f                   1   N/I      0x12F      0x12F   .absSeg94
.abs_section_140                   1   N/I      0x140      0x140   .absSeg95
.abs_section_141                   1   N/I      0x141      0x141   .absSeg96
.abs_section_142                   1   N/I      0x142      0x142   .absSeg97
.abs_section_143                   1   N/I      0x143      0x143   .absSeg98
.abs_section_144                   1   N/I      0x144      0x144   .absSeg99
.abs_section_145                   1   N/I      0x145      0x145   .absSeg100
.abs_section_146                   1   N/I      0x146      0x146   .absSeg101
.abs_section_147                   1   N/I      0x147      0x147   .absSeg102
.abs_section_148                   1   N/I      0x148      0x148   .absSeg103
.abs_section_149                   1   N/I      0x149      0x149   .absSeg104
.abs_section_14a                   1   N/I      0x14A      0x14A   .absSeg105
.abs_section_14b                   1   N/I      0x14B      0x14B   .absSeg106
.abs_section_14d                   1   N/I      0x14D      0x14D   .absSeg107
.abs_section_14e                   1   N/I      0x14E      0x14E   .absSeg108
.abs_section_14f                   1   N/I      0x14F      0x14F   .absSeg109
.abs_section_150                   1   N/I      0x150      0x150   .absSeg110
.abs_section_151                   1   N/I      0x151      0x151   .absSeg111
.abs_section_152                   1   N/I      0x152      0x152   .absSeg112
.abs_section_153                   1   N/I      0x153      0x153   .absSeg113
.abs_section_154                   1   N/I      0x154      0x154   .absSeg114
.abs_section_155                   1   N/I      0x155      0x155   .absSeg115
.abs_section_156                   1   N/I      0x156      0x156   .absSeg116
.abs_section_157                   1   N/I      0x157      0x157   .absSeg117
.abs_section_158                   1   N/I      0x158      0x158   .absSeg118
.abs_section_159                   1   N/I      0x159      0x159   .absSeg119
.abs_section_15a                   1   N/I      0x15A      0x15A   .absSeg120
.abs_section_15b                   1   N/I      0x15B      0x15B   .absSeg121
.abs_section_15c                   1   N/I      0x15C      0x15C   .absSeg122
.abs_section_15d                   1   N/I      0x15D      0x15D   .absSeg123
.abs_section_15e                   1   N/I      0x15E      0x15E   .absSeg124
.abs_section_15f                   1   N/I      0x15F      0x15F   .absSeg125
.abs_section_160                   1   N/I      0x160      0x160   .absSeg126
.abs_section_161                   1   N/I      0x161      0x161   .absSeg127
.abs_section_162                   1   N/I      0x162      0x162   .absSeg128
.abs_section_163                   1   N/I      0x163      0x163   .absSeg129
.abs_section_164                   1   N/I      0x164      0x164   .absSeg130
.abs_section_165                   1   N/I      0x165      0x165   .absSeg131
.abs_section_166                   1   N/I      0x166      0x166   .absSeg132
.abs_section_167                   1   N/I      0x167      0x167   .absSeg133
.abs_section_168                   1   N/I      0x168      0x168   .absSeg134
.abs_section_169                   1   N/I      0x169      0x169   .absSeg135
.abs_section_16a                   1   N/I      0x16A      0x16A   .absSeg136
.abs_section_16b                   1   N/I      0x16B      0x16B   .absSeg137
.abs_section_16c                   1   N/I      0x16C      0x16C   .absSeg138
.abs_section_170                   1   N/I      0x170      0x170   .absSeg139
.abs_section_171                   1   N/I      0x171      0x171   .absSeg140
.abs_section_172                   1   N/I      0x172      0x172   .absSeg141
.abs_section_173                   1   N/I      0x173      0x173   .absSeg142
.abs_section_174                   1   N/I      0x174      0x174   .absSeg143
.abs_section_175                   1   N/I      0x175      0x175   .absSeg144
.abs_section_176                   1   N/I      0x176      0x176   .absSeg145
.abs_section_177                   1   N/I      0x177      0x177   .absSeg146
.abs_section_178                   1   N/I      0x178      0x178   .absSeg147
.abs_section_179                   1   N/I      0x179      0x179   .absSeg148
.abs_section_17a                   1   N/I      0x17A      0x17A   .absSeg149
.abs_section_17b                   1   N/I      0x17B      0x17B   .absSeg150
.abs_section_17c                   1   N/I      0x17C      0x17C   .absSeg151
.abs_section_17d                   1   N/I      0x17D      0x17D   .absSeg152
.abs_section_240                   1   N/I      0x240      0x240   .absSeg153
.abs_section_241                   1   N/I      0x241      0x241   .absSeg154
.abs_section_242                   1   N/I      0x242      0x242   .absSeg155
.abs_section_243                   1   N/I      0x243      0x243   .absSeg156
.abs_section_244                   1   N/I      0x244      0x244   .absSeg157
.abs_section_245                   1   N/I      0x245      0x245   .absSeg158
.abs_section_247                   1   N/I      0x247      0x247   .absSeg159
.abs_section_248                   1   N/I      0x248      0x248   .absSeg160
.abs_section_249                   1   N/I      0x249      0x249   .absSeg161
.abs_section_24a                   1   N/I      0x24A      0x24A   .absSeg162
.abs_section_24b                   1   N/I      0x24B      0x24B   .absSeg163
.abs_section_24c                   1   N/I      0x24C      0x24C   .absSeg164
.abs_section_24d                   1   N/I      0x24D      0x24D   .absSeg165
.abs_section_24e                   1   N/I      0x24E      0x24E   .absSeg166
.abs_section_250                   1   N/I      0x250      0x250   .absSeg167
.abs_section_251                   1   N/I      0x251      0x251   .absSeg168
.abs_section_252                   1   N/I      0x252      0x252   .absSeg169
.abs_section_253                   1   N/I      0x253      0x253   .absSeg170
.abs_section_254                   1   N/I      0x254      0x254   .absSeg171
.abs_section_255                   1   N/I      0x255      0x255   .absSeg172
.abs_section_256                   1   N/I      0x256      0x256   .absSeg173
.abs_section_257                   1   N/I      0x257      0x257   .absSeg174
.abs_section_258                   1   N/I      0x258      0x258   .absSeg175
.abs_section_259                   1   N/I      0x259      0x259   .absSeg176
.abs_section_25a                   1   N/I      0x25A      0x25A   .absSeg177
.abs_section_25b                   1   N/I      0x25B      0x25B   .absSeg178
.abs_section_25c                   1   N/I      0x25C      0x25C   .absSeg179
.abs_section_25d                   1   N/I      0x25D      0x25D   .absSeg180
.abs_section_25e                   1   N/I      0x25E      0x25E   .absSeg181
.abs_section_25f                   1   N/I      0x25F      0x25F   .absSeg182
.abs_section_260                   1   N/I      0x260      0x260   .absSeg183
.abs_section_261                   1   N/I      0x261      0x261   .absSeg184
.abs_section_262                   1   N/I      0x262      0x262   .absSeg185
.abs_section_263                   1   N/I      0x263      0x263   .absSeg186
.abs_section_264                   1   N/I      0x264      0x264   .absSeg187
.abs_section_265                   1   N/I      0x265      0x265   .absSeg188
.abs_section_266                   1   N/I      0x266      0x266   .absSeg189
.abs_section_267                   1   N/I      0x267      0x267   .absSeg190
.abs_section_268                   1   N/I      0x268      0x268   .absSeg191
.abs_section_269                   1   N/I      0x269      0x269   .absSeg192
.abs_section_26a                   1   N/I      0x26A      0x26A   .absSeg193
.abs_section_26b                   1   N/I      0x26B      0x26B   .absSeg194
.abs_section_26c                   1   N/I      0x26C      0x26C   .absSeg195
.abs_section_26d                   1   N/I      0x26D      0x26D   .absSeg196
.abs_section_26e                   1   N/I      0x26E      0x26E   .absSeg197
.abs_section_26f                   1   N/I      0x26F      0x26F   .absSeg198
.abs_section_2c6                   1   N/I      0x2C6      0x2C6   .absSeg199
.abs_section_2f0                   1   N/I      0x2F0      0x2F0   .absSeg200
.abs_section_2f1                   1   N/I      0x2F1      0x2F1   .absSeg201
.abs_section_2f2                   1   N/I      0x2F2      0x2F2   .absSeg202
.abs_section_2f3                   1   N/I      0x2F3      0x2F3   .absSeg203
.abs_section_2f7                   1   N/I      0x2F7      0x2F7   .absSeg204
.abs_section_300                   1   N/I      0x300      0x300   .absSeg205
.abs_section_301                   1   N/I      0x301      0x301   .absSeg206
.abs_section_302                   1   N/I      0x302      0x302   .absSeg207
.abs_section_303                   1   N/I      0x303      0x303   .absSeg208
.abs_section_304                   1   N/I      0x304      0x304   .absSeg209
.abs_section_305                   1   N/I      0x305      0x305   .absSeg210
.abs_section_308                   1   N/I      0x308      0x308   .absSeg211
.abs_section_309                   1   N/I      0x309      0x309   .absSeg212
.abs_section_324                   1   N/I      0x324      0x324   .absSeg213
.abs_section_340                   1   N/I      0x340      0x340   .absSeg214
.abs_section_341                   1   N/I      0x341      0x341   .absSeg215
.abs_section_342                   1   N/I      0x342      0x342   .absSeg216
.abs_section_343                   1   N/I      0x343      0x343   .absSeg217
.abs_section_344                   1   N/I      0x344      0x344   .absSeg218
.abs_section_345                   1   N/I      0x345      0x345   .absSeg219
.abs_section_346                   1   N/I      0x346      0x346   .absSeg220
.abs_section_347                   1   N/I      0x347      0x347   .absSeg221
.abs_section_0                     2   N/I        0x0        0x1   .absSeg222
.abs_section_2                     2   N/I        0x2        0x3   .absSeg223
.abs_section_1a                    2   N/I       0x1A       0x1B   .absSeg224
.abs_section_24                    2   N/I       0x24       0x25   .absSeg225
.abs_section_44                    2   N/I       0x44       0x45   .absSeg226
.abs_section_50                    2   N/I       0x50       0x51   .absSeg227
.abs_section_52                    2   N/I       0x52       0x53   .absSeg228
.abs_section_54                    2   N/I       0x54       0x55   .absSeg229
.abs_section_56                    2   N/I       0x56       0x57   .absSeg230
.abs_section_58                    2   N/I       0x58       0x59   .absSeg231
.abs_section_5a                    2   N/I       0x5A       0x5B   .absSeg232
.abs_section_5c                    2   N/I       0x5C       0x5D   .absSeg233
.abs_section_5e                    2   N/I       0x5E       0x5F   .absSeg234
.abs_section_62                    2   N/I       0x62       0x63   .absSeg235
.abs_section_c8                    2   N/I       0xC8       0xC9   .absSeg236
.abs_section_d0                    2   N/I       0xD0       0xD1   .absSeg237
.abs_section_dc                    2   N/I       0xDC       0xDD   .absSeg238
.abs_section_10a                   2   N/I      0x10A      0x10B   .absSeg239
.abs_section_10e                   2   N/I      0x10E      0x10F   .absSeg240
.abs_section_16e                   2   N/I      0x16E      0x16F   .absSeg241
.abs_section_17e                   2   N/I      0x17E      0x17F   .absSeg242
.abs_section_270                   2   N/I      0x270      0x271   .absSeg243
.abs_section_272                   2   N/I      0x272      0x273   .absSeg244
.abs_section_274                   2   N/I      0x274      0x275   .absSeg245
.abs_section_276                   2   N/I      0x276      0x277   .absSeg246
.abs_section_2c0                   2   N/I      0x2C0      0x2C1   .absSeg247
.abs_section_2c2                   2   N/I      0x2C2      0x2C3   .absSeg248
.abs_section_2c4                   2   N/I      0x2C4      0x2C5   .absSeg249
.abs_section_2c8                   2   N/I      0x2C8      0x2C9   .absSeg250
.abs_section_2ca                   2   N/I      0x2CA      0x2CB   .absSeg251
.abs_section_2cc                   2   N/I      0x2CC      0x2CD   .absSeg252
.abs_section_2ce                   2   N/I      0x2CE      0x2CF   .absSeg253
.abs_section_2d0                   2   N/I      0x2D0      0x2D1   .absSeg254
.abs_section_2d2                   2   N/I      0x2D2      0x2D3   .absSeg255
.abs_section_2d4                   2   N/I      0x2D4      0x2D5   .absSeg256
.abs_section_2d6                   2   N/I      0x2D6      0x2D7   .absSeg257
.abs_section_2d8                   2   N/I      0x2D8      0x2D9   .absSeg258
.abs_section_2da                   2   N/I      0x2DA      0x2DB   .absSeg259
.abs_section_2dc                   2   N/I      0x2DC      0x2DD   .absSeg260
.abs_section_2de                   2   N/I      0x2DE      0x2DF   .absSeg261
.abs_section_2e0                   2   N/I      0x2E0      0x2E1   .absSeg262
.abs_section_2e2                   2   N/I      0x2E2      0x2E3   .absSeg263
.abs_section_2e4                   2   N/I      0x2E4      0x2E5   .absSeg264
.abs_section_2e6                   2   N/I      0x2E6      0x2E7   .absSeg265
.abs_section_2e8                   2   N/I      0x2E8      0x2E9   .absSeg266
.abs_section_2ea                   2   N/I      0x2EA      0x2EB   .absSeg267
.abs_section_2ec                   2   N/I      0x2EC      0x2ED   .absSeg268
.abs_section_2ee                   2   N/I      0x2EE      0x2EF   .absSeg269
.abs_section_2f4                   2   N/I      0x2F4      0x2F5   .absSeg270
.abs_section_30c                   2   N/I      0x30C      0x30D   .absSeg271
.abs_section_30e                   2   N/I      0x30E      0x30F   .absSeg272
.abs_section_310                   2   N/I      0x310      0x311   .absSeg273
.abs_section_312                   2   N/I      0x312      0x313   .absSeg274
.abs_section_314                   2   N/I      0x314      0x315   .absSeg275
.abs_section_316                   2   N/I      0x316      0x317   .absSeg276
.abs_section_318                   2   N/I      0x318      0x319   .absSeg277
.abs_section_31a                   2   N/I      0x31A      0x31B   .absSeg278
.abs_section_31c                   2   N/I      0x31C      0x31D   .absSeg279
.abs_section_31e                   2   N/I      0x31E      0x31F   .absSeg280
.abs_section_320                   2   N/I      0x320      0x321   .absSeg281
.abs_section_322                   2   N/I      0x322      0x323   .absSeg282
.abs_section_348                   2   N/I      0x348      0x349   .absSeg283
.abs_section_34a                   2   N/I      0x34A      0x34B   .absSeg284
.abs_section_34c                   2   N/I      0x34C      0x34D   .absSeg285
.abs_section_34e                   2   N/I      0x34E      0x34F   .absSeg286
.abs_section_350                   2   N/I      0x350      0x351   .absSeg287
.abs_section_352                   2   N/I      0x352      0x353   .absSeg288
.abs_section_354                   2   N/I      0x354      0x355   .absSeg289
.abs_section_356                   2   N/I      0x356      0x357   .absSeg290

Summary of section sizes per section type:
NO_INIT (N/I):         168 (dec:      360)

*********************************************************************************************
VECTOR-ALLOCATION SECTION
    Address     InitValue   InitFunction
---------------------------------------------------------------------------------------------

*********************************************************************************************
OBJECT-ALLOCATION SECTION
     Name               Module                 Addr   hSize   dSize     Ref    Section   RLIB
---------------------------------------------------------------------------------------------

*********************************************************************************************
MODULE STATISTIC
  Name                                      Data   Code  Const
---------------------------------------------------------------------------------------------

*********************************************************************************************
SECTION USE IN OBJECT-ALLOCATION SECTION
---------------------------------------------------------------------------------------------

*********************************************************************************************
OBJECT LIST SORTED BY ADDRESS
     Name                                      Addr   hSize   dSize     Ref    Section   RLIB
---------------------------------------------------------------------------------------------

*********************************************************************************************
UNUSED-OBJECTS SECTION
---------------------------------------------------------------------------------------------

*********************************************************************************************
COPYDOWN SECTION
---------------------------------------------------------------------------------------------

*********************************************************************************************
OBJECT-DEPENDENCIES SECTION
---------------------------------------------------------------------------------------------

*********************************************************************************************
STATISTIC SECTION
---------------------------------------------------------------------------------------------

ExeFile:
--------
Number of blocks to be downloaded: 0
Total size of all blocks to be downloaded: 0

