###############################################################################
#                                                                             #
# IAR ELF Linker V6.30.1.53127/W32 for ARM              10/Jun/2014  00:17:21 #
# Copyright 2007-2011 IAR Systems AB.                                         #
#                                                                             #
#    Output file  =  G:\比赛\2014飞思卡尔\程序\YZ5_9\Prj\IAR\DZ10_Debug\Exe\f #
#                    ire_Kinetis.out                                          #
#    Map file     =  G:\比赛\2014飞思卡尔\程序\YZ5_9\Prj\IAR\DZ10_Debug\List\ #
#                    fire_Kinetis.map                                         #
#    Command line =  G:\比赛\2014飞思卡尔\程序\YZ5_9\Lib\CMSIS\iar_cortexM4l_ #
#                    math.a G:\比赛\2014飞思卡尔\程序\YZ5_9\Prj\IAR\DZ10_Debu #
#                    g\Obj\FIRE_LED.o G:\比赛\2014飞思卡尔\程序\YZ5_9\Prj\IAR #
#                    \DZ10_Debug\Obj\FIRE_MK60_conf.o                         #
#                    G:\比赛\2014飞思卡尔\程序\YZ5_9\Prj\IAR\DZ10_Debug\Obj\F #
#                    IRE_MMA7455.o G:\比赛\2014飞思卡尔\程序\YZ5_9\Prj\IAR\DZ #
#                    10_Debug\Obj\FIRE_NRF24L0.o                              #
#                    G:\比赛\2014飞思卡尔\程序\YZ5_9\Prj\IAR\DZ10_Debug\Obj\F #
#                    IRE_OV7725_Eagle.o G:\比赛\2014飞思卡尔\程序\YZ5_9\Prj\I #
#                    AR\DZ10_Debug\Obj\FIRE_RTC_count.o                       #
#                    G:\比赛\2014飞思卡尔\程序\YZ5_9\Prj\IAR\DZ10_Debug\Obj\F #
#                    IRE_SCCB.o G:\比赛\2014飞思卡尔\程序\YZ5_9\Prj\IAR\DZ10_ #
#                    Debug\Obj\FIRE_key.o G:\比赛\2014飞思卡尔\程序\YZ5_9\Prj #
#                    \IAR\DZ10_Debug\Obj\MK60_DWT.o                           #
#                    G:\比赛\2014飞思卡尔\程序\YZ5_9\Prj\IAR\DZ10_Debug\Obj\M #
#                    K60_PIT.o G:\比赛\2014飞思卡尔\程序\YZ5_9\Prj\IAR\DZ10_D #
#                    ebug\Obj\MK60_SysTick.o G:\比赛\2014飞思卡尔\程序\YZ5_9\ #
#                    Prj\IAR\DZ10_Debug\Obj\MK60_adc.o                        #
#                    G:\比赛\2014飞思卡尔\程序\YZ5_9\Prj\IAR\DZ10_Debug\Obj\M #
#                    K60_dac.o G:\比赛\2014飞思卡尔\程序\YZ5_9\Prj\IAR\DZ10_D #
#                    ebug\Obj\MK60_dma.o G:\比赛\2014飞思卡尔\程序\YZ5_9\Prj\ #
#                    IAR\DZ10_Debug\Obj\MK60_flash.o                          #
#                    G:\比赛\2014飞思卡尔\程序\YZ5_9\Prj\IAR\DZ10_Debug\Obj\M #
#                    K60_ftm.o G:\比赛\2014飞思卡尔\程序\YZ5_9\Prj\IAR\DZ10_D #
#                    ebug\Obj\MK60_gpio.o G:\比赛\2014飞思卡尔\程序\YZ5_9\Prj #
#                    \IAR\DZ10_Debug\Obj\MK60_i2c.o                           #
#                    G:\比赛\2014飞思卡尔\程序\YZ5_9\Prj\IAR\DZ10_Debug\Obj\M #
#                    K60_it.o G:\比赛\2014飞思卡尔\程序\YZ5_9\Prj\IAR\DZ10_De #
#                    bug\Obj\MK60_lptmr.o G:\比赛\2014飞思卡尔\程序\YZ5_9\Prj #
#                    \IAR\DZ10_Debug\Obj\MK60_mcg.o                           #
#                    G:\比赛\2014飞思卡尔\程序\YZ5_9\Prj\IAR\DZ10_Debug\Obj\M #
#                    K60_port.o G:\比赛\2014飞思卡尔\程序\YZ5_9\Prj\IAR\DZ10_ #
#                    Debug\Obj\MK60_rtc.o G:\比赛\2014飞思卡尔\程序\YZ5_9\Prj #
#                    \IAR\DZ10_Debug\Obj\MK60_spi.o                           #
#                    G:\比赛\2014飞思卡尔\程序\YZ5_9\Prj\IAR\DZ10_Debug\Obj\M #
#                    K60_uart.o G:\比赛\2014飞思卡尔\程序\YZ5_9\Prj\IAR\DZ10_ #
#                    Debug\Obj\MK60_wdog.o G:\比赛\2014飞思卡尔\程序\YZ5_9\Pr #
#                    j\IAR\DZ10_Debug\Obj\main.o                              #
#                    G:\比赛\2014飞思卡尔\程序\YZ5_9\Prj\IAR\DZ10_Debug\Obj\m #
#                    isc.o G:\比赛\2014飞思卡尔\程序\YZ5_9\Prj\IAR\DZ10_Debug #
#                    \Obj\startup_MK60DZ10.o G:\比赛\2014飞思卡尔\程序\YZ5_9\ #
#                    Prj\IAR\DZ10_Debug\Obj\system_MK60DZ10.o                 #
#                    G:\比赛\2014飞思卡尔\程序\YZ5_9\Prj\IAR\DZ10_Debug\Obj\v #
#                    ectors.o -o G:\比赛\2014飞思卡尔\程序\YZ5_9\Prj\IAR\DZ10 #
#                    _Debug\Exe\fire_Kinetis.out --map                        #
#                    G:\比赛\2014飞思卡尔\程序\YZ5_9\Prj\IAR\DZ10_Debug\List\ #
#                    fire_Kinetis.map --config "G:\比赛\2014飞思卡尔\程序\YZ5 #
#                    _9\Prj\IAR\config files\fire_ROM_K60N512.icf" --entry    #
#                    __iar_program_start --redirect __write=__write_buffered  #
#                    --vfe                                                    #
#                                                                             #
#                                                                             #
###############################################################################

*******************************************************************************
*** RUNTIME MODEL ATTRIBUTES
***

CppFlavor       = *
__SystemLibrary = DLib


*******************************************************************************
*** PLACEMENT SUMMARY
***

"A1":  place at 0x00000000 { ro section .intvec };
"A2":  place at 0x00000410 { ro section .noinit };
"P1":  place in [from 0x00000000 to 0x00040000] { ro, block CodeRelocate };
"P2":  place in [from 0x1fff0410 to 0x20010000] {
          rw, block CodeRelocateRam, block CSTACK, block HEAP };

  Section              Kind        Address    Size  Object
  -------              ----        -------    ----  ------
"A1":                                        0x410
  .intvec              const    0x00000000   0x410  vectors.o [1]
                              - 0x00000410   0x410

"A2":                                          0x8
  .noinit              ro code  0x00000410     0x8  startup_MK60DZ10.o [1]
                              - 0x00000418     0x8

"P1":                                       0x484c
  .text                ro code  0x00000418   0xd06  xprintffull_nomb.o [3]
  .text                ro code  0x0000111e    0x22  zero_init3.o [5]
  .text                ro code  0x00001140    0x16  strchr.o [5]
  .text                ro code  0x00001158    0x36  strlen.o [5]
  .text                ro code  0x00001190    0x58  memchr.o [5]
  .text                ro code  0x000011e8    0xee  I64DivMod.o [5]
  .text                ro code  0x000012d8    0x76  ABImemcpy.o [5]
  .text                ro code  0x0000134e    0x44  xdnorm.o [4]
  .text                ro code  0x00001394    0x2e  DblCmpLe.o [4]
  .text                ro code  0x000013c4    0x2e  DblCmpGe.o [4]
  .text                ro code  0x000013f4   0x11a  xdscale.o [4]
  .text                ro code  0x00001510    0x58  DblToI32.o [4]
  .text                ro code  0x00001568    0x30  I32ToDbl.o [4]
  .text                ro code  0x00001598   0x180  DblSub.o [4]
  .text                ro code  0x00001718   0x1a2  DblMul.o [4]
  .text                ro code  0x000018bc   0x246  DblDiv.o [4]
  .text                ro code  0x00001b04    0x6c  localeconv.o [3]
  .text                ro code  0x00001b70     0xe  div.o [3]
  .text                ro code  0x00001b80     0x2  I64DivZer.o [5]
  .text                ro code  0x00001b84    0xe8  DblAdd.o [4]
  .text                ro code  0x00001c6c     0x2  xtls.o [3]
  .text                ro code  0x00001c70   0x940  main.o [1]
  .text                ro code  0x000025b0   0x19c  MK60_gpio.o [1]
  .text                ro code  0x0000274c   0x2b8  MK60_adc.o [1]
  .text                ro code  0x00002a04   0x4ec  MK60_ftm.o [1]
  .text                ro code  0x00002ef0    0x84  MK60_port.o [1]
  .text                ro code  0x00002f74     0x6  ABImemclr4.o [5]
  .text                ro code  0x00002f7c    0x44  FltToS32.o [4]
  .text                ro code  0x00002fc0   0x24c  MK60_uart.o [1]
  .text                ro code  0x0000320c    0x32  I32ToFlt.o [4]
  .text                ro code  0x00003240    0xe6  FltSub.o [4]
  .text                ro code  0x00003328    0xd8  FltMul.o [4]
  .text                ro code  0x00003400    0x4e  FltToDbl.o [4]
  .text                ro code  0x00003450    0xfc  FltDiv.o [4]
  .text                ro code  0x0000354c    0x84  FltAdd.o [4]
  .text                ro code  0x000035d0    0x90  DblToFlt.o [4]
  .text                ro code  0x00003660    0x24  FltCmpGe.o [4]
  .text                ro code  0x00003684    0x24  FltCmpLe.o [4]
  .text                ro code  0x000036a8    0x78  MK60_DWT.o [1]
  .text                ro code  0x00003720    0x7c  MK60_PIT.o [1]
  .text                ro code  0x0000379c    0x50  misc.o [1]
  Veneer               ro code  0x000037ec     0x8  - Linker created -
  Veneer               ro code  0x000037f4     0x8  - Linker created -
  .text                ro code  0x000037fc   0x118  FIRE_MK60_conf.o [1]
  .text                ro code  0x00003914    0x32  ABImemset48.o [5]
  .text                ro code  0x00003948    0x24  printf.o [3]
  .text                ro code  0x0000396c    0x9c  FIRE_key.o [1]
  .text                ro code  0x00003a08    0x50  FIRE_LED.o [1]
  .data_init                    0x00003a58   0x810  <Block>
    Initializer bytes  ro data  0x00003a58   0x810  <for .data-1>
  Veneer               ro code  0x00004268     0x8  - Linker created -
  .text                ro code  0x00004270   0x3dc  MK60_mcg.o [1]
  CodeRelocate                  0x0000464c   0x1b8  <Block>
    Initializer bytes  ro data  0x0000464c   0x1b8  <for CodeRelocateRam-1>
  .text                ro code  0x00004804   0x124  system_MK60DZ10.o [1]
  .text                ro code  0x00004928    0x40  MK60_wdog.o [1]
  .rodata              const    0x00004968    0x3c  FIRE_MK60_conf.o [1]
  .rodata              const    0x000049a4    0x38  MK60_flash.o [1]
  .rodata              const    0x000049dc    0x38  MK60_gpio.o [1]
  .rodata              const    0x00004a14    0x38  MK60_uart.o [1]
  .rodata              const    0x00004a4c    0x34  MK60_PIT.o [1]
  .rodata              const    0x00004a80    0x34  MK60_adc.o [1]
  .rodata              const    0x00004ab4    0x34  MK60_ftm.o [1]
  .rodata              const    0x00004ae8    0x30  misc.o [1]
  .text                ro code  0x00004b18    0x2c  data_init3.o [5]
  .rodata              const    0x00004b44    0x24  FIRE_MK60_conf.o [1]
  .iar.init_table      const    0x00004b68    0x10  - Linker created -
  .rodata              const    0x00004b78    0x20  FIRE_MK60_conf.o [1]
  .text                ro code  0x00004b98    0x16  cmain.o [5]
  .text                ro code  0x00004bae     0x4  low_level_init.o [3]
  .text                ro code  0x00004bb2     0x4  exit.o [3]
  .text                ro code  0x00004bb8     0xa  cexit.o [5]
  .text                ro code  0x00004bc4     0xc  XXexit.o [5]
  .text                ro code  0x00004bd0    0x16  xprout.o [3]
  .text                ro code  0x00004be8     0xc  putchar.o [3]
  .rodata              const    0x00004bf4    0x14  FIRE_MK60_conf.o [1]
  .text                ro code  0x00004c08     0xc  cstartup_M.o [5]
  .rodata              const    0x00004c14     0x0  bwt_init3c.o [5]
  Initializer bytes    ro data  0x00004c14    0x50  <for P2 s0>
                              - 0x00004c64  0x484c

"P2", part 1 of 3:                           0x9c8
  .data                         0x1fff0410   0x810  <Block>
    .data-1                     0x1fff0410   0x810  <Init block>
      .data            inited   0x1fff0410     0x4  FIRE_LED.o [1]
      .data            inited   0x1fff0414   0x708  FIRE_MK60_conf.o [1]
      .data            inited   0x1fff0b1c     0x8  FIRE_key.o [1]
      .data            inited   0x1fff0b24     0x8  MK60_adc.o [1]
      .data            inited   0x1fff0b2c     0xc  MK60_ftm.o [1]
      .data            inited   0x1fff0b38    0x14  MK60_gpio.o [1]
      .data            inited   0x1fff0b4c    0x44  MK60_mcg.o [1]
      .data            inited   0x1fff0b90     0x4  MK60_mcg.o [1]
      .data            inited   0x1fff0b94    0x14  MK60_port.o [1]
      .data            inited   0x1fff0ba8    0x18  MK60_uart.o [1]
      .data            inited   0x1fff0bc0     0x4  main.o [1]
      .data            inited   0x1fff0bc4     0x4  main.o [1]
      .data            inited   0x1fff0bc8     0x4  main.o [1]
      .data            inited   0x1fff0bcc     0x4  main.o [1]
      .data            inited   0x1fff0bd0     0x4  main.o [1]
      .data            inited   0x1fff0bd4     0x4  main.o [1]
      .data            inited   0x1fff0bd8     0x4  main.o [1]
      .data            inited   0x1fff0bdc     0x4  main.o [1]
      .data            inited   0x1fff0be0    0x40  xfiles.o [3]
  CodeRelocateRam               0x1fff0c20   0x1b8  <Block>
    CodeRelocateRam-1           0x1fff0c20   0x1b8  <Init block>
      Veneer           inited   0x1fff0c20     0x8  - Linker created -
      .textrw          inited   0x1fff0c28   0x160  MK60_flash.o [1]
      .textrw          inited   0x1fff0d88    0x50  MK60_mcg.o [1]
                              - 0x1fff0dd8   0x9c8

"P2", part 2 of 3:                            0xd8
  .bss                          0x1fff0dd8    0xd6  <Block>
    .bss               zero     0x1fff0dd8     0x4  main.o [1]
    .bss               zero     0x1fff0ddc     0x4  main.o [1]
    .bss               zero     0x1fff0de0     0x4  main.o [1]
    .bss               zero     0x1fff0de4     0x4  main.o [1]
    .bss               zero     0x1fff0de8     0x4  main.o [1]
    .bss               zero     0x1fff0dec     0x4  main.o [1]
    .bss               zero     0x1fff0df0     0x4  main.o [1]
    .bss               zero     0x1fff0df4     0x4  main.o [1]
    .bss               zero     0x1fff0df8     0x4  main.o [1]
    .bss               zero     0x1fff0dfc     0x4  main.o [1]
    .bss               zero     0x1fff0e00    0x10  main.o [1]
    .bss               zero     0x1fff0e10     0x4  main.o [1]
    .bss               zero     0x1fff0e14     0x4  main.o [1]
    .bss               zero     0x1fff0e18     0x4  main.o [1]
    .bss               zero     0x1fff0e1c     0x4  main.o [1]
    .bss               zero     0x1fff0e20     0x4  main.o [1]
    .bss               zero     0x1fff0e24     0x4  main.o [1]
    .bss               zero     0x1fff0e28     0x4  main.o [1]
    .bss               zero     0x1fff0e2c     0x4  main.o [1]
    .bss               zero     0x1fff0e30     0x4  main.o [1]
    .bss               zero     0x1fff0e34     0x4  main.o [1]
    .bss               zero     0x1fff0e38     0x4  main.o [1]
    .bss               zero     0x1fff0e3c     0x4  main.o [1]
    .bss               zero     0x1fff0e40     0x4  main.o [1]
    .bss               zero     0x1fff0e44     0x4  main.o [1]
    .bss               zero     0x1fff0e48     0x4  main.o [1]
    .bss               zero     0x1fff0e4c     0x4  main.o [1]
    .bss               zero     0x1fff0e50     0x4  system_MK60DZ10.o [1]
    .bss               zero     0x1fff0e54     0x4  system_MK60DZ10.o [1]
    .bss               zero     0x1fff0e58     0x4  system_MK60DZ10.o [1]
    .bss               zero     0x1fff0e5c    0x50  xfiles.o [3]
    .bss               zero     0x1fff0eac     0x1  main.o [1]
    .bss               zero     0x1fff0ead     0x1  main.o [1]
                              - 0x1fff0eae    0xd6

"P2", part 3 of 3:                            0x50
  P2 s0                         0x1fff0eb0    0x50  <Init block>
    __DLIB_PERTHREAD   inited   0x1fff0eb0    0x50  localeconv.o [3]
                              - 0x1fff0f00    0x50


*******************************************************************************
*** INIT TABLE
***

          Address     Size
          -------     ----
Zero (__iar_zero_init3)
    1 destination range, total size 0xd6:
          0x1fff0dd8  0xd6



*******************************************************************************
*** MODULE SUMMARY
***

    Module              ro code  rw code  ro data  rw data
    ------              -------  -------  -------  -------
G:\比赛\2014飞思卡尔\程序\YZ5_9\Prj\IAR\DZ10_Debug\Obj: [1]
    FIRE_LED.o               80                 4        4
    FIRE_MK60_conf.o        280             1 948    1 800
    FIRE_key.o              156                 8        8
    MK60_DWT.o              120
    MK60_PIT.o              124                52
    MK60_adc.o              696                60        8
    MK60_flash.o                     352      408
    MK60_ftm.o            1 260                64       12
    MK60_gpio.o             412                76       20
    MK60_mcg.o              988       80      152       72
    MK60_port.o             132                20       20
    MK60_uart.o             588                80       24
    MK60_wdog.o              64
    main.o                2 368                32      154
    misc.o                   80                48
    startup_MK60DZ10.o        8
    system_MK60DZ10.o       292                         12
    vectors.o                               1 040
    ------------------------------------------------------
    Total:                7 648      432    3 992    2 134

command line: [2]
    ------------------------------------------------------
    Total:

dl7M_tlf.a: [3]
    div.o                    14
    exit.o                    4
    localeconv.o            108                80       80
    low_level_init.o          4
    printf.o                 36
    putchar.o                12
    xfiles.o                                   64      144
    xprintffull_nomb.o    3 334
    xprout.o                 22
    xtls.o                    2
    ------------------------------------------------------
    Total:                3 536               144      224

m7M_tl.a: [4]
    DblAdd.o                232
    DblCmpGe.o               46
    DblCmpLe.o               46
    DblDiv.o                582
    DblMul.o                418
    DblSub.o                384
    DblToFlt.o              144
    DblToI32.o               88
    FltAdd.o                132
    FltCmpGe.o               36
    FltCmpLe.o               36
    FltDiv.o                252
    FltMul.o                216
    FltSub.o                230
    FltToDbl.o               78
    FltToS32.o               68
    I32ToDbl.o               48
    I32ToFlt.o               50
    xdnorm.o                 68
    xdscale.o               282
    ------------------------------------------------------
    Total:                3 436

rt7M_tl.a: [5]
    ABImemclr4.o              6
    ABImemcpy.o             118
    ABImemset48.o            50
    I64DivMod.o             238
    I64DivZer.o               2
    XXexit.o                 12
    bwt_init3c.o
    cexit.o                  10
    cmain.o                  22
    cstartup_M.o             12
    data_init3.o             44
    memchr.o                 88
    strchr.o                 22
    strlen.o                 54
    zero_init3.o             34
    ------------------------------------------------------
    Total:                  712

    Gaps                     40
    Linker created           24        8       24
----------------------------------------------------------
    Grand Total:         15 396      440    4 160    2 358


*******************************************************************************
*** ENTRY LIST
***

Entry                      Address   Size  Type      Object
-----                      -------   ----  ----      ------
.bss$$Base              0x1fff0dd8          --   Gb  - Linker created -
.bss$$Limit             0x1fff0eae          --   Gb  - Linker created -
.data$$Base             0x1fff0410          --   Gb  - Linker created -
.data$$Limit            0x1fff0c20          --   Gb  - Linker created -
.data_init$$Base        0x00003a58          --   Gb  - Linker created -
.data_init$$Limit       0x00004268          --   Gb  - Linker created -
?main                   0x00004b99         Code  Gb  cmain.o [5]
ADCN                    0x1fff0b24    0x8  Data  Gb  MK60_adc.o [1]
AD_az                   0x1fff0e28    0x4  Data  Lc  main.o [1]
AD_az_max               0x1fff0e10    0x4  Data  Lc  main.o [1]
AD_az_min               0x1fff0e14    0x4  Data  Lc  main.o [1]
AD_az_totle             0x1fff0e20    0x4  Data  Lc  main.o [1]
AD_gy                   0x1fff0e2c    0x4  Data  Lc  main.o [1]
AD_gy_max               0x1fff0e18    0x4  Data  Lc  main.o [1]
AD_gy_min               0x1fff0e1c    0x4  Data  Lc  main.o [1]
AD_gy_totle             0x1fff0e24    0x4  Data  Lc  main.o [1]
AD_init                 0x00001cc1   0x10  Code  Gb  main.o [1]
ASSERT_FAILED_STR       0x00004b44   0x24  Data  Gb  FIRE_MK60_conf.o [1]
AngleControl            0x00002121   0x3c  Code  Gb  main.o [1]
Angle_AG                0x1fff0de8    0x4  Data  Gb  main.o [1]
Angle_Control_D         0x1fff0bd8    0x4  Data  Lc  main.o [1]
Angle_Control_P         0x1fff0bd4    0x4  Data  Lc  main.o [1]
Angle_G                 0x1fff0de4    0x4  Data  Gb  main.o [1]
Angle_GG                0x1fff0dec    0x4  Data  Gb  main.o [1]
Angle_Z                 0x1fff0de0    0x4  Data  Gb  main.o [1]
CRC_CHECK               0x00001dbd   0x4a  Code  Gb  main.o [1]
C_Gyro_y                0x1fff0bc4    0x4  Data  Gb  main.o [1]
C_Z                     0x1fff0bc0    0x4  Data  Gb  main.o [1]
CodeRelocate$$Base      0x0000464c          --   Gb  - Linker created -
CodeRelocate$$Limit     0x00004804          --   Gb  - Linker created -
CodeRelocateRam$$Base   0x1fff0c20          --   Gb  - Linker created -
CodeRelocateRam$$Limit  0x1fff0dd8          --   Gb  - Linker created -
FTMN                    0x1fff0b2c    0xc  Data  Gb  MK60_ftm.o [1]
FTM_PWM_Duty            0x00002c9d   0xe4  Code  Gb  MK60_ftm.o [1]
FTM_PWM_init            0x00002a05  0x298  Code  Gb  MK60_ftm.o [1]
FTM_QUAD_Init           0x00002d81  0x106  Code  Gb  MK60_ftm.o [1]
FTM_QUAD_clean          0x00002eb3   0x28  Code  Gb  MK60_ftm.o [1]
FTM_QUAD_get            0x00002e87   0x2c  Code  Gb  MK60_ftm.o [1]
FTM_init                0x00001cf1   0x30  Code  Gb  main.o [1]
GPIOX                   0x1fff0b38   0x14  Data  Gb  MK60_gpio.o [1]
IO_init                 0x00001c8b   0x36  Code  Gb  main.o [1]
KEY_PTxn                0x1fff0b1c    0x8  Data  Gb  FIRE_key.o [1]
LED_PTxn                0x1fff0410    0x4  Data  Gb  FIRE_LED.o [1]
M_PACNT_left            0x1fff0e48    0x4  Data  Gb  main.o [1]
M_PACNT_right           0x1fff0e4c    0x4  Data  Gb  main.o [1]
MotoL                   0x00001d6f   0x4e  Code  Gb  main.o [1]
MotoR                   0x00001d21   0x4e  Code  Gb  main.o [1]
MotorOutput             0x00002295   0x3c  Code  Gb  main.o [1]
MotorSpeedOut           0x0000215d  0x138  Code  Gb  main.o [1]
NVIC_EnableIRQ          0x00001c71   0x1a  Code  Lc  main.o [1]
NVIC_SystemReset        0x000037fd   0x1a  Code  Lc  FIRE_MK60_conf.o [1]
OutData                 0x1fff0e00   0x10  Data  Gb  main.o [1]
OutPut_Data             0x00001e07   0xde  Code  Gb  main.o [1]
PACNT_flag              0x1fff0eac    0x1  Data  Gb  main.o [1]
PIT0_IRQHandler         0x00002431   0xbc  Code  Gb  main.o [1]
PIT_flag0               0x1fff0ead    0x1  Data  Gb  main.o [1]
PORTX                   0x1fff0b94   0x14  Data  Gb  MK60_port.o [1]
PWM_init                0x00001cd1   0x20  Code  Gb  main.o [1]
R_Gyro                  0x1fff0bd0    0x4  Data  Gb  main.o [1]
R_Z                     0x1fff0bcc    0x4  Data  Gb  main.o [1]
Region$$Table$$Base     0x00004b68          --   Gb  - Linker created -
Region$$Table$$Limit    0x00004b78          --   Gb  - Linker created -
Reset_Handler           0x00000411         Code  Gb  startup_MK60DZ10.o [1]
SpeedControl            0x000022d1   0x80  Code  Gb  main.o [1]
SpeedControlOutput      0x00002351   0x34  Code  Gb  main.o [1]
Speed_control_I         0x1fff0e30    0x4  Data  Lc  main.o [1]
Speed_control_P         0x1fff0bdc    0x4  Data  Lc  main.o [1]
T_Z                     0x1fff0bc8    0x4  Data  Gb  main.o [1]
UARTN                   0x1fff0ba8   0x18  Data  Gb  MK60_uart.o [1]
_GenldFullNoMb          0x00000e7d  0x258  Code  Lc  xprintffull_nomb.o [3]
_LdtobFullNoMb          0x00000a6d  0x400  Code  Lc  xprintffull_nomb.o [3]
_LitobFullNoMb          0x00000947  0x126  Code  Lc  xprintffull_nomb.o [3]
_Locale_lconv           0x1fff0eb0   0x50  Data  Gb  localeconv.o [3]
_PrintfFullNoMb         0x00000419  0x52e  Code  Gb  xprintffull_nomb.o [3]
_Prout                  0x00004bd1   0x16  Code  Gb  xprout.o [3]
_PutcharsFullNoMb       0x000010d5   0x2e  Code  Lc  xprintffull_nomb.o [3]
__BOOT_STACK_ADDRESS {Abs}
                        0x2000fff8          --   Gb  command line/config [2]
__VECTOR_RAM {Abs}      0x1fff0000          --   Gb  command line/config [2]
__VECTOR_TABLE {Abs}    0x00000000          --   Gb  command line/config [2]
__aeabi_cdcmple         0x00001395         Code  Gb  DblCmpLe.o [4]
__aeabi_cdrcmple        0x000013c5         Code  Gb  DblCmpGe.o [4]
__aeabi_cfcmple         0x00003685         Code  Gb  FltCmpLe.o [4]
__aeabi_cfrcmple        0x00003661         Code  Gb  FltCmpGe.o [4]
__aeabi_d2f             0x000035d1         Code  Gb  DblToFlt.o [4]
__aeabi_d2iz            0x00001511         Code  Gb  DblToI32.o [4]
__aeabi_d2uiz           0x0000153d         Code  Gb  DblToI32.o [4]
__aeabi_dadd            0x00001b85         Code  Gb  DblAdd.o [4]
__aeabi_ddiv            0x000018bd         Code  Gb  DblDiv.o [4]
__aeabi_dmul            0x00001719         Code  Gb  DblMul.o [4]
__aeabi_dsub            0x00001599         Code  Gb  DblSub.o [4]
__aeabi_f2d             0x00003401         Code  Gb  FltToDbl.o [4]
__aeabi_f2iz            0x00002f7d         Code  Gb  FltToS32.o [4]
__aeabi_fadd            0x0000354d         Code  Gb  FltAdd.o [4]
__aeabi_fdiv            0x00003451         Code  Gb  FltDiv.o [4]
__aeabi_fmul            0x00003329         Code  Gb  FltMul.o [4]
__aeabi_fsub            0x00003241         Code  Gb  FltSub.o [4]
__aeabi_i2d             0x00001569         Code  Gb  I32ToDbl.o [4]
__aeabi_i2f             0x0000320d         Code  Gb  I32ToFlt.o [4]
__aeabi_ldiv0           0x00001b81         Code  Gb  I64DivZer.o [5]
__aeabi_memclr4         0x00002f75         Code  Gb  ABImemclr4.o [5]
__aeabi_memcpy          0x000012d9         Code  Gb  ABImemcpy.o [5]
__aeabi_memcpy4         0x000012f9         Code  Gb  ABImemcpy.o [5]
__aeabi_memcpy8         0x000012f9         Code  Gb  ABImemcpy.o [5]
__aeabi_ui2d            0x0000157d         Code  Gb  I32ToDbl.o [4]
__aeabi_ui2f            0x00003221         Code  Gb  I32ToFlt.o [4]
__aeabi_uldivmod        0x000011e9         Code  Gb  I64DivMod.o [5]
__cmain                 0x00004b99         Code  Gb  cmain.o [5]
__code_start__ {Abs}    0x00000410          --   Gb  command line/config [2]
__exit                  0x00004bc5         Code  Gb  XXexit.o [5]
__iar_Dnorm             0x0000134f   0x44  Code  Gb  xdnorm.o [4]
__iar_Dscale            0x000013f5  0x106  Code  Gb  xdscale.o [4]
__iar_Locale_lconv_init
                        0x00001b05   0x3a  Code  Gb  localeconv.o [3]
__iar_Memchr            0x00001191         Code  Gb  memchr.o [5]
__iar_Memset4_word      0x00003915         Code  Gb  ABImemset48.o [5]
__iar_Memset8_word      0x00003915         Code  Gb  ABImemset48.o [5]
__iar_SB                0x00004c14         Data  Gb  bwt_init3c.o [5]
__iar_Stdout            0x1fff0be0   0x40  Data  Gb  xfiles.o [3]
__iar_Strchr            0x00001141         Code  Gb  strchr.o [5]
__iar_d2uiz             0x00001549         Code  Gb  DblToI32.o [4]
__iar_dadd              0x00001b99         Code  Gb  DblAdd.o [4]
__iar_data_init3        0x00004b19   0x2c  Code  Gb  data_init3.o [5]
__iar_default_requirements$$_Printf<unknown>printf {Abs}
                        0x00000000          --   Gb  printf.o [3]
__iar_dlib_perthread_access
                        0x00001c6d    0x2  Code  Gb  xtls.o [3]
__iar_dsub              0x000015ad         Code  Gb  DblSub.o [4]
__iar_dsubStart         0x000015bf         Code  Gb  DblSub.o [4]
__iar_fadd              0x0000355d         Code  Gb  FltAdd.o [4]
__iar_fsub              0x00003251         Code  Gb  FltSub.o [4]
__iar_fsubStart         0x00003261         Code  Gb  FltSub.o [4]
__iar_program_start     0x00004c09         Code  Gb  cstartup_M.o [5]
__iar_provide$$_Printf<flags,floats,hex_floats,int_specials,long_longs,n_formatters,qualifiers,widths>_PrintfFullNoMb {Abs}
                        0x00000000          --   Gb  xprintffull_nomb.o [3]
__iar_ui2d              0x00001581         Code  Gb  I32ToDbl.o [4]
__iar_ui2f              0x00003225         Code  Gb  I32ToFlt.o [4]
__iar_zero_init3        0x0000111f   0x22  Code  Gb  zero_init3.o [5]
__low_level_init        0x00004baf    0x4  Code  Gb  low_level_init.o [3]
__vector_table          0x00000000  0x410  Data  Gb  vectors.o [1]
_call_main              0x00004ba5         Code  Gb  cmain.o [5]
_exit                   0x00004bb9         Code  Gb  cexit.o [5]
_main                   0x00004bab         Code  Gb  cmain.o [5]
adc_init                0x0000274d  0x20e  Code  Gb  MK60_adc.o [1]
adc_once                0x0000295b   0x50  Code  Gb  MK60_adc.o [1]
adc_start               0x000029ab   0x44  Code  Lc  MK60_adc.o [1]
angle_calculate         0x00002041   0xe0  Code  Gb  main.o [1]
assert_failed           0x00003817   0x12  Code  Gb  FIRE_MK60_conf.o [1]
bus_clk_khz             0x1fff0e58    0x4  Data  Gb  system_MK60DZ10.o [1]
common_startup          0x00004859   0x98  Code  Gb  system_MK60DZ10.o [1]
core_clk_khz            0x1fff0e50    0x4  Data  Gb  system_MK60DZ10.o [1]
core_clk_mhz            0x1fff0e54    0x4  Data  Gb  system_MK60DZ10.o [1]
default_isr             0x000038d7   0x1c  Code  Gb  FIRE_MK60_conf.o [1]
div                     0x00001b71    0xe  Code  Gb  div.o [3]
dwt_delay_ms            0x00003709   0x18  Code  Gb  MK60_DWT.o [1]
dwt_delay_us            0x000036a9   0x4e  Code  Gb  MK60_DWT.o [1]
exit                    0x00004bb3    0x4  Code  Gb  exit.o [3]
flash_cmd               0x1fff0c29   0x20  Code  Gb  MK60_flash.o [1]
flash_erase_sector      0x1fff0c71   0x58  Code  Gb  MK60_flash.o [1]
flash_init              0x1fff0c49   0x28  Code  Gb  MK60_flash.o [1]
flash_write             0x1fff0cc9   0x90  Code  Gb  MK60_flash.o [1]
fputc                   0x00003829   0x14  Code  Gb  FIRE_MK60_conf.o [1]
g_fAngleControlOut      0x1fff0e34    0x4  Data  Lc  main.o [1]
g_fCarSpeed             0x1fff0df0    0x4  Data  Gb  main.o [1]
g_fDirectionControlOut  0x1fff0e44    0x4  Data  Lc  main.o [1]
g_fLeftMotorOut         0x1fff0e38    0x4  Data  Lc  main.o [1]
g_fRightMotorOut        0x1fff0e3c    0x4  Data  Lc  main.o [1]
g_fSpeedControlIntegral
                        0x1fff0df4    0x4  Data  Gb  main.o [1]
g_fSpeedControlOut      0x1fff0e40    0x4  Data  Lc  main.o [1]
g_fSpeedControlOutNew   0x1fff0dfc    0x4  Data  Gb  main.o [1]
g_fSpeedControlOutOld   0x1fff0df8    0x4  Data  Gb  main.o [1]
g_nSpeedControlCount    0x1fff0ddc    0x4  Data  Gb  main.o [1]
g_nSpeedControlPeriod   0x1fff0dd8    0x4  Data  Gb  main.o [1]
gpio_get                0x00002709   0x3a  Code  Gb  MK60_gpio.o [1]
gpio_init               0x000025b1   0xae  Code  Gb  MK60_gpio.o [1]
gpio_set                0x0000265f   0x72  Code  Gb  MK60_gpio.o [1]
gpio_turn               0x000026d1   0x38  Code  Gb  MK60_gpio.o [1]
key_check               0x000039d9   0x2a  Code  Gb  FIRE_key.o [1]
key_get                 0x000039bf   0x1a  Code  Gb  FIRE_key.o [1]
key_init                0x0000396d   0x52  Code  Gb  FIRE_key.o [1]
led_init                0x00003a09   0x3a  Code  Gb  FIRE_LED.o [1]
led_turn                0x00003a43   0x10  Code  Gb  FIRE_LED.o [1]
localeconv              0x00001b3f   0x16  Code  Gb  localeconv.o [3]
main                    0x00002385   0xac  Code  Gb  main.o [1]
mcg_cfg                 0x1fff0b4c   0x44  Data  Gb  MK60_mcg.o [1]
mcg_div                 0x1fff0b90    0x4  Data  Gb  MK60_mcg.o [1]
mcg_div_count           0x00004271  0x30e  Code  Gb  MK60_mcg.o [1]
memchr                  0x00001191         Code  Gb  memchr.o [5]
obuf                    0x1fff0e5c   0x50  Data  Lc  xfiles.o [3]
pit_init                0x00003721   0x6c  Code  Gb  MK60_PIT.o [1]
pll_init                0x0000457f   0xb2  Code  Gb  MK60_mcg.o [1]
port_init               0x00002ef1   0x2e  Code  Gb  MK60_port.o [1]
port_init_NoALT         0x00002f1f   0x4c  Code  Gb  MK60_port.o [1]
printf                  0x00003949   0x24  Code  Gb  printf.o [3]
putchar                 0x00004be9    0xc  Code  Gb  putchar.o [3]
read_AD                 0x00001ee5  0x15c  Code  Gb  main.o [1]
set_sys_dividers        0x1fff0d89   0x50  Code  Gb  MK60_mcg.o [1]
set_vector_handler      0x000037bf   0x22  Code  Gb  misc.o [1]
start                   0x00004805   0x18  Code  Gb  system_MK60DZ10.o [1]
start_check             0x0000383d   0x9a  Code  Gb  FIRE_MK60_conf.o [1]
strchr                  0x00001141         Code  Gb  strchr.o [5]
strlen                  0x00001159         Code  Gb  strlen.o [5]
sysinit                 0x0000481d   0x3c  Code  Gb  system_MK60DZ10.o [1]
uart_init               0x00002fc1  0x218  Code  Gb  MK60_uart.o [1]
uart_putchar            0x000031d9   0x1a  Code  Gb  MK60_uart.o [1]
vector_str              0x1fff0414  0x708  Data  Gb  FIRE_MK60_conf.o [1]
wdog_disable            0x00004929   0x16  Code  Gb  MK60_wdog.o [1]
wdog_unlock             0x00004941   0x20  Code  Lc  MK60_wdog.o [1]
write_vtor              0x0000379d   0x22  Code  Gb  misc.o [1]


[1] = G:\比赛\2014飞思卡尔\程序\YZ5_9\Prj\IAR\DZ10_Debug\Obj
[2] = command line
[3] = dl7M_tlf.a
[4] = m7M_tl.a
[5] = rt7M_tl.a

  15 396 bytes of readonly  code memory
     440 bytes of readwrite code memory
   4 160 bytes of readonly  data memory
   2 358 bytes of readwrite data memory

Errors: none
Warnings: none
