###############################################################################
#                                                                             #
# IAR ELF Linker V6.30.1.53127/W32 for ARM              03/Jul/2014  13:41:15 #
# Copyright 2007-2011 IAR Systems AB.                                         #
#                                                                             #
#    Output file  =  G:\比赛\2014飞思卡尔\程序\YZ6_9\Prj\IAR\DZ10_Debug\Exe\f #
#                    ire_Kinetis.out                                          #
#    Map file     =  G:\比赛\2014飞思卡尔\程序\YZ6_9\Prj\IAR\DZ10_Debug\List\ #
#                    fire_Kinetis.map                                         #
#    Command line =  G:\比赛\2014飞思卡尔\程序\YZ6_9\Lib\CMSIS\iar_cortexM4l_ #
#                    math.a G:\比赛\2014飞思卡尔\程序\YZ6_9\Prj\IAR\DZ10_Debu #
#                    g\Obj\FIRE_LED.o G:\比赛\2014飞思卡尔\程序\YZ6_9\Prj\IAR #
#                    \DZ10_Debug\Obj\FIRE_MK60_conf.o                         #
#                    G:\比赛\2014飞思卡尔\程序\YZ6_9\Prj\IAR\DZ10_Debug\Obj\F #
#                    IRE_MMA7455.o G:\比赛\2014飞思卡尔\程序\YZ6_9\Prj\IAR\DZ #
#                    10_Debug\Obj\FIRE_NRF24L0.o                              #
#                    G:\比赛\2014飞思卡尔\程序\YZ6_9\Prj\IAR\DZ10_Debug\Obj\F #
#                    IRE_OV7725_Eagle.o G:\比赛\2014飞思卡尔\程序\YZ6_9\Prj\I #
#                    AR\DZ10_Debug\Obj\FIRE_RTC_count.o                       #
#                    G:\比赛\2014飞思卡尔\程序\YZ6_9\Prj\IAR\DZ10_Debug\Obj\F #
#                    IRE_SCCB.o G:\比赛\2014飞思卡尔\程序\YZ6_9\Prj\IAR\DZ10_ #
#                    Debug\Obj\FIRE_key.o G:\比赛\2014飞思卡尔\程序\YZ6_9\Prj #
#                    \IAR\DZ10_Debug\Obj\MK60_DWT.o                           #
#                    G:\比赛\2014飞思卡尔\程序\YZ6_9\Prj\IAR\DZ10_Debug\Obj\M #
#                    K60_PIT.o G:\比赛\2014飞思卡尔\程序\YZ6_9\Prj\IAR\DZ10_D #
#                    ebug\Obj\MK60_SysTick.o G:\比赛\2014飞思卡尔\程序\YZ6_9\ #
#                    Prj\IAR\DZ10_Debug\Obj\MK60_adc.o                        #
#                    G:\比赛\2014飞思卡尔\程序\YZ6_9\Prj\IAR\DZ10_Debug\Obj\M #
#                    K60_dac.o G:\比赛\2014飞思卡尔\程序\YZ6_9\Prj\IAR\DZ10_D #
#                    ebug\Obj\MK60_dma.o G:\比赛\2014飞思卡尔\程序\YZ6_9\Prj\ #
#                    IAR\DZ10_Debug\Obj\MK60_flash.o                          #
#                    G:\比赛\2014飞思卡尔\程序\YZ6_9\Prj\IAR\DZ10_Debug\Obj\M #
#                    K60_ftm.o G:\比赛\2014飞思卡尔\程序\YZ6_9\Prj\IAR\DZ10_D #
#                    ebug\Obj\MK60_gpio.o G:\比赛\2014飞思卡尔\程序\YZ6_9\Prj #
#                    \IAR\DZ10_Debug\Obj\MK60_i2c.o                           #
#                    G:\比赛\2014飞思卡尔\程序\YZ6_9\Prj\IAR\DZ10_Debug\Obj\M #
#                    K60_it.o G:\比赛\2014飞思卡尔\程序\YZ6_9\Prj\IAR\DZ10_De #
#                    bug\Obj\MK60_lptmr.o G:\比赛\2014飞思卡尔\程序\YZ6_9\Prj #
#                    \IAR\DZ10_Debug\Obj\MK60_mcg.o                           #
#                    G:\比赛\2014飞思卡尔\程序\YZ6_9\Prj\IAR\DZ10_Debug\Obj\M #
#                    K60_port.o G:\比赛\2014飞思卡尔\程序\YZ6_9\Prj\IAR\DZ10_ #
#                    Debug\Obj\MK60_rtc.o G:\比赛\2014飞思卡尔\程序\YZ6_9\Prj #
#                    \IAR\DZ10_Debug\Obj\MK60_spi.o                           #
#                    G:\比赛\2014飞思卡尔\程序\YZ6_9\Prj\IAR\DZ10_Debug\Obj\M #
#                    K60_uart.o G:\比赛\2014飞思卡尔\程序\YZ6_9\Prj\IAR\DZ10_ #
#                    Debug\Obj\MK60_wdog.o G:\比赛\2014飞思卡尔\程序\YZ6_9\Pr #
#                    j\IAR\DZ10_Debug\Obj\main.o                              #
#                    G:\比赛\2014飞思卡尔\程序\YZ6_9\Prj\IAR\DZ10_Debug\Obj\m #
#                    isc.o G:\比赛\2014飞思卡尔\程序\YZ6_9\Prj\IAR\DZ10_Debug #
#                    \Obj\startup_MK60DZ10.o G:\比赛\2014飞思卡尔\程序\YZ6_9\ #
#                    Prj\IAR\DZ10_Debug\Obj\system_MK60DZ10.o                 #
#                    G:\比赛\2014飞思卡尔\程序\YZ6_9\Prj\IAR\DZ10_Debug\Obj\v #
#                    ectors.o -o G:\比赛\2014飞思卡尔\程序\YZ6_9\Prj\IAR\DZ10 #
#                    _Debug\Exe\fire_Kinetis.out --map                        #
#                    G:\比赛\2014飞思卡尔\程序\YZ6_9\Prj\IAR\DZ10_Debug\List\ #
#                    fire_Kinetis.map --config "G:\比赛\2014飞思卡尔\程序\YZ6 #
#                    _9\Prj\IAR\config files\fire_ROM_K60N512.icf" --entry    #
#                    __iar_program_start --redirect __write=__write_buffered  #
#                    --vfe                                                    #
#                                                                             #
#                                                                             #
###############################################################################

*******************************************************************************
*** RUNTIME MODEL ATTRIBUTES
***

CppFlavor       = *
__SystemLibrary = DLib


*******************************************************************************
*** PLACEMENT SUMMARY
***

"A1":  place at 0x00000000 { ro section .intvec };
"A2":  place at 0x00000410 { ro section .noinit };
"P1":  place in [from 0x00000000 to 0x00040000] { ro, block CodeRelocate };
"P2":  place in [from 0x1fff0410 to 0x20010000] {
          rw, block CodeRelocateRam, block CSTACK, block HEAP };

  Section              Kind        Address    Size  Object
  -------              ----        -------    ----  ------
"A1":                                        0x410
  .intvec              const    0x00000000   0x410  vectors.o [1]
                              - 0x00000410   0x410

"A2":                                          0x8
  .noinit              ro code  0x00000410     0x8  startup_MK60DZ10.o [1]
                              - 0x00000418     0x8

"P1":                                       0x580c
  .text                ro code  0x00000418   0xfd0  main.o [1]
  .text                ro code  0x000013e8   0x19c  MK60_gpio.o [1]
  .text                ro code  0x00001584   0x2b8  MK60_adc.o [1]
  .text                ro code  0x0000183c   0x4ec  MK60_ftm.o [1]
  .text                ro code  0x00001d28    0xb0  MK60_port.o [1]
  .text                ro code  0x00001dd8    0x32  I32ToFlt.o [4]
  .text                ro code  0x00001e0a    0x22  zero_init3.o [5]
  .text                ro code  0x00001e2c    0xe6  FltSub.o [4]
  .rodata              const    0x00001f12     0x2  main.o [1]
  .text                ro code  0x00001f14    0xd8  FltMul.o [4]
  .text                ro code  0x00001fec    0x4e  FltToDbl.o [4]
  .text                ro code  0x0000203c    0xfc  FltDiv.o [4]
  .text                ro code  0x00002138    0x84  FltAdd.o [4]
  .text                ro code  0x000021bc   0x1a2  DblMul.o [4]
  .text                ro code  0x00002360    0xe8  DblAdd.o [4]
  .text                ro code  0x00002448    0x90  DblToFlt.o [4]
  .text                ro code  0x000024d8    0x24  FltCmpGe.o [4]
  .text                ro code  0x000024fc    0x24  FltCmpLe.o [4]
  .text                ro code  0x00002520    0x44  FltToS32.o [4]
  .text                ro code  0x00002564    0x30  I32ToDbl.o [4]
  .text                ro code  0x00002594   0x234  FIRE_OV7725_Eagle.o [1]
  .text                ro code  0x000027c8    0x50  misc.o [1]
  .text                ro code  0x00002818    0x78  MK60_DWT.o [1]
  .text                ro code  0x00002890    0x7c  MK60_PIT.o [1]
  .text                ro code  0x0000290c    0x24  printf.o [3]
  Veneer               ro code  0x00002930     0x8  - Linker created -
  Veneer               ro code  0x00002938     0x8  - Linker created -
  .text                ro code  0x00002940   0x118  FIRE_MK60_conf.o [1]
  .text                ro code  0x00002a58   0x180  DblSub.o [4]
  .text                ro code  0x00002bd8   0x258  MK60_dma.o [1]
  .text                ro code  0x00002e30   0x362  FIRE_SCCB.o [1]
  .text                ro code  0x00003194   0xd06  xprintffull_nomb.o [3]
  .text                ro code  0x00003e9c   0x244  MK60_uart.o [1]
  .text                ro code  0x000040e0    0x9c  FIRE_key.o [1]
  .text                ro code  0x0000417c    0x50  FIRE_LED.o [1]
  .text                ro code  0x000041cc    0x16  strchr.o [5]
  .text                ro code  0x000041e4    0x36  strlen.o [5]
  .text                ro code  0x0000421c    0x58  memchr.o [5]
  .text                ro code  0x00004274    0xee  I64DivMod.o [5]
  .text                ro code  0x00004364    0x76  ABImemcpy.o [5]
  .text                ro code  0x000043da    0x44  xdnorm.o [4]
  .text                ro code  0x00004420    0x2e  DblCmpLe.o [4]
  .text                ro code  0x00004450    0x2e  DblCmpGe.o [4]
  .text                ro code  0x00004480   0x11a  xdscale.o [4]
  .text                ro code  0x0000459c    0x58  DblToI32.o [4]
  .text                ro code  0x000045f4   0x246  DblDiv.o [4]
  .text                ro code  0x0000483c    0x6c  localeconv.o [3]
  .text                ro code  0x000048a8     0xe  div.o [3]
  .text                ro code  0x000048b8     0x2  I64DivZer.o [5]
  .text                ro code  0x000048ba     0x2  xtls.o [3]
  .data_init                    0x000048bc   0x884  <Block>
    Initializer bytes  ro data  0x000048bc   0x884  <for .data-1>
  Veneer               ro code  0x00005140     0x8  - Linker created -
  .text                ro code  0x00005148   0x3dc  MK60_mcg.o [1]
  CodeRelocate                  0x00005524   0x1b8  <Block>
    Initializer bytes  ro data  0x00005524   0x1b8  <for CodeRelocateRam-1>
  .text                ro code  0x000056dc   0x124  system_MK60DZ10.o [1]
  .text                ro code  0x00005800    0x40  MK60_wdog.o [1]
  .rodata              const    0x00005840    0x3c  FIRE_MK60_conf.o [1]
  .rodata              const    0x0000587c    0x38  MK60_flash.o [1]
  .rodata              const    0x000058b4    0x38  MK60_gpio.o [1]
  .rodata              const    0x000058ec    0x38  MK60_uart.o [1]
  .rodata              const    0x00005924    0x34  MK60_PIT.o [1]
  .rodata              const    0x00005958    0x34  MK60_adc.o [1]
  .rodata              const    0x0000598c    0x34  MK60_dma.o [1]
  .rodata              const    0x000059c0    0x34  MK60_ftm.o [1]
  .rodata              const    0x000059f4    0x30  misc.o [1]
  .text                ro code  0x00005a24    0x2c  data_init3.o [5]
  .rodata              const    0x00005a50    0x24  FIRE_MK60_conf.o [1]
  .rodata              const    0x00005a74    0x24  FIRE_OV7725_Eagle.o [1]
  .rodata              const    0x00005a98    0x24  FIRE_OV7725_Eagle.o [1]
  .iar.init_table      const    0x00005abc    0x10  - Linker created -
  .rodata              const    0x00005acc    0x20  FIRE_MK60_conf.o [1]
  .rodata              const    0x00005aec    0x20  FIRE_OV7725_Eagle.o [1]
  .rodata              const    0x00005b0c    0x18  FIRE_OV7725_Eagle.o [1]
  .rodata              const    0x00005b24    0x18  FIRE_OV7725_Eagle.o [1]
  .text                ro code  0x00005b3c    0x16  cmain.o [5]
  .text                ro code  0x00005b52     0x4  low_level_init.o [3]
  .text                ro code  0x00005b56     0x4  exit.o [3]
  .text                ro code  0x00005b5c     0xa  cexit.o [5]
  .text                ro code  0x00005b68     0xc  XXexit.o [5]
  .text                ro code  0x00005b74    0x16  xprout.o [3]
  .text                ro code  0x00005b8c     0xc  putchar.o [3]
  .rodata              const    0x00005b98    0x14  FIRE_MK60_conf.o [1]
  .rodata              const    0x00005bac    0x14  FIRE_OV7725_Eagle.o [1]
  .text                ro code  0x00005bc0     0xc  cstartup_M.o [5]
  .rodata              const    0x00005bcc     0x8  main.o [1]
  .rodata              const    0x00005bd4     0x0  bwt_init3c.o [5]
  Initializer bytes    ro data  0x00005bd4    0x50  <for P2 s0>
                              - 0x00005c24  0x580c

"P2", part 1 of 3:                           0xa3c
  .data                         0x1fff0410   0x884  <Block>
    .data-1                     0x1fff0410   0x884  <Init block>
      .data            inited   0x1fff0410     0x4  FIRE_LED.o [1]
      .data            inited   0x1fff0414   0x708  FIRE_MK60_conf.o [1]
      .data            inited   0x1fff0b1c     0x1  FIRE_OV7725_Eagle.o [1]
      .data            inited   0x1fff0b20    0x64  FIRE_OV7725_Eagle.o [1]
      .data            inited   0x1fff0b84     0x1  FIRE_OV7725_Eagle.o [1]
      .data            inited   0x1fff0b88     0x8  FIRE_key.o [1]
      .data            inited   0x1fff0b90     0x8  MK60_adc.o [1]
      .data            inited   0x1fff0b98     0xc  MK60_ftm.o [1]
      .data            inited   0x1fff0ba4    0x14  MK60_gpio.o [1]
      .data            inited   0x1fff0bb8    0x44  MK60_mcg.o [1]
      .data            inited   0x1fff0bfc     0x4  MK60_mcg.o [1]
      .data            inited   0x1fff0c00    0x14  MK60_port.o [1]
      .data            inited   0x1fff0c14    0x18  MK60_uart.o [1]
      .data            inited   0x1fff0c2c     0x4  main.o [1]
      .data            inited   0x1fff0c30     0x4  main.o [1]
      .data            inited   0x1fff0c34     0x4  main.o [1]
      .data            inited   0x1fff0c38     0x4  main.o [1]
      .data            inited   0x1fff0c3c     0x4  main.o [1]
      .data            inited   0x1fff0c40     0x4  main.o [1]
      .data            inited   0x1fff0c44     0x4  main.o [1]
      .data            inited   0x1fff0c48     0x4  main.o [1]
      .data            inited   0x1fff0c4c     0x4  main.o [1]
      .data            inited   0x1fff0c50     0x1  main.o [1]
      .data            inited   0x1fff0c54    0x40  xfiles.o [3]
  CodeRelocateRam               0x1fff0c94   0x1b8  <Block>
    CodeRelocateRam-1           0x1fff0c94   0x1b8  <Init block>
      Veneer           inited   0x1fff0c94     0x8  - Linker created -
      .textrw          inited   0x1fff0c9c   0x160  MK60_flash.o [1]
      .textrw          inited   0x1fff0dfc    0x50  MK60_mcg.o [1]
                              - 0x1fff0e4c   0xa3c

"P2", part 2 of 3:                          0x2958
  .bss                          0x1fff0e4c  0x2957  <Block>
    .bss               zero     0x1fff0e4c     0x4  FIRE_OV7725_Eagle.o [1]
    .bss               zero     0x1fff0e50   0x258  main.o [1]
    .bss               zero     0x1fff10a8  0x12c0  main.o [1]
    .bss               zero     0x1fff2368  0x12c0  main.o [1]
    .bss               zero     0x1fff3628    0x3c  main.o [1]
    .bss               zero     0x1fff3664    0x3c  main.o [1]
    .bss               zero     0x1fff36a0    0x3c  main.o [1]
    .bss               zero     0x1fff36dc     0x4  main.o [1]
    .bss               zero     0x1fff36e0     0x4  main.o [1]
    .bss               zero     0x1fff36e4     0x4  main.o [1]
    .bss               zero     0x1fff36e8     0x4  main.o [1]
    .bss               zero     0x1fff36ec     0x4  main.o [1]
    .bss               zero     0x1fff36f0     0x4  main.o [1]
    .bss               zero     0x1fff36f4     0x4  main.o [1]
    .bss               zero     0x1fff36f8     0x4  main.o [1]
    .bss               zero     0x1fff36fc     0x4  main.o [1]
    .bss               zero     0x1fff3700     0x4  main.o [1]
    .bss               zero     0x1fff3704     0x4  main.o [1]
    .bss               zero     0x1fff3708     0x4  main.o [1]
    .bss               zero     0x1fff370c     0x4  main.o [1]
    .bss               zero     0x1fff3710     0x4  main.o [1]
    .bss               zero     0x1fff3714     0x4  main.o [1]
    .bss               zero     0x1fff3718     0x4  main.o [1]
    .bss               zero     0x1fff371c     0x4  main.o [1]
    .bss               zero     0x1fff3720     0x4  main.o [1]
    .bss               zero     0x1fff3724     0x4  main.o [1]
    .bss               zero     0x1fff3728     0x4  main.o [1]
    .bss               zero     0x1fff372c     0x4  main.o [1]
    .bss               zero     0x1fff3730     0x4  main.o [1]
    .bss               zero     0x1fff3734     0x4  main.o [1]
    .bss               zero     0x1fff3738     0x4  main.o [1]
    .bss               zero     0x1fff373c     0x4  main.o [1]
    .bss               zero     0x1fff3740     0x4  main.o [1]
    .bss               zero     0x1fff3744     0x4  system_MK60DZ10.o [1]
    .bss               zero     0x1fff3748     0x4  system_MK60DZ10.o [1]
    .bss               zero     0x1fff374c     0x4  system_MK60DZ10.o [1]
    .bss               zero     0x1fff3750    0x50  xfiles.o [3]
    .bss               zero     0x1fff37a0     0x1  main.o [1]
    .bss               zero     0x1fff37a1     0x1  main.o [1]
    .bss               zero     0x1fff37a2     0x1  main.o [1]
                              - 0x1fff37a3  0x2957

"P2", part 3 of 3:                            0x50
  P2 s0                         0x1fff37a4    0x50  <Init block>
    __DLIB_PERTHREAD   inited   0x1fff37a4    0x50  localeconv.o [3]
                              - 0x1fff37f4    0x50


*******************************************************************************
*** INIT TABLE
***

          Address     Size
          -------     ----
Zero (__iar_zero_init3)
    1 destination range, total size 0x2957:
          0x1fff0e4c  0x2957



*******************************************************************************
*** MODULE SUMMARY
***

    Module               ro code  rw code  ro data  rw data
    ------               -------  -------  -------  -------
G:\比赛\2014飞思卡尔\程序\YZ6_9\Prj\IAR\DZ10_Debug\Obj: [1]
    FIRE_LED.o                80                 4        4
    FIRE_MK60_conf.o         280             1 948    1 800
    FIRE_OV7725_Eagle.o      564               277      106
    FIRE_SCCB.o              866
    FIRE_key.o               156                11        8
    MK60_DWT.o               120
    MK60_PIT.o               124                52
    MK60_adc.o               696                60        8
    MK60_dma.o               600                52
    MK60_flash.o                      352      408
    MK60_ftm.o             1 260                64       12
    MK60_gpio.o              412                76       20
    MK60_mcg.o               988       80      152       72
    MK60_port.o              176                20       20
    MK60_uart.o              580                80       24
    MK60_wdog.o               64
    main.o                 4 048                47   10 524
    misc.o                    80                48
    startup_MK60DZ10.o         8
    system_MK60DZ10.o        292                         12
    vectors.o                                1 040
    -------------------------------------------------------
    Total:                11 394      432    4 339   12 610

command line: [2]
    -------------------------------------------------------
    Total:

dl7M_tlf.a: [3]
    div.o                     14
    exit.o                     4
    localeconv.o             108                80       80
    low_level_init.o           4
    printf.o                  36
    putchar.o                 12
    xfiles.o                                    67      144
    xprintffull_nomb.o     3 334
    xprout.o                  22
    xtls.o                     2
    -------------------------------------------------------
    Total:                 3 536               147      224

m7M_tl.a: [4]
    DblAdd.o                 232
    DblCmpGe.o                46
    DblCmpLe.o                46
    DblDiv.o                 582
    DblMul.o                 418
    DblSub.o                 384
    DblToFlt.o               144
    DblToI32.o                88
    FltAdd.o                 132
    FltCmpGe.o                36
    FltCmpLe.o                36
    FltDiv.o                 252
    FltMul.o                 216
    FltSub.o                 230
    FltToDbl.o                78
    FltToS32.o                68
    I32ToDbl.o                48
    I32ToFlt.o                50
    xdnorm.o                  68
    xdscale.o                282
    -------------------------------------------------------
    Total:                 3 436

rt7M_tl.a: [5]
    ABImemcpy.o              118
    I64DivMod.o              238
    I64DivZer.o                2
    XXexit.o                  12
    bwt_init3c.o
    cexit.o                   10
    cmain.o                   22
    cstartup_M.o              12
    data_init3.o              44
    memchr.o                  88
    strchr.o                  22
    strlen.o                  54
    zero_init3.o              34
    -------------------------------------------------------
    Total:                   656

    Gaps                      32                          9
    Linker created            24        8       24
-----------------------------------------------------------
    Grand Total:          19 078      440    4 510   12 843


*******************************************************************************
*** ENTRY LIST
***

Entry                      Address    Size  Type      Object
-----                      -------    ----  ----      ------
.bss$$Base              0x1fff0e4c           --   Gb  - Linker created -
.bss$$Limit             0x1fff37a3           --   Gb  - Linker created -
.data$$Base             0x1fff0410           --   Gb  - Linker created -
.data$$Limit            0x1fff0c94           --   Gb  - Linker created -
.data_init$$Base        0x000048bc           --   Gb  - Linker created -
.data_init$$Limit       0x00005140           --   Gb  - Linker created -
?main                   0x00005b3d          Code  Gb  cmain.o [5]
ADCN                    0x1fff0b90     0x8  Data  Gb  MK60_adc.o [1]
AD_az                   0x1fff371c     0x4  Data  Lc  main.o [1]
AD_az_max               0x1fff3704     0x4  Data  Lc  main.o [1]
AD_az_min               0x1fff3708     0x4  Data  Lc  main.o [1]
AD_az_totle             0x1fff3714     0x4  Data  Lc  main.o [1]
AD_gy                   0x1fff3720     0x4  Data  Lc  main.o [1]
AD_gy_max               0x1fff370c     0x4  Data  Lc  main.o [1]
AD_gy_min               0x1fff3710     0x4  Data  Lc  main.o [1]
AD_gy_totle             0x1fff3718     0x4  Data  Lc  main.o [1]
AD_init                 0x000004b3    0x10  Code  Gb  main.o [1]
ASSERT_FAILED_STR       0x00005a50    0x24  Data  Gb  FIRE_MK60_conf.o [1]
AngleControl            0x00000da1    0x3c  Code  Gb  main.o [1]
Angle_AG                0x1fff36ec     0x4  Data  Gb  main.o [1]
Angle_Control_D         0x1fff0c44     0x4  Data  Lc  main.o [1]
Angle_Control_P         0x1fff0c40     0x4  Data  Lc  main.o [1]
Angle_G                 0x1fff36e8     0x4  Data  Gb  main.o [1]
Angle_GG                0x1fff36f0     0x4  Data  Gb  main.o [1]
Angle_Z                 0x1fff36e4     0x4  Data  Gb  main.o [1]
Buffer                  0x1fff2368  0x12c0  Data  Gb  main.o [1]
C_Gyro_y                0x1fff0c30     0x4  Data  Gb  main.o [1]
C_Z                     0x1fff0c2c     0x4  Data  Gb  main.o [1]
CodeRelocate$$Base      0x00005524           --   Gb  - Linker created -
CodeRelocate$$Limit     0x000056dc           --   Gb  - Linker created -
CodeRelocateRam$$Base   0x1fff0c94           --   Gb  - Linker created -
CodeRelocateRam$$Limit  0x1fff0e4c           --   Gb  - Linker created -
DIR_CONTROL_P           0x1fff0c4c     0x4  Data  Lc  main.o [1]
DMA0_IRQHandler         0x000013e1     0x8  Code  Gb  main.o [1]
DirectionControl        0x0000105d    0xae  Code  Gb  main.o [1]
FTMN                    0x1fff0b98     0xc  Data  Gb  MK60_ftm.o [1]
FTM_PWM_Duty            0x00001ad5    0xe4  Code  Gb  MK60_ftm.o [1]
FTM_PWM_init            0x0000183d   0x298  Code  Gb  MK60_ftm.o [1]
FTM_QUAD_Init           0x00001bb9   0x106  Code  Gb  MK60_ftm.o [1]
FTM_QUAD_clean          0x00001ceb    0x28  Code  Gb  MK60_ftm.o [1]
FTM_QUAD_get            0x00001cbf    0x2c  Code  Gb  MK60_ftm.o [1]
FTM_init                0x000004e3    0x30  Code  Gb  main.o [1]
GPIOX                   0x1fff0ba4    0x14  Data  Gb  MK60_gpio.o [1]
IO_init                 0x0000047d    0x36  Code  Gb  main.o [1]
KEY_PTxn                0x1fff0b88     0x8  Data  Gb  FIRE_key.o [1]
LED_PTxn                0x1fff0410     0x4  Data  Gb  FIRE_LED.o [1]
Line_Center             0x1fff36a0    0x3c  Data  Gb  main.o [1]
Line_Left               0x1fff3664    0x3c  Data  Gb  main.o [1]
Line_Right              0x1fff3628    0x3c  Data  Gb  main.o [1]
M_PACNT_left            0x1fff373c     0x4  Data  Gb  main.o [1]
M_PACNT_right           0x1fff3740     0x4  Data  Gb  main.o [1]
MotoL                   0x0000057d    0x4e  Code  Gb  main.o [1]
MotoR                   0x0000052f    0x4e  Code  Gb  main.o [1]
MotorOutput             0x00000f21    0x4c  Code  Gb  main.o [1]
MotorSpeedOut           0x00000ddd   0x13c  Code  Gb  main.o [1]
NVIC_DisableIRQ         0x000025ad    0x18  Code  Lc  FIRE_OV7725_Eagle.o [1]
NVIC_EnableIRQ          0x00002595    0x18  Code  Lc  FIRE_OV7725_Eagle.o [1]
NVIC_EnableIRQ          0x0000043d    0x1a  Code  Lc  main.o [1]
NVIC_SetPriority        0x00000457    0x26  Code  Lc  main.o [1]
NVIC_SetPriorityGrouping
                        0x00000419    0x24  Code  Lc  main.o [1]
NVIC_SystemReset        0x00002941    0x1a  Code  Lc  FIRE_MK60_conf.o [1]
PACNT_flag              0x1fff37a1     0x1  Data  Gb  main.o [1]
PIT0_IRQHandler         0x00001209    0xc4  Code  Gb  main.o [1]
PIT_flag0               0x1fff37a2     0x1  Data  Gb  main.o [1]
PORTA_IRQHandler        0x000012cd    0x22  Code  Gb  main.o [1]
PORTX                   0x1fff0c00    0x14  Data  Gb  MK60_port.o [1]
PWM_init                0x000004c3    0x20  Code  Gb  main.o [1]
R_Gyro                  0x1fff0c3c     0x4  Data  Gb  main.o [1]
R_Z                     0x1fff0c38     0x4  Data  Gb  main.o [1]
Region$$Table$$Base     0x00005abc           --   Gb  - Linker created -
Region$$Table$$Limit    0x00005acc           --   Gb  - Linker created -
Reset_Handler           0x00000411          Code  Gb  startup_MK60DZ10.o [1]
SCCB_Ack                0x00002f05    0x3c  Code  Lc  FIRE_SCCB.o [1]
SCCB_GPIO_init          0x00002e4b    0x28  Code  Gb  FIRE_SCCB.o [1]
SCCB_NoAck              0x00002f41    0x3c  Code  Lc  FIRE_SCCB.o [1]
SCCB_ReadByte           0x000030e1    0x2c  Code  Gb  FIRE_SCCB.o [1]
SCCB_ReadByte_one       0x0000310d    0x86  Code  Lc  FIRE_SCCB.o [1]
SCCB_ReceiveByte        0x0000300d    0x54  Code  Lc  FIRE_SCCB.o [1]
SCCB_SendByte           0x00002fc9    0x44  Code  Lc  FIRE_SCCB.o [1]
SCCB_Start              0x00002e73    0x5e  Code  Lc  FIRE_SCCB.o [1]
SCCB_Stop               0x00002ed1    0x34  Code  Lc  FIRE_SCCB.o [1]
SCCB_WaitAck            0x00002f7d    0x4c  Code  Lc  FIRE_SCCB.o [1]
SCCB_WriteByte          0x00003071    0x28  Code  Gb  FIRE_SCCB.o [1]
SCCB_WriteByte_one      0x00003099    0x48  Code  Lc  FIRE_SCCB.o [1]
SCCB_delay              0x00002e31    0x1a  Code  Lc  FIRE_SCCB.o [1]
SpeedControl            0x00000f71    0xa4  Code  Gb  main.o [1]
SpeedControlOutput      0x00001015    0x3c  Code  Gb  main.o [1]
Speed_control_I         0x1fff3724     0x4  Data  Lc  main.o [1]
Speed_control_P         0x1fff0c48     0x4  Data  Lc  main.o [1]
T_Z                     0x1fff0c34     0x4  Data  Gb  main.o [1]
UARTN                   0x1fff0c14    0x18  Data  Gb  MK60_uart.o [1]
_GenldFullNoMb          0x00003bf9   0x258  Code  Lc  xprintffull_nomb.o [3]
_LdtobFullNoMb          0x000037e9   0x400  Code  Lc  xprintffull_nomb.o [3]
_LitobFullNoMb          0x000036c3   0x126  Code  Lc  xprintffull_nomb.o [3]
_Locale_lconv           0x1fff37a4    0x50  Data  Gb  localeconv.o [3]
_PrintfFullNoMb         0x00003195   0x52e  Code  Gb  xprintffull_nomb.o [3]
_Prout                  0x00005b75    0x16  Code  Gb  xprout.o [3]
_PutcharsFullNoMb       0x00003e51    0x2e  Code  Lc  xprintffull_nomb.o [3]
__BOOT_STACK_ADDRESS {Abs}
                        0x2000fff8           --   Gb  command line/config [2]
__VECTOR_RAM {Abs}      0x1fff0000           --   Gb  command line/config [2]
__VECTOR_TABLE {Abs}    0x00000000           --   Gb  command line/config [2]
__aeabi_cdcmple         0x00004421          Code  Gb  DblCmpLe.o [4]
__aeabi_cdrcmple        0x00004451          Code  Gb  DblCmpGe.o [4]
__aeabi_cfcmple         0x000024fd          Code  Gb  FltCmpLe.o [4]
__aeabi_cfrcmple        0x000024d9          Code  Gb  FltCmpGe.o [4]
__aeabi_d2f             0x00002449          Code  Gb  DblToFlt.o [4]
__aeabi_d2iz            0x0000459d          Code  Gb  DblToI32.o [4]
__aeabi_d2uiz           0x000045c9          Code  Gb  DblToI32.o [4]
__aeabi_dadd            0x00002361          Code  Gb  DblAdd.o [4]
__aeabi_ddiv            0x000045f5          Code  Gb  DblDiv.o [4]
__aeabi_dmul            0x000021bd          Code  Gb  DblMul.o [4]
__aeabi_dsub            0x00002a59          Code  Gb  DblSub.o [4]
__aeabi_f2d             0x00001fed          Code  Gb  FltToDbl.o [4]
__aeabi_f2iz            0x00002521          Code  Gb  FltToS32.o [4]
__aeabi_fadd            0x00002139          Code  Gb  FltAdd.o [4]
__aeabi_fdiv            0x0000203d          Code  Gb  FltDiv.o [4]
__aeabi_fmul            0x00001f15          Code  Gb  FltMul.o [4]
__aeabi_fsub            0x00001e2d          Code  Gb  FltSub.o [4]
__aeabi_i2d             0x00002565          Code  Gb  I32ToDbl.o [4]
__aeabi_i2f             0x00001dd9          Code  Gb  I32ToFlt.o [4]
__aeabi_ldiv0           0x000048b9          Code  Gb  I64DivZer.o [5]
__aeabi_memcpy          0x00004365          Code  Gb  ABImemcpy.o [5]
__aeabi_memcpy4         0x00004385          Code  Gb  ABImemcpy.o [5]
__aeabi_memcpy8         0x00004385          Code  Gb  ABImemcpy.o [5]
__aeabi_ui2d            0x00002579          Code  Gb  I32ToDbl.o [4]
__aeabi_ui2f            0x00001ded          Code  Gb  I32ToFlt.o [4]
__aeabi_uldivmod        0x00004275          Code  Gb  I64DivMod.o [5]
__cmain                 0x00005b3d          Code  Gb  cmain.o [5]
__code_start__ {Abs}    0x00000410           --   Gb  command line/config [2]
__exit                  0x00005b69          Code  Gb  XXexit.o [5]
__iar_Dnorm             0x000043db    0x44  Code  Gb  xdnorm.o [4]
__iar_Dscale            0x00004481   0x106  Code  Gb  xdscale.o [4]
__iar_Locale_lconv_init
                        0x0000483d    0x3a  Code  Gb  localeconv.o [3]
__iar_Memchr            0x0000421d          Code  Gb  memchr.o [5]
__iar_SB                0x00005bd4          Data  Gb  bwt_init3c.o [5]
__iar_Stdout            0x1fff0c54    0x40  Data  Gb  xfiles.o [3]
__iar_Strchr            0x000041cd          Code  Gb  strchr.o [5]
__iar_d2uiz             0x000045d5          Code  Gb  DblToI32.o [4]
__iar_dadd              0x00002375          Code  Gb  DblAdd.o [4]
__iar_data_init3        0x00005a25    0x2c  Code  Gb  data_init3.o [5]
__iar_default_requirements$$_Printf<unknown>printf {Abs}
                        0x00000000           --   Gb  printf.o [3]
__iar_dlib_perthread_access
                        0x000048bb     0x2  Code  Gb  xtls.o [3]
__iar_dsub              0x00002a6d          Code  Gb  DblSub.o [4]
__iar_dsubStart         0x00002a7f          Code  Gb  DblSub.o [4]
__iar_fadd              0x00002149          Code  Gb  FltAdd.o [4]
__iar_fsub              0x00001e3d          Code  Gb  FltSub.o [4]
__iar_fsubStart         0x00001e4d          Code  Gb  FltSub.o [4]
__iar_program_start     0x00005bc1          Code  Gb  cstartup_M.o [5]
__iar_provide$$_Printf<flags,floats,hex_floats,int_specials,long_longs,n_formatters,qualifiers,widths>_PrintfFullNoMb {Abs}
                        0x00000000           --   Gb  xprintffull_nomb.o [3]
__iar_ui2d              0x0000257d          Code  Gb  I32ToDbl.o [4]
__iar_ui2f              0x00001df1          Code  Gb  I32ToFlt.o [4]
__iar_zero_init3        0x00001e0b    0x22  Code  Gb  zero_init3.o [5]
__low_level_init        0x00005b53     0x4  Code  Gb  low_level_init.o [3]
__vector_table          0x00000000   0x410  Data  Gb  vectors.o [1]
_call_main              0x00005b49          Code  Gb  cmain.o [5]
_exit                   0x00005b5d          Code  Gb  cexit.o [5]
_main                   0x00005b4f          Code  Gb  cmain.o [5]
adc_init                0x00001585   0x20e  Code  Gb  MK60_adc.o [1]
adc_once                0x00001793    0x50  Code  Gb  MK60_adc.o [1]
adc_start               0x000017e3    0x44  Code  Lc  MK60_adc.o [1]
angle_calculate         0x00000cc1    0xe0  Code  Gb  main.o [1]
assert_failed           0x0000295b    0x12  Code  Gb  FIRE_MK60_conf.o [1]
bigger                  0x00000521     0xe  Code  Gb  main.o [1]
black_Limit             0x1fff0c50     0x1  Data  Gb  main.o [1]
bus_clk_khz             0x1fff374c     0x4  Data  Gb  system_MK60DZ10.o [1]
common_startup          0x00005731    0x98  Code  Gb  system_MK60DZ10.o [1]
core_clk_khz            0x1fff3744     0x4  Data  Gb  system_MK60DZ10.o [1]
core_clk_mhz            0x1fff3748     0x4  Data  Gb  system_MK60DZ10.o [1]
default_isr             0x00002a1b    0x1c  Code  Gb  FIRE_MK60_conf.o [1]
div                     0x000048a9     0xe  Code  Gb  div.o [3]
dma_portx2buff_init     0x00002bd9   0x258  Code  Gb  MK60_dma.o [1]
dwt_delay_ms            0x00002879    0x18  Code  Gb  MK60_DWT.o [1]
dwt_delay_us            0x00002819    0x4e  Code  Gb  MK60_DWT.o [1]
exit                    0x00005b57     0x4  Code  Gb  exit.o [3]
find_edge_black         0x000006e5   0x480  Code  Gb  main.o [1]
flash_cmd               0x1fff0c9d    0x20  Code  Gb  MK60_flash.o [1]
flash_erase_sector      0x1fff0ce5    0x58  Code  Gb  MK60_flash.o [1]
flash_init              0x1fff0cbd    0x28  Code  Gb  MK60_flash.o [1]
flash_write             0x1fff0d3d    0x90  Code  Gb  MK60_flash.o [1]
fputc                   0x0000296d    0x14  Code  Gb  FIRE_MK60_conf.o [1]
g_fAngleControlOut      0x1fff3728     0x4  Data  Lc  main.o [1]
g_fCarSpeed             0x1fff36f4     0x4  Data  Gb  main.o [1]
g_fDirectionControlOut  0x1fff3738     0x4  Data  Lc  main.o [1]
g_fLeftMotorOut         0x1fff372c     0x4  Data  Lc  main.o [1]
g_fRightMotorOut        0x1fff3730     0x4  Data  Lc  main.o [1]
g_fSpeedControlIntegral
                        0x1fff36f8     0x4  Data  Gb  main.o [1]
g_fSpeedControlOut      0x1fff3734     0x4  Data  Lc  main.o [1]
g_fSpeedControlOutNew   0x1fff3700     0x4  Data  Gb  main.o [1]
g_fSpeedControlOutOld   0x1fff36fc     0x4  Data  Gb  main.o [1]
g_nSpeedControlCount    0x1fff36e0     0x4  Data  Gb  main.o [1]
g_nSpeedControlPeriod   0x1fff36dc     0x4  Data  Gb  main.o [1]
gpio_get                0x00001541    0x3a  Code  Gb  MK60_gpio.o [1]
gpio_init               0x000013e9    0xae  Code  Gb  MK60_gpio.o [1]
gpio_set                0x00001497    0x72  Code  Gb  MK60_gpio.o [1]
gpio_turn               0x00001509    0x38  Code  Gb  MK60_gpio.o [1]
img                     0x1fff10a8  0x12c0  Data  Gb  main.o [1]
img_extract             0x00000657    0x8e  Code  Gb  main.o [1]
img_swop                0x000005cb    0x8c  Code  Gb  main.o [1]
imgbuff                 0x1fff0e50   0x258  Data  Gb  main.o [1]
key_check               0x0000414d    0x2a  Code  Gb  FIRE_key.o [1]
key_get                 0x00004133    0x1a  Code  Gb  FIRE_key.o [1]
key_init                0x000040e1    0x52  Code  Gb  FIRE_key.o [1]
led_init                0x0000417d    0x3a  Code  Gb  FIRE_LED.o [1]
led_turn                0x000041b7    0x10  Code  Gb  FIRE_LED.o [1]
localeconv              0x00004877    0x16  Code  Gb  localeconv.o [3]
main                    0x00001111    0xf0  Code  Gb  main.o [1]
mcg_cfg                 0x1fff0bb8    0x44  Data  Gb  MK60_mcg.o [1]
mcg_div                 0x1fff0bfc     0x4  Data  Gb  MK60_mcg.o [1]
mcg_div_count           0x00005149   0x30e  Code  Gb  MK60_mcg.o [1]
memchr                  0x0000421d          Code  Gb  memchr.o [5]
neardot                 0x1fff37a0     0x1  Data  Gb  main.o [1]
obuf                    0x1fff3750    0x50  Data  Lc  xfiles.o [3]
ov7725_eagle_cfgnum     0x1fff0b84     0x1  Data  Gb  FIRE_OV7725_Eagle.o [1]
ov7725_eagle_dma        0x00002675    0x14  Code  Gb  FIRE_OV7725_Eagle.o [1]
ov7725_eagle_get_img    0x00002689    0x42  Code  Gb  FIRE_OV7725_Eagle.o [1]
ov7725_eagle_img_buff   0x1fff0e4c     0x4  Data  Gb  FIRE_OV7725_Eagle.o [1]
ov7725_eagle_img_flag   0x1fff0b1c     0x1  Data  Gb  FIRE_OV7725_Eagle.o [1]
ov7725_eagle_init       0x000025c5    0x18  Code  Gb  FIRE_OV7725_Eagle.o [1]
ov7725_eagle_port_init  0x000025dd    0x54  Code  Lc  FIRE_OV7725_Eagle.o [1]
ov7725_eagle_reg        0x1fff0b20    0x64  Data  Gb  FIRE_OV7725_Eagle.o [1]
ov7725_eagle_reg_init   0x000026cb    0xb0  Code  Lc  FIRE_OV7725_Eagle.o [1]
ov7725_eagle_vsync      0x00002631    0x44  Code  Gb  FIRE_OV7725_Eagle.o [1]
pit_init                0x00002891    0x6c  Code  Gb  MK60_PIT.o [1]
pll_init                0x00005457    0xb2  Code  Gb  MK60_mcg.o [1]
port_init               0x00001d29    0x44  Code  Gb  MK60_port.o [1]
port_init_NoALT         0x00001d6d    0x62  Code  Gb  MK60_port.o [1]
printf                  0x0000290d    0x24  Code  Gb  printf.o [3]
putchar                 0x00005b8d     0xc  Code  Gb  putchar.o [3]
read_AD                 0x00000b65   0x15c  Code  Gb  main.o [1]
set_sys_dividers        0x1fff0dfd    0x50  Code  Gb  MK60_mcg.o [1]
set_vector_handler      0x000027eb    0x22  Code  Gb  misc.o [1]
smaller                 0x00000513     0xe  Code  Gb  main.o [1]
start                   0x000056dd    0x18  Code  Gb  system_MK60DZ10.o [1]
start_check             0x00002981    0x9a  Code  Gb  FIRE_MK60_conf.o [1]
strchr                  0x000041cd          Code  Gb  strchr.o [5]
strlen                  0x000041e5          Code  Gb  strlen.o [5]
sysinit                 0x000056f5    0x3c  Code  Gb  system_MK60DZ10.o [1]
uart_init               0x00003e9d   0x212  Code  Gb  MK60_uart.o [1]
uart_putchar            0x000040af    0x1a  Code  Gb  MK60_uart.o [1]
vector_str              0x1fff0414   0x708  Data  Gb  FIRE_MK60_conf.o [1]
wdog_disable            0x00005801    0x16  Code  Gb  MK60_wdog.o [1]
wdog_unlock             0x00005819    0x20  Code  Lc  MK60_wdog.o [1]
write_vtor              0x000027c9    0x22  Code  Gb  misc.o [1]


[1] = G:\比赛\2014飞思卡尔\程序\YZ6_9\Prj\IAR\DZ10_Debug\Obj
[2] = command line
[3] = dl7M_tlf.a
[4] = m7M_tl.a
[5] = rt7M_tl.a

  19 078 bytes of readonly  code memory
     440 bytes of readwrite code memory
   4 510 bytes of readonly  data memory
  12 843 bytes of readwrite data memory

Errors: none
Warnings: none
